Archive member included to satisfy reference by file (symbol)

/usr/lib/gcc/arm-none-eabi/10.3.1/thumb/v6-m/nofp/libgcc.a(_dvmd_tls.o)
                              CMakeFiles/RP2040matrix_64_BCM.dir/home/oxiin/pico/pico-sdk/src/rp2_common/pico_divider/divider.S.obj (__aeabi_idiv0)
/usr/lib/gcc/arm-none-eabi/10.3.1/../../../arm-none-eabi/lib/thumb/v6-m/nofp/libc.a(lib_a-atexit.o)
                              /usr/lib/gcc/arm-none-eabi/10.3.1/../../../arm-none-eabi/lib/thumb/v6-m/nofp/crt0.o (atexit)
/usr/lib/gcc/arm-none-eabi/10.3.1/../../../arm-none-eabi/lib/thumb/v6-m/nofp/libc.a(lib_a-calloc.o)
                              CMakeFiles/RP2040matrix_64_BCM.dir/home/oxiin/pico/pico-sdk/src/rp2_common/pico_malloc/pico_malloc.c.obj (calloc)
/usr/lib/gcc/arm-none-eabi/10.3.1/../../../arm-none-eabi/lib/thumb/v6-m/nofp/libc.a(lib_a-callocr.o)
                              /usr/lib/gcc/arm-none-eabi/10.3.1/../../../arm-none-eabi/lib/thumb/v6-m/nofp/libc.a(lib_a-calloc.o) (_calloc_r)
/usr/lib/gcc/arm-none-eabi/10.3.1/../../../arm-none-eabi/lib/thumb/v6-m/nofp/libc.a(lib_a-fini.o)
                              /usr/lib/gcc/arm-none-eabi/10.3.1/../../../arm-none-eabi/lib/thumb/v6-m/nofp/crt0.o (__libc_fini_array)
/usr/lib/gcc/arm-none-eabi/10.3.1/../../../arm-none-eabi/lib/thumb/v6-m/nofp/libc.a(lib_a-impure.o)
                              /usr/lib/gcc/arm-none-eabi/10.3.1/../../../arm-none-eabi/lib/thumb/v6-m/nofp/libc.a(lib_a-calloc.o) (_impure_ptr)
/usr/lib/gcc/arm-none-eabi/10.3.1/../../../arm-none-eabi/lib/thumb/v6-m/nofp/libc.a(lib_a-init.o)
                              /usr/lib/gcc/arm-none-eabi/10.3.1/../../../arm-none-eabi/lib/thumb/v6-m/nofp/crt0.o (__libc_init_array)
/usr/lib/gcc/arm-none-eabi/10.3.1/../../../arm-none-eabi/lib/thumb/v6-m/nofp/libc.a(lib_a-malloc.o)
                              CMakeFiles/RP2040matrix_64_BCM.dir/home/oxiin/pico/pico-sdk/src/rp2_common/pico_malloc/pico_malloc.c.obj (malloc)
/usr/lib/gcc/arm-none-eabi/10.3.1/../../../arm-none-eabi/lib/thumb/v6-m/nofp/libc.a(lib_a-mallocr.o)
                              /usr/lib/gcc/arm-none-eabi/10.3.1/../../../arm-none-eabi/lib/thumb/v6-m/nofp/libc.a(lib_a-callocr.o) (_malloc_r)
/usr/lib/gcc/arm-none-eabi/10.3.1/../../../arm-none-eabi/lib/thumb/v6-m/nofp/libc.a(lib_a-mlock.o)
                              /usr/lib/gcc/arm-none-eabi/10.3.1/../../../arm-none-eabi/lib/thumb/v6-m/nofp/libc.a(lib_a-mallocr.o) (__malloc_lock)
/usr/lib/gcc/arm-none-eabi/10.3.1/../../../arm-none-eabi/lib/thumb/v6-m/nofp/libc.a(lib_a-random.o)
                              CMakeFiles/RP2040matrix_64_BCM.dir/gol.c.obj (random)
/usr/lib/gcc/arm-none-eabi/10.3.1/../../../arm-none-eabi/lib/thumb/v6-m/nofp/libc.a(lib_a-realloc.o)
                              CMakeFiles/RP2040matrix_64_BCM.dir/home/oxiin/pico/pico-sdk/src/rp2_common/pico_malloc/pico_malloc.c.obj (realloc)
/usr/lib/gcc/arm-none-eabi/10.3.1/../../../arm-none-eabi/lib/thumb/v6-m/nofp/libc.a(lib_a-reallocr.o)
                              /usr/lib/gcc/arm-none-eabi/10.3.1/../../../arm-none-eabi/lib/thumb/v6-m/nofp/libc.a(lib_a-realloc.o) (_realloc_r)
/usr/lib/gcc/arm-none-eabi/10.3.1/../../../arm-none-eabi/lib/thumb/v6-m/nofp/libc.a(lib_a-sbrkr.o)
                              /usr/lib/gcc/arm-none-eabi/10.3.1/../../../arm-none-eabi/lib/thumb/v6-m/nofp/libc.a(lib_a-mallocr.o) (_sbrk_r)
/usr/lib/gcc/arm-none-eabi/10.3.1/../../../arm-none-eabi/lib/thumb/v6-m/nofp/libc.a(lib_a-seed48.o)
                              CMakeFiles/RP2040matrix_64_BCM.dir/gol.c.obj (seed48)
/usr/lib/gcc/arm-none-eabi/10.3.1/../../../arm-none-eabi/lib/thumb/v6-m/nofp/libc.a(lib_a-strlen-stub.o)
                              CMakeFiles/RP2040matrix_64_BCM.dir/home/oxiin/pico/pico-sdk/src/rp2_common/pico_stdio/stdio.c.obj (strlen)
/usr/lib/gcc/arm-none-eabi/10.3.1/../../../arm-none-eabi/lib/thumb/v6-m/nofp/libc.a(lib_a-__atexit.o)
                              /usr/lib/gcc/arm-none-eabi/10.3.1/../../../arm-none-eabi/lib/thumb/v6-m/nofp/libc.a(lib_a-atexit.o) (__register_exitproc)
/usr/lib/gcc/arm-none-eabi/10.3.1/../../../arm-none-eabi/lib/thumb/v6-m/nofp/libc.a(lib_a-freer.o)
                              /usr/lib/gcc/arm-none-eabi/10.3.1/../../../arm-none-eabi/lib/thumb/v6-m/nofp/libc.a(lib_a-malloc.o) (_free_r)
/usr/lib/gcc/arm-none-eabi/10.3.1/../../../arm-none-eabi/lib/thumb/v6-m/nofp/libc.a(lib_a-memmove.o)
                              /usr/lib/gcc/arm-none-eabi/10.3.1/../../../arm-none-eabi/lib/thumb/v6-m/nofp/libc.a(lib_a-reallocr.o) (memmove)
/usr/lib/gcc/arm-none-eabi/10.3.1/../../../arm-none-eabi/lib/thumb/v6-m/nofp/libc.a(lib_a-reent.o)
                              /usr/lib/gcc/arm-none-eabi/10.3.1/../../../arm-none-eabi/lib/thumb/v6-m/nofp/libc.a(lib_a-sbrkr.o) (errno)

Discarded input sections

 .text          0x0000000000000000        0x0 /usr/lib/gcc/arm-none-eabi/10.3.1/thumb/v6-m/nofp/crti.o
 .data          0x0000000000000000        0x0 /usr/lib/gcc/arm-none-eabi/10.3.1/thumb/v6-m/nofp/crti.o
[...]
Memory Configuration

Name             Origin             Length             Attributes
FLASH            0x0000000010000000 0x0000000000200000 xr
RAM              0x0000000020000000 0x0000000000040000 xrw
SCRATCH_X        0x0000000020040000 0x0000000000001000 xrw
SCRATCH_Y        0x0000000020041000 0x0000000000001000 xrw
*default*        0x0000000000000000 0xffffffffffffffff

Linker script and memory map

LOAD /usr/lib/gcc/arm-none-eabi/10.3.1/thumb/v6-m/nofp/crti.o
LOAD /usr/lib/gcc/arm-none-eabi/10.3.1/thumb/v6-m/nofp/crtbegin.o
LOAD /usr/lib/gcc/arm-none-eabi/10.3.1/../../../arm-none-eabi/lib/thumb/v6-m/nofp/crt0.o

.flash_begin    0x0000000010000000        0x0
                0x0000000010000000                __flash_binary_start = .

.boot2          0x0000000010000000      0x100
                0x0000000010000000                __boot2_start__ = .
 *(.boot2)
 .boot2         0x0000000010000000      0x100 /tmp/cc3acvqz.o
                0x0000000010000100                __boot2_end__ = .
                0x0000000000000001                ASSERT (((__boot2_end__ - __boot2_start__) == 0x100), ERROR: Pico second stage bootloader must be 256 bytes in size)

.text           0x0000000010000100     0xb178
                0x0000000010000100                __logical_binary_start = .
 *(.vectors)
 .vectors       0x0000000010000100       0xd4 CMakeFiles/RP2040matrix_64_BCM.dir/home/oxiin/pico/pico-sdk/src/rp2_common/pico_standard_link/crt0.S.obj
                0x0000000010000100                __vectors
                0x0000000010000100                __VECTOR_TABLE
                0x00000000100001c0                isr_invalid
                0x00000000100001c0                __default_isrs_start
                0x00000000100001c2                isr_nmi
                0x00000000100001c4                isr_hardfault
                0x00000000100001cc                isr_irq30
                0x00000000100001cc                __unhandled_user_irq
                0x00000000100001cc                isr_irq13
                0x00000000100001cc                isr_irq27
                0x00000000100001cc                isr_irq31
                0x00000000100001cc                isr_irq5
                0x00000000100001cc                isr_irq11
                0x00000000100001cc                isr_irq23
                0x00000000100001cc                isr_irq18
                0x00000000100001cc                isr_irq28
                0x00000000100001cc                isr_irq19
                0x00000000100001cc                isr_irq0
                0x00000000100001cc                isr_irq6
                0x00000000100001cc                isr_irq22
                0x00000000100001cc                isr_irq17
                0x00000000100001cc                isr_irq14
                0x00000000100001cc                isr_irq2
                0x00000000100001cc                isr_irq10
                0x00000000100001cc                isr_irq8
                0x00000000100001cc                isr_irq24
                0x00000000100001cc                isr_irq1
                0x00000000100001cc                isr_irq7
                0x00000000100001cc                isr_irq21
                0x00000000100001cc                isr_irq20
                0x00000000100001cc                isr_irq15
                0x00000000100001cc                isr_irq25
                0x00000000100001cc                isr_irq4
                0x00000000100001cc                isr_irq16
                0x00000000100001cc                isr_irq29
                0x00000000100001cc                isr_irq26
                0x00000000100001cc                __default_isrs_end
                0x00000000100001cc                isr_irq3
                0x00000000100001cc                isr_irq12
                0x00000000100001cc                isr_irq9
                0x00000000100001d2                unhandled_user_irq_num_in_r0
 *(.binary_info_header)
 .binary_info_header
                0x00000000100001d4       0x14 CMakeFiles/RP2040matrix_64_BCM.dir/home/oxiin/pico/pico-sdk/src/rp2_common/pico_standard_link/crt0.S.obj
                0x00000000100001e8                __binary_info_header_end = .
 *(.reset)
 .reset         0x00000000100001e8       0xa8 CMakeFiles/RP2040matrix_64_BCM.dir/home/oxiin/pico/pico-sdk/src/rp2_common/pico_standard_link/crt0.S.obj
                0x00000000100001e8                _entry_point
                0x0000000010000266                __get_current_exception
 .reset         0x0000000010000290       0x30 CMakeFiles/RP2040matrix_64_BCM.dir/home/oxiin/pico/pico-sdk/src/rp2_common/pico_standard_link/binary_info.c.obj
 *(.init)
 .init          0x00000000100002c0        0x4 /usr/lib/gcc/arm-none-eabi/10.3.1/thumb/v6-m/nofp/crti.o
                0x00000000100002c0                _init
 *(EXCLUDE_FILE(*libm.a: *libc.a:*lib_a-mem*.o *libgcc.a:) .text*)
 .text          0x00000000100002c4       0x98 /usr/lib/gcc/arm-none-eabi/10.3.1/thumb/v6-m/nofp/crtbegin.o
 .text.pongTask
                0x000000001000035c       0x50 CMakeFiles/RP2040matrix_64_BCM.dir/RP2040matrixDemo.c.obj
                0x000000001000035c                pongTask
 .text.app_main
                0x00000000100003ac       0xec CMakeFiles/RP2040matrix_64_BCM.dir/RP2040matrixDemo.c.obj
                0x00000000100003ac                app_main
 .text.startup.main
                0x0000000010000498       0x3c CMakeFiles/RP2040matrix_64_BCM.dir/RP2040matrixDemo.c.obj
                0x0000000010000498                main
 .text.dma_hub75_handler
                0x00000000100004d4       0x90 CMakeFiles/RP2040matrix_64_BCM.dir/hub75_BCM.c.obj
 .text.hub75_config
                0x0000000010000564      0x51c CMakeFiles/RP2040matrix_64_BCM.dir/hub75_BCM.c.obj
                0x0000000010000564                hub75_config
 .text.hub75_set_masterbrightness
                0x0000000010000a80       0x18 CMakeFiles/RP2040matrix_64_BCM.dir/hub75_BCM.c.obj
                0x0000000010000a80                hub75_set_masterbrightness
 .text.hub75_set_overlaycolor
                0x0000000010000a98       0x14 CMakeFiles/RP2040matrix_64_BCM.dir/hub75_BCM.c.obj
                0x0000000010000a98                hub75_set_overlaycolor
 .text.hub75_update
                0x0000000010000aac      0x2f4 CMakeFiles/RP2040matrix_64_BCM.dir/hub75_BCM.c.obj
                0x0000000010000aac                hub75_update
 .text.move_paddle
                0x0000000010000da0      0x17c CMakeFiles/RP2040matrix_64_BCM.dir/pong.c.obj
 .text.initPongGame
                0x0000000010000f1c      0x118 CMakeFiles/RP2040matrix_64_BCM.dir/pong.c.obj
                0x0000000010000f1c                initPongGame
 .text.playPongGame
                0x0000000010001034      0x2f0 CMakeFiles/RP2040matrix_64_BCM.dir/pong.c.obj
                0x0000000010001034                playPongGame
 .text.LEDmx_task
                0x0000000010001324       0x38 CMakeFiles/RP2040matrix_64_BCM.dir/LEDmx.c.obj
 .text.LEDmx_DrawPixel.part.0
                0x000000001000135c       0x6c CMakeFiles/RP2040matrix_64_BCM.dir/LEDmx.c.obj
 .text.LEDmx_start
                0x00000000100013c8       0x48 CMakeFiles/RP2040matrix_64_BCM.dir/LEDmx.c.obj
                0x00000000100013c8                LEDmx_start
 .text.LEDmx_getFlushSemaphore
                0x0000000010001410       0x14 CMakeFiles/RP2040matrix_64_BCM.dir/LEDmx.c.obj
                0x0000000010001410                LEDmx_getFlushSemaphore
 .text.LEDmx_putFlushSemaphore
                0x0000000010001424       0x18 CMakeFiles/RP2040matrix_64_BCM.dir/LEDmx.c.obj
                0x0000000010001424                LEDmx_putFlushSemaphore
 .text.LEDmx_SetPixel
                0x000000001000143c       0x14 CMakeFiles/RP2040matrix_64_BCM.dir/LEDmx.c.obj
                0x000000001000143c                LEDmx_SetPixel
 .text.LEDmx_SetMasterBrightness
                0x0000000010001450        0x8 CMakeFiles/RP2040matrix_64_BCM.dir/LEDmx.c.obj
                0x0000000010001450                LEDmx_SetMasterBrightness
 .text.LEDmx_DrawLine
                0x0000000010001458      0x1e0 CMakeFiles/RP2040matrix_64_BCM.dir/LEDmx.c.obj
                0x0000000010001458                LEDmx_DrawLine
 .text.LEDmx_Rect
                0x0000000010001638      0x210 CMakeFiles/RP2040matrix_64_BCM.dir/LEDmx.c.obj
                0x0000000010001638                LEDmx_Rect
 .text.LEDmx_ClearScreen
                0x0000000010001848       0x48 CMakeFiles/RP2040matrix_64_BCM.dir/LEDmx.c.obj
                0x0000000010001848                LEDmx_ClearScreen
 .text.LEDmx_ClearOverlay
                0x0000000010001890       0x14 CMakeFiles/RP2040matrix_64_BCM.dir/LEDmx.c.obj
                0x0000000010001890                LEDmx_ClearOverlay
 .text.LEDmx_SetOverlayPixel
                0x00000000100018a4       0x1c CMakeFiles/RP2040matrix_64_BCM.dir/LEDmx.c.obj
                0x00000000100018a4                LEDmx_SetOverlayPixel
 .text.LEDmx_SetOverlayColor
                0x00000000100018c0        0x8 CMakeFiles/RP2040matrix_64_BCM.dir/LEDmx.c.obj
                0x00000000100018c0                LEDmx_SetOverlayColor
 .text.pio_sm_unclaim
                0x00000000100018c8       0x20 CMakeFiles/RP2040matrix_64_BCM.dir/home/oxiin/pico/pico-sdk/src/rp2_common/hardware_pio/pio.c.obj
                0x00000000100018c8                pio_sm_unclaim
 .text.pio_claim_unused_sm
                0x00000000100018e8       0x3c CMakeFiles/RP2040matrix_64_BCM.dir/home/oxiin/pico/pico-sdk/src/rp2_common/hardware_pio/pio.c.obj
                0x00000000100018e8                pio_claim_unused_sm
 .text.pio_sm_is_claimed
                0x0000000010001924       0x20 CMakeFiles/RP2040matrix_64_BCM.dir/home/oxiin/pico/pico-sdk/src/rp2_common/hardware_pio/pio.c.obj
                0x0000000010001924                pio_sm_is_claimed
 .text.pio_add_program
                0x0000000010001944       0xc8 CMakeFiles/RP2040matrix_64_BCM.dir/home/oxiin/pico/pico-sdk/src/rp2_common/hardware_pio/pio.c.obj
                0x0000000010001944                pio_add_program
 .text.pio_clear_instruction_memory
                0x0000000010001a0c       0x38 CMakeFiles/RP2040matrix_64_BCM.dir/home/oxiin/pico/pico-sdk/src/rp2_common/hardware_pio/pio.c.obj
                0x0000000010001a0c                pio_clear_instruction_memory
 .text.pio_sm_set_consecutive_pindirs
                0x0000000010001a44       0x84 CMakeFiles/RP2040matrix_64_BCM.dir/home/oxiin/pico/pico-sdk/src/rp2_common/hardware_pio/pio.c.obj
                0x0000000010001a44                pio_sm_set_consecutive_pindirs
 .text.pio_sm_init
                0x0000000010001ac8       0x90 CMakeFiles/RP2040matrix_64_BCM.dir/home/oxiin/pico/pico-sdk/src/rp2_common/hardware_pio/pio.c.obj
                0x0000000010001ac8                pio_sm_init
 .text.hw_claim_lock
                0x0000000010001b58       0x18 CMakeFiles/RP2040matrix_64_BCM.dir/home/oxiin/pico/pico-sdk/src/rp2_common/hardware_claim/claim.c.obj
                0x0000000010001b58                hw_claim_lock
 .text.hw_claim_unlock
                0x0000000010001b70       0x14 CMakeFiles/RP2040matrix_64_BCM.dir/home/oxiin/pico/pico-sdk/src/rp2_common/hardware_claim/claim.c.obj
                0x0000000010001b70                hw_claim_unlock
 .text.hw_is_claimed
                0x0000000010001b84       0x18 CMakeFiles/RP2040matrix_64_BCM.dir/home/oxiin/pico/pico-sdk/src/rp2_common/hardware_claim/claim.c.obj
                0x0000000010001b84                hw_is_claimed
 .text.hw_claim_or_assert
                0x0000000010001b9c       0x44 CMakeFiles/RP2040matrix_64_BCM.dir/home/oxiin/pico/pico-sdk/src/rp2_common/hardware_claim/claim.c.obj
                0x0000000010001b9c                hw_claim_or_assert
 .text.hw_claim_unused_from_range
                0x0000000010001be0       0x9c CMakeFiles/RP2040matrix_64_BCM.dir/home/oxiin/pico/pico-sdk/src/rp2_common/hardware_claim/claim.c.obj
                0x0000000010001be0                hw_claim_unused_from_range
 .text.hw_claim_clear
                0x0000000010001c7c       0x38 CMakeFiles/RP2040matrix_64_BCM.dir/home/oxiin/pico/pico-sdk/src/rp2_common/hardware_claim/claim.c.obj
                0x0000000010001c7c                hw_claim_clear
 .text.running_on_fpga
                0x0000000010001cb4       0x10 CMakeFiles/RP2040matrix_64_BCM.dir/home/oxiin/pico/pico-sdk/src/rp2_common/pico_platform/platform.c.obj
                0x0000000010001cb4                running_on_fpga
 .text.spin_locks_reset
                0x0000000010001cc4       0x1c CMakeFiles/RP2040matrix_64_BCM.dir/home/oxiin/pico/pico-sdk/src/rp2_common/hardware_sync/sync.c.obj
                0x0000000010001cc4                spin_locks_reset
 .text.next_striped_spin_lock_num
                0x0000000010001ce0       0x18 CMakeFiles/RP2040matrix_64_BCM.dir/home/oxiin/pico/pico-sdk/src/rp2_common/hardware_sync/sync.c.obj
                0x0000000010001ce0                next_striped_spin_lock_num
 .text.spin_lock_claim_unused
                0x0000000010001cf8       0x20 CMakeFiles/RP2040matrix_64_BCM.dir/home/oxiin/pico/pico-sdk/src/rp2_common/hardware_sync/sync.c.obj
                0x0000000010001cf8                spin_lock_claim_unused
 .text.gpio_set_function
                0x0000000010001d18       0x30 CMakeFiles/RP2040matrix_64_BCM.dir/home/oxiin/pico/pico-sdk/src/rp2_common/hardware_gpio/gpio.c.obj
                0x0000000010001d18                gpio_set_function
 .text.gpio_init
                0x0000000010001d48       0x3c CMakeFiles/RP2040matrix_64_BCM.dir/home/oxiin/pico/pico-sdk/src/rp2_common/hardware_gpio/gpio.c.obj
                0x0000000010001d48                gpio_init
 .text.irq_set_enabled
                0x0000000010001d84       0x24 CMakeFiles/RP2040matrix_64_BCM.dir/home/oxiin/pico/pico-sdk/src/rp2_common/hardware_irq/irq.c.obj
                0x0000000010001d84                irq_set_enabled
 .text.irq_set_pending
                0x0000000010001da8       0x10 CMakeFiles/RP2040matrix_64_BCM.dir/home/oxiin/pico/pico-sdk/src/rp2_common/hardware_irq/irq.c.obj
                0x0000000010001da8                irq_set_pending
 .text.irq_has_shared_handler
                0x0000000010001db8       0x2c CMakeFiles/RP2040matrix_64_BCM.dir/home/oxiin/pico/pico-sdk/src/rp2_common/hardware_irq/irq.c.obj
                0x0000000010001db8                irq_has_shared_handler
 .text.irq_get_vtable_handler
                0x0000000010001de4       0x10 CMakeFiles/RP2040matrix_64_BCM.dir/home/oxiin/pico/pico-sdk/src/rp2_common/hardware_irq/irq.c.obj
                0x0000000010001de4                irq_get_vtable_handler
 .text.irq_set_exclusive_handler
                0x0000000010001df4       0x54 CMakeFiles/RP2040matrix_64_BCM.dir/home/oxiin/pico/pico-sdk/src/rp2_common/hardware_irq/irq.c.obj
                0x0000000010001df4                irq_set_exclusive_handler
 .text.irq_add_shared_handler
                0x0000000010001e48      0x1e4 CMakeFiles/RP2040matrix_64_BCM.dir/home/oxiin/pico/pico-sdk/src/rp2_common/hardware_irq/irq.c.obj
                0x0000000010001e48                irq_add_shared_handler
 .text.irq_remove_handler
                0x000000001000202c      0x1b4 CMakeFiles/RP2040matrix_64_BCM.dir/home/oxiin/pico/pico-sdk/src/rp2_common/hardware_irq/irq.c.obj
                0x000000001000202c                irq_remove_handler
 .text.irq_set_priority
                0x00000000100021e0       0x28 CMakeFiles/RP2040matrix_64_BCM.dir/home/oxiin/pico/pico-sdk/src/rp2_common/hardware_irq/irq.c.obj
                0x00000000100021e0                irq_set_priority
 .text.irq_add_tail_to_free_list
                0x0000000010002208       0xb4 CMakeFiles/RP2040matrix_64_BCM.dir/home/oxiin/pico/pico-sdk/src/rp2_common/hardware_irq/irq.c.obj
                0x0000000010002208                irq_add_tail_to_free_list
 .text.irq_init_priorities
                0x00000000100022bc       0x24 CMakeFiles/RP2040matrix_64_BCM.dir/home/oxiin/pico/pico-sdk/src/rp2_common/hardware_irq/irq.c.obj
                0x00000000100022bc                irq_init_priorities
 .text.user_irq_claim_unused
                0x00000000100022e0       0x30 CMakeFiles/RP2040matrix_64_BCM.dir/home/oxiin/pico/pico-sdk/src/rp2_common/hardware_irq/irq.c.obj
                0x00000000100022e0                user_irq_claim_unused
 .text.lock_init
                0x0000000010002310       0x10 CMakeFiles/RP2040matrix_64_BCM.dir/home/oxiin/pico/pico-sdk/src/common/pico_sync/lock_core.c.obj
                0x0000000010002310                lock_init
 .text.timer_pool_entry_comparator
                0x0000000010002320       0x34 CMakeFiles/RP2040matrix_64_BCM.dir/home/oxiin/pico/pico-sdk/src/common/pico_time/time.c.obj
                0x0000000010002320                timer_pool_entry_comparator
 .text.sleep_until_callback
                0x0000000010002354       0x24 CMakeFiles/RP2040matrix_64_BCM.dir/home/oxiin/pico/pico-sdk/src/common/pico_time/time.c.obj
 .text.add_alarm_under_lock.isra.0
                0x0000000010002378      0x100 CMakeFiles/RP2040matrix_64_BCM.dir/home/oxiin/pico/pico-sdk/src/common/pico_time/time.c.obj
 .text.alarm_pool_alarm_callback
                0x0000000010002478      0x1c8 CMakeFiles/RP2040matrix_64_BCM.dir/home/oxiin/pico/pico-sdk/src/common/pico_time/time.c.obj
 .text.alarm_pool_add_alarm_at.constprop.0
                0x0000000010002640      0x11c CMakeFiles/RP2040matrix_64_BCM.dir/home/oxiin/pico/pico-sdk/src/common/pico_time/time.c.obj
 .text.alarm_pool_init_default
                0x000000001000275c       0x64 CMakeFiles/RP2040matrix_64_BCM.dir/home/oxiin/pico/pico-sdk/src/common/pico_time/time.c.obj
                0x000000001000275c                alarm_pool_init_default
 .text.alarm_pool_get_default
                0x00000000100027c0        0x8 CMakeFiles/RP2040matrix_64_BCM.dir/home/oxiin/pico/pico-sdk/src/common/pico_time/time.c.obj
                0x00000000100027c0                alarm_pool_get_default
 .text.alarm_pool_add_alarm_at
                0x00000000100027c8      0x194 CMakeFiles/RP2040matrix_64_BCM.dir/home/oxiin/pico/pico-sdk/src/common/pico_time/time.c.obj
                0x00000000100027c8                alarm_pool_add_alarm_at
 .text.best_effort_wfe_or_timeout
                0x000000001000295c       0xd4 CMakeFiles/RP2040matrix_64_BCM.dir/home/oxiin/pico/pico-sdk/src/common/pico_time/time.c.obj
                0x000000001000295c                best_effort_wfe_or_timeout
 .text.hardware_alarm_irq_handler
                0x0000000010002a30       0xb8 CMakeFiles/RP2040matrix_64_BCM.dir/home/oxiin/pico/pico-sdk/src/rp2_common/hardware_timer/timer.c.obj
 .text.hardware_alarm_claim
                0x0000000010002ae8       0x18 CMakeFiles/RP2040matrix_64_BCM.dir/home/oxiin/pico/pico-sdk/src/rp2_common/hardware_timer/timer.c.obj
                0x0000000010002ae8                hardware_alarm_claim
 .text.time_us_64
                0x0000000010002b00       0x14 CMakeFiles/RP2040matrix_64_BCM.dir/home/oxiin/pico/pico-sdk/src/rp2_common/hardware_timer/timer.c.obj
                0x0000000010002b00                time_us_64
 .text.hardware_alarm_set_callback
                0x0000000010002b14       0x8c CMakeFiles/RP2040matrix_64_BCM.dir/home/oxiin/pico/pico-sdk/src/rp2_common/hardware_timer/timer.c.obj
                0x0000000010002b14                hardware_alarm_set_callback
 .text.hardware_alarm_set_target
                0x0000000010002ba0       0xe0 CMakeFiles/RP2040matrix_64_BCM.dir/home/oxiin/pico/pico-sdk/src/rp2_common/hardware_timer/timer.c.obj
                0x0000000010002ba0                hardware_alarm_set_target
 .text.hardware_alarm_cancel
                0x0000000010002c80       0x3c CMakeFiles/RP2040matrix_64_BCM.dir/home/oxiin/pico/pico-sdk/src/rp2_common/hardware_timer/timer.c.obj
                0x0000000010002c80                hardware_alarm_cancel
 .text.ph_merge_nodes
                0x0000000010002cbc       0x68 CMakeFiles/RP2040matrix_64_BCM.dir/home/oxiin/pico/pico-sdk/src/common/pico_util/pheap.c.obj
 .text.ph_post_alloc_init
                0x0000000010002d24       0x3c CMakeFiles/RP2040matrix_64_BCM.dir/home/oxiin/pico/pico-sdk/src/common/pico_util/pheap.c.obj
                0x0000000010002d24                ph_post_alloc_init
 .text.ph_merge_two_pass
                0x0000000010002d60       0x90 CMakeFiles/RP2040matrix_64_BCM.dir/home/oxiin/pico/pico-sdk/src/common/pico_util/pheap.c.obj
                0x0000000010002d60                ph_merge_two_pass
 .text.ph_remove_any_head
                0x0000000010002df0       0xf8 CMakeFiles/RP2040matrix_64_BCM.dir/home/oxiin/pico/pico-sdk/src/common/pico_util/pheap.c.obj
 .text.ph_remove_head
                0x0000000010002ee8       0xfc CMakeFiles/RP2040matrix_64_BCM.dir/home/oxiin/pico/pico-sdk/src/common/pico_util/pheap.c.obj
                0x0000000010002ee8                ph_remove_head
 .text.ph_remove_and_free_node
                0x0000000010002fe4       0x7c CMakeFiles/RP2040matrix_64_BCM.dir/home/oxiin/pico/pico-sdk/src/common/pico_util/pheap.c.obj
                0x0000000010002fe4                ph_remove_and_free_node
 .text.mutex_init
                0x0000000010003060       0x1c CMakeFiles/RP2040matrix_64_BCM.dir/home/oxiin/pico/pico-sdk/src/common/pico_sync/mutex.c.obj
                0x0000000010003060                mutex_init
 .text.recursive_mutex_init
                0x000000001000307c       0x20 CMakeFiles/RP2040matrix_64_BCM.dir/home/oxiin/pico/pico-sdk/src/common/pico_sync/mutex.c.obj
                0x000000001000307c                recursive_mutex_init
 .text.critical_section_init
                0x000000001000309c       0x20 CMakeFiles/RP2040matrix_64_BCM.dir/home/oxiin/pico/pico-sdk/src/common/pico_sync/critical_section.c.obj
                0x000000001000309c                critical_section_init
 .text.dma_channel_unclaim
                0x00000000100030bc       0x10 CMakeFiles/RP2040matrix_64_BCM.dir/home/oxiin/pico/pico-sdk/src/rp2_common/hardware_dma/dma.c.obj
                0x00000000100030bc                dma_channel_unclaim
 .text.dma_claim_unused_channel
                0x00000000100030cc       0x20 CMakeFiles/RP2040matrix_64_BCM.dir/home/oxiin/pico/pico-sdk/src/rp2_common/hardware_dma/dma.c.obj
                0x00000000100030cc                dma_claim_unused_channel
 .text.dma_channel_is_claimed
                0x00000000100030ec       0x10 CMakeFiles/RP2040matrix_64_BCM.dir/home/oxiin/pico/pico-sdk/src/rp2_common/hardware_dma/dma.c.obj
                0x00000000100030ec                dma_channel_is_claimed
 .text.isr_svcall
                0x00000000100030fc        0x4 CMakeFiles/RP2040matrix_64_BCM.dir/home/oxiin/pico/FreeRTOS/FreeRTOS/Source/portable/ThirdParty/GCC/RP2040/port.c.obj
                0x00000000100030fc                isr_svcall
 .text.vPortStartFirstTask
                0x0000000010003100       0x34 CMakeFiles/RP2040matrix_64_BCM.dir/home/oxiin/pico/FreeRTOS/FreeRTOS/Source/portable/ThirdParty/GCC/RP2040/port.c.obj
 *fill*         0x0000000010003134        0xc 
 .text.isr_pendsv
                0x0000000010003140       0x64 CMakeFiles/RP2040matrix_64_BCM.dir/home/oxiin/pico/FreeRTOS/FreeRTOS/Source/portable/ThirdParty/GCC/RP2040/port.c.obj
                0x0000000010003140                isr_pendsv
 .text.prvFIFOInterruptHandler
                0x00000000100031a4       0x80 CMakeFiles/RP2040matrix_64_BCM.dir/home/oxiin/pico/FreeRTOS/FreeRTOS/Source/portable/ThirdParty/GCC/RP2040/port.c.obj
 .text.prvTaskExitError
                0x0000000010003224        0x8 CMakeFiles/RP2040matrix_64_BCM.dir/home/oxiin/pico/FreeRTOS/FreeRTOS/Source/portable/ThirdParty/GCC/RP2040/port.c.obj
 .text.pxPortInitialiseStack
                0x000000001000322c       0x20 CMakeFiles/RP2040matrix_64_BCM.dir/home/oxiin/pico/FreeRTOS/FreeRTOS/Source/portable/ThirdParty/GCC/RP2040/port.c.obj
                0x000000001000322c                pxPortInitialiseStack
 .text.vPortYield
                0x000000001000324c       0x18 CMakeFiles/RP2040matrix_64_BCM.dir/home/oxiin/pico/FreeRTOS/FreeRTOS/Source/portable/ThirdParty/GCC/RP2040/port.c.obj
                0x000000001000324c                vPortYield
 .text.vPortEnterCritical
                0x0000000010003264       0x18 CMakeFiles/RP2040matrix_64_BCM.dir/home/oxiin/pico/FreeRTOS/FreeRTOS/Source/portable/ThirdParty/GCC/RP2040/port.c.obj
                0x0000000010003264                vPortEnterCritical
 .text.vPortExitCritical
                0x000000001000327c       0x34 CMakeFiles/RP2040matrix_64_BCM.dir/home/oxiin/pico/FreeRTOS/FreeRTOS/Source/portable/ThirdParty/GCC/RP2040/port.c.obj
                0x000000001000327c                vPortExitCritical
 .text.ulSetInterruptMaskFromISR
                0x00000000100032b0        0x8 CMakeFiles/RP2040matrix_64_BCM.dir/home/oxiin/pico/FreeRTOS/FreeRTOS/Source/portable/ThirdParty/GCC/RP2040/port.c.obj
                0x00000000100032b0                ulSetInterruptMaskFromISR
 .text.vClearInterruptMaskFromISR
                0x00000000100032b8        0x8 CMakeFiles/RP2040matrix_64_BCM.dir/home/oxiin/pico/FreeRTOS/FreeRTOS/Source/portable/ThirdParty/GCC/RP2040/port.c.obj
                0x00000000100032b8                vClearInterruptMaskFromISR
 .text.isr_systick
                0x00000000100032c0       0x24 CMakeFiles/RP2040matrix_64_BCM.dir/home/oxiin/pico/FreeRTOS/FreeRTOS/Source/portable/ThirdParty/GCC/RP2040/port.c.obj
                0x00000000100032c0                isr_systick
 .text.vPortSetupTimerInterrupt
                0x00000000100032e4       0x30 CMakeFiles/RP2040matrix_64_BCM.dir/home/oxiin/pico/FreeRTOS/FreeRTOS/Source/portable/ThirdParty/GCC/RP2040/port.c.obj
                0x00000000100032e4                vPortSetupTimerInterrupt
 .text.xPortStartScheduler
                0x0000000010003314       0xa8 CMakeFiles/RP2040matrix_64_BCM.dir/home/oxiin/pico/FreeRTOS/FreeRTOS/Source/portable/ThirdParty/GCC/RP2040/port.c.obj
                0x0000000010003314                xPortStartScheduler
 .text.ulPortLockGetCurrentOwnerId
                0x00000000100033bc       0x2c CMakeFiles/RP2040matrix_64_BCM.dir/home/oxiin/pico/FreeRTOS/FreeRTOS/Source/portable/ThirdParty/GCC/RP2040/port.c.obj
                0x00000000100033bc                ulPortLockGetCurrentOwnerId
 .text.vPortLockInternalSpinUnlockWithWait
                0x00000000100033e8       0x68 CMakeFiles/RP2040matrix_64_BCM.dir/home/oxiin/pico/FreeRTOS/FreeRTOS/Source/portable/ThirdParty/GCC/RP2040/port.c.obj
                0x00000000100033e8                vPortLockInternalSpinUnlockWithWait
 .text.vPortLockInternalSpinUnlockWithNotify
                0x0000000010003450       0xd0 CMakeFiles/RP2040matrix_64_BCM.dir/home/oxiin/pico/FreeRTOS/FreeRTOS/Source/portable/ThirdParty/GCC/RP2040/port.c.obj
                0x0000000010003450                vPortLockInternalSpinUnlockWithNotify
 .text.xPortLockInternalSpinUnlockWithBestEffortWaitOrTimeout
                0x0000000010003520      0x100 CMakeFiles/RP2040matrix_64_BCM.dir/home/oxiin/pico/FreeRTOS/FreeRTOS/Source/portable/ThirdParty/GCC/RP2040/port.c.obj
                0x0000000010003520                xPortLockInternalSpinUnlockWithBestEffortWaitOrTimeout
 .text.startup.prvRuntimeInitializer
                0x0000000010003620       0x28 CMakeFiles/RP2040matrix_64_BCM.dir/home/oxiin/pico/FreeRTOS/FreeRTOS/Source/portable/ThirdParty/GCC/RP2040/port.c.obj
 .text.xEventGroupCreate
                0x0000000010003648       0x18 CMakeFiles/RP2040matrix_64_BCM.dir/home/oxiin/pico/FreeRTOS/FreeRTOS/Source/event_groups.c.obj
                0x0000000010003648                xEventGroupCreate
 .text.xEventGroupWaitBits
                0x0000000010003660       0xb8 CMakeFiles/RP2040matrix_64_BCM.dir/home/oxiin/pico/FreeRTOS/FreeRTOS/Source/event_groups.c.obj
                0x0000000010003660                xEventGroupWaitBits
 .text.xEventGroupSetBits
                0x0000000010003718       0x90 CMakeFiles/RP2040matrix_64_BCM.dir/home/oxiin/pico/FreeRTOS/FreeRTOS/Source/event_groups.c.obj
                0x0000000010003718                xEventGroupSetBits
 .text.vEventGroupSetBitsCallback
                0x00000000100037a8       0x8c CMakeFiles/RP2040matrix_64_BCM.dir/home/oxiin/pico/FreeRTOS/FreeRTOS/Source/event_groups.c.obj
                0x00000000100037a8                vEventGroupSetBitsCallback
 .text.vListInitialise
                0x0000000010003834       0x18 CMakeFiles/RP2040matrix_64_BCM.dir/home/oxiin/pico/FreeRTOS/FreeRTOS/Source/list.c.obj
                0x0000000010003834                vListInitialise
 .text.vListInitialiseItem
                0x000000001000384c        0x8 CMakeFiles/RP2040matrix_64_BCM.dir/home/oxiin/pico/FreeRTOS/FreeRTOS/Source/list.c.obj
                0x000000001000384c                vListInitialiseItem
 .text.vListInsertEnd
                0x0000000010003854       0x18 CMakeFiles/RP2040matrix_64_BCM.dir/home/oxiin/pico/FreeRTOS/FreeRTOS/Source/list.c.obj
                0x0000000010003854                vListInsertEnd
 .text.vListInsert
                0x000000001000386c       0x30 CMakeFiles/RP2040matrix_64_BCM.dir/home/oxiin/pico/FreeRTOS/FreeRTOS/Source/list.c.obj
                0x000000001000386c                vListInsert
 .text.uxListRemove
                0x000000001000389c       0x24 CMakeFiles/RP2040matrix_64_BCM.dir/home/oxiin/pico/FreeRTOS/FreeRTOS/Source/list.c.obj
                0x000000001000389c                uxListRemove
 .text.xQueueGenericCreate
                0x00000000100038c0       0x98 CMakeFiles/RP2040matrix_64_BCM.dir/home/oxiin/pico/FreeRTOS/FreeRTOS/Source/queue.c.obj
                0x00000000100038c0                xQueueGenericCreate
 .text.xQueueGenericSend
                0x0000000010003958      0x348 CMakeFiles/RP2040matrix_64_BCM.dir/home/oxiin/pico/FreeRTOS/FreeRTOS/Source/queue.c.obj
                0x0000000010003958                xQueueGenericSend
 .text.xQueueCreateMutex
                0x0000000010003ca0       0x64 CMakeFiles/RP2040matrix_64_BCM.dir/home/oxiin/pico/FreeRTOS/FreeRTOS/Source/queue.c.obj
                0x0000000010003ca0                xQueueCreateMutex
 .text.xQueueGenericSendFromISR
                0x0000000010003d04      0x124 CMakeFiles/RP2040matrix_64_BCM.dir/home/oxiin/pico/FreeRTOS/FreeRTOS/Source/queue.c.obj
                0x0000000010003d04                xQueueGenericSendFromISR
 .text.xQueueReceive
                0x0000000010003e28      0x2a0 CMakeFiles/RP2040matrix_64_BCM.dir/home/oxiin/pico/FreeRTOS/FreeRTOS/Source/queue.c.obj
                0x0000000010003e28                xQueueReceive
 .text.xQueueSemaphoreTake
                0x00000000100040c8      0x2f4 CMakeFiles/RP2040matrix_64_BCM.dir/home/oxiin/pico/FreeRTOS/FreeRTOS/Source/queue.c.obj
                0x00000000100040c8                xQueueSemaphoreTake
 .text.vQueueAddToRegistry
                0x00000000100043bc      0x118 CMakeFiles/RP2040matrix_64_BCM.dir/home/oxiin/pico/FreeRTOS/FreeRTOS/Source/queue.c.obj
                0x00000000100043bc                vQueueAddToRegistry
 .text.vQueueWaitForMessageRestricted
                0x00000000100044d4       0xd0 CMakeFiles/RP2040matrix_64_BCM.dir/home/oxiin/pico/FreeRTOS/FreeRTOS/Source/queue.c.obj
                0x00000000100044d4                vQueueWaitForMessageRestricted
 .text.prvIdleTask
                0x00000000100045a4       0x60 CMakeFiles/RP2040matrix_64_BCM.dir/home/oxiin/pico/FreeRTOS/FreeRTOS/Source/tasks.c.obj
 .text.xTaskIncrementTick.part.0
                0x0000000010004604      0x16c CMakeFiles/RP2040matrix_64_BCM.dir/home/oxiin/pico/FreeRTOS/FreeRTOS/Source/tasks.c.obj
 .text.xTaskCreate
                0x0000000010004770      0x284 CMakeFiles/RP2040matrix_64_BCM.dir/home/oxiin/pico/FreeRTOS/FreeRTOS/Source/tasks.c.obj
                0x0000000010004770                xTaskCreate
 .text.vTaskDelete
                0x00000000100049f4       0xb8 CMakeFiles/RP2040matrix_64_BCM.dir/home/oxiin/pico/FreeRTOS/FreeRTOS/Source/tasks.c.obj
                0x00000000100049f4                vTaskDelete
 .text.vTaskStartScheduler
                0x0000000010004aac      0x1e8 CMakeFiles/RP2040matrix_64_BCM.dir/home/oxiin/pico/FreeRTOS/FreeRTOS/Source/tasks.c.obj
                0x0000000010004aac                vTaskStartScheduler
 .text.vTaskSuspendAll
                0x0000000010004c94       0x10 CMakeFiles/RP2040matrix_64_BCM.dir/home/oxiin/pico/FreeRTOS/FreeRTOS/Source/tasks.c.obj
                0x0000000010004c94                vTaskSuspendAll
 .text.xTaskResumeAll
                0x0000000010004ca4      0x18c CMakeFiles/RP2040matrix_64_BCM.dir/home/oxiin/pico/FreeRTOS/FreeRTOS/Source/tasks.c.obj
                0x0000000010004ca4                xTaskResumeAll
 .text.vTaskDelay
                0x0000000010004e30       0x78 CMakeFiles/RP2040matrix_64_BCM.dir/home/oxiin/pico/FreeRTOS/FreeRTOS/Source/tasks.c.obj
                0x0000000010004e30                vTaskDelay
 .text.xTaskGetTickCount
                0x0000000010004ea8        0xc CMakeFiles/RP2040matrix_64_BCM.dir/home/oxiin/pico/FreeRTOS/FreeRTOS/Source/tasks.c.obj
                0x0000000010004ea8                xTaskGetTickCount
 .text.uxTaskGetNumberOfTasks
                0x0000000010004eb4        0xc CMakeFiles/RP2040matrix_64_BCM.dir/home/oxiin/pico/FreeRTOS/FreeRTOS/Source/tasks.c.obj
                0x0000000010004eb4                uxTaskGetNumberOfTasks
 .text.xTaskIncrementTick
                0x0000000010004ec0       0x24 CMakeFiles/RP2040matrix_64_BCM.dir/home/oxiin/pico/FreeRTOS/FreeRTOS/Source/tasks.c.obj
                0x0000000010004ec0                xTaskIncrementTick
 .text.vTaskSwitchContext
                0x0000000010004ee4       0x98 CMakeFiles/RP2040matrix_64_BCM.dir/home/oxiin/pico/FreeRTOS/FreeRTOS/Source/tasks.c.obj
                0x0000000010004ee4                vTaskSwitchContext
 .text.vTaskPlaceOnEventList
                0x0000000010004f7c       0x98 CMakeFiles/RP2040matrix_64_BCM.dir/home/oxiin/pico/FreeRTOS/FreeRTOS/Source/tasks.c.obj
                0x0000000010004f7c                vTaskPlaceOnEventList
 .text.vTaskPlaceOnUnorderedEventList
                0x0000000010005014       0xbc CMakeFiles/RP2040matrix_64_BCM.dir/home/oxiin/pico/FreeRTOS/FreeRTOS/Source/tasks.c.obj
                0x0000000010005014                vTaskPlaceOnUnorderedEventList
 .text.vTaskPlaceOnEventListRestricted
                0x00000000100050d0       0xc4 CMakeFiles/RP2040matrix_64_BCM.dir/home/oxiin/pico/FreeRTOS/FreeRTOS/Source/tasks.c.obj
                0x00000000100050d0                vTaskPlaceOnEventListRestricted
 .text.xTaskRemoveFromEventList
                0x0000000010005194       0xd8 CMakeFiles/RP2040matrix_64_BCM.dir/home/oxiin/pico/FreeRTOS/FreeRTOS/Source/tasks.c.obj
                0x0000000010005194                xTaskRemoveFromEventList
 .text.vTaskRemoveFromUnorderedEventList
                0x000000001000526c       0x98 CMakeFiles/RP2040matrix_64_BCM.dir/home/oxiin/pico/FreeRTOS/FreeRTOS/Source/tasks.c.obj
                0x000000001000526c                vTaskRemoveFromUnorderedEventList
 .text.vTaskInternalSetTimeOutState
                0x0000000010005304       0x18 CMakeFiles/RP2040matrix_64_BCM.dir/home/oxiin/pico/FreeRTOS/FreeRTOS/Source/tasks.c.obj
                0x0000000010005304                vTaskInternalSetTimeOutState
 .text.xTaskCheckForTimeOut
                0x000000001000531c       0x74 CMakeFiles/RP2040matrix_64_BCM.dir/home/oxiin/pico/FreeRTOS/FreeRTOS/Source/tasks.c.obj
                0x000000001000531c                xTaskCheckForTimeOut
 .text.vTaskMissedYield
                0x0000000010005390        0xc CMakeFiles/RP2040matrix_64_BCM.dir/home/oxiin/pico/FreeRTOS/FreeRTOS/Source/tasks.c.obj
                0x0000000010005390                vTaskMissedYield
 .text.uxTaskGetStackHighWaterMark
                0x000000001000539c       0x28 CMakeFiles/RP2040matrix_64_BCM.dir/home/oxiin/pico/FreeRTOS/FreeRTOS/Source/tasks.c.obj
                0x000000001000539c                uxTaskGetStackHighWaterMark
 .text.xTaskGetCurrentTaskHandle
                0x00000000100053c4        0xc CMakeFiles/RP2040matrix_64_BCM.dir/home/oxiin/pico/FreeRTOS/FreeRTOS/Source/tasks.c.obj
                0x00000000100053c4                xTaskGetCurrentTaskHandle
 .text.xTaskPriorityInherit
                0x00000000100053d0       0x94 CMakeFiles/RP2040matrix_64_BCM.dir/home/oxiin/pico/FreeRTOS/FreeRTOS/Source/tasks.c.obj
                0x00000000100053d0                xTaskPriorityInherit
 .text.xTaskPriorityDisinherit
                0x0000000010005464       0x64 CMakeFiles/RP2040matrix_64_BCM.dir/home/oxiin/pico/FreeRTOS/FreeRTOS/Source/tasks.c.obj
                0x0000000010005464                xTaskPriorityDisinherit
 .text.vTaskPriorityDisinheritAfterTimeout
                0x00000000100054c8       0x80 CMakeFiles/RP2040matrix_64_BCM.dir/home/oxiin/pico/FreeRTOS/FreeRTOS/Source/tasks.c.obj
                0x00000000100054c8                vTaskPriorityDisinheritAfterTimeout
 .text.uxTaskResetEventItemValue
                0x0000000010005548       0x18 CMakeFiles/RP2040matrix_64_BCM.dir/home/oxiin/pico/FreeRTOS/FreeRTOS/Source/tasks.c.obj
                0x0000000010005548                uxTaskResetEventItemValue
 .text.pvTaskIncrementMutexHeldCount
                0x0000000010005560       0x18 CMakeFiles/RP2040matrix_64_BCM.dir/home/oxiin/pico/FreeRTOS/FreeRTOS/Source/tasks.c.obj
                0x0000000010005560                pvTaskIncrementMutexHeldCount
 .text.prvTimerTask
                0x0000000010005578      0x360 CMakeFiles/RP2040matrix_64_BCM.dir/home/oxiin/pico/FreeRTOS/FreeRTOS/Source/timers.c.obj
 .text.xTimerCreateTimerTask
                0x00000000100058d8       0x8c CMakeFiles/RP2040matrix_64_BCM.dir/home/oxiin/pico/FreeRTOS/FreeRTOS/Source/timers.c.obj
                0x00000000100058d8                xTimerCreateTimerTask
 .text.xTimerPendFunctionCallFromISR
                0x0000000010005964       0x28 CMakeFiles/RP2040matrix_64_BCM.dir/home/oxiin/pico/FreeRTOS/FreeRTOS/Source/timers.c.obj
                0x0000000010005964                xTimerPendFunctionCallFromISR
 .text.exception_set_exclusive_handler
                0x000000001000598c       0x48 CMakeFiles/RP2040matrix_64_BCM.dir/home/oxiin/pico/pico-sdk/src/rp2_common/hardware_exception/exception.c.obj
                0x000000001000598c                exception_set_exclusive_handler
 .text.pvPortMalloc
                0x00000000100059d4       0x74 CMakeFiles/RP2040matrix_64_BCM.dir/home/oxiin/pico/FreeRTOS/FreeRTOS/Source/portable/MemMang/heap_1.c.obj
                0x00000000100059d4                pvPortMalloc
 .text.vPortFree
                0x0000000010005a48        0x4 CMakeFiles/RP2040matrix_64_BCM.dir/home/oxiin/pico/FreeRTOS/FreeRTOS/Source/portable/MemMang/heap_1.c.obj
                0x0000000010005a48                vPortFree
 .text.xPortGetFreeHeapSize
                0x0000000010005a4c       0x14 CMakeFiles/RP2040matrix_64_BCM.dir/home/oxiin/pico/FreeRTOS/FreeRTOS/Source/portable/MemMang/heap_1.c.obj
                0x0000000010005a4c                xPortGetFreeHeapSize
 .text.runtime_init
                0x0000000010005a60       0xf0 CMakeFiles/RP2040matrix_64_BCM.dir/home/oxiin/pico/pico-sdk/src/rp2_common/pico_runtime/runtime.c.obj
                0x0000000010005a60                runtime_init
 .text.exit     0x0000000010005b50        0x4 CMakeFiles/RP2040matrix_64_BCM.dir/home/oxiin/pico/pico-sdk/src/rp2_common/pico_runtime/runtime.c.obj
                0x0000000010005b50                exit
 .text.panic    0x0000000010005b54       0x30 CMakeFiles/RP2040matrix_64_BCM.dir/home/oxiin/pico/pico-sdk/src/rp2_common/pico_runtime/runtime.c.obj
                0x0000000010005b54                panic
 .text.panic_unsupported
                0x0000000010005b84        0xc CMakeFiles/RP2040matrix_64_BCM.dir/home/oxiin/pico/pico-sdk/src/rp2_common/pico_runtime/runtime.c.obj
                0x0000000010005b84                panic_unsupported
 .text.hard_assertion_failure
                0x0000000010005b90        0xc CMakeFiles/RP2040matrix_64_BCM.dir/home/oxiin/pico/pico-sdk/src/rp2_common/pico_runtime/runtime.c.obj
                0x0000000010005b90                hard_assertion_failure
 .text.clocks_init
                0x0000000010005b9c      0x2bc CMakeFiles/RP2040matrix_64_BCM.dir/home/oxiin/pico/pico-sdk/src/rp2_common/hardware_clocks/clocks.c.obj
                0x0000000010005b9c                clocks_init
 .text.clock_get_hz
                0x0000000010005e58        0xc CMakeFiles/RP2040matrix_64_BCM.dir/home/oxiin/pico/pico-sdk/src/rp2_common/hardware_clocks/clocks.c.obj
                0x0000000010005e58                clock_get_hz
 .text.pll_init
                0x0000000010005e64       0xb0 CMakeFiles/RP2040matrix_64_BCM.dir/home/oxiin/pico/pico-sdk/src/rp2_common/hardware_pll/pll.c.obj
                0x0000000010005e64                pll_init
 .text.watchdog_start_tick
                0x0000000010005f14       0x10 CMakeFiles/RP2040matrix_64_BCM.dir/home/oxiin/pico/pico-sdk/src/rp2_common/hardware_watchdog/watchdog.c.obj
                0x0000000010005f14                watchdog_start_tick
 .text.watchdog_reboot
                0x0000000010005f24       0x98 CMakeFiles/RP2040matrix_64_BCM.dir/home/oxiin/pico/pico-sdk/src/rp2_common/hardware_watchdog/watchdog.c.obj
                0x0000000010005f24                watchdog_reboot
 .text.xosc_init
                0x0000000010005fbc       0x28 CMakeFiles/RP2040matrix_64_BCM.dir/home/oxiin/pico/pico-sdk/src/rp2_common/hardware_xosc/xosc.c.obj
                0x0000000010005fbc                xosc_init
 .text._out_null
                0x0000000010005fe4        0x4 CMakeFiles/RP2040matrix_64_BCM.dir/home/oxiin/pico/pico-sdk/src/rp2_common/pico_printf/printf.c.obj
 .text._out_rev
                0x0000000010005fe8       0x9c CMakeFiles/RP2040matrix_64_BCM.dir/home/oxiin/pico/pico-sdk/src/rp2_common/pico_printf/printf.c.obj
 .text._ntoa_format
                0x0000000010006084      0x1cc CMakeFiles/RP2040matrix_64_BCM.dir/home/oxiin/pico/pico-sdk/src/rp2_common/pico_printf/printf.c.obj
 .text._out_char
                0x0000000010006250       0x10 CMakeFiles/RP2040matrix_64_BCM.dir/home/oxiin/pico/pico-sdk/src/rp2_common/pico_printf/printf.c.obj
 .text._out_fct
                0x0000000010006260       0x10 CMakeFiles/RP2040matrix_64_BCM.dir/home/oxiin/pico/pico-sdk/src/rp2_common/pico_printf/printf.c.obj
 .text._etoa    0x0000000010006270      0x44c CMakeFiles/RP2040matrix_64_BCM.dir/home/oxiin/pico/pico-sdk/src/rp2_common/pico_printf/printf.c.obj
 .text._ftoa    0x00000000100066bc      0x398 CMakeFiles/RP2040matrix_64_BCM.dir/home/oxiin/pico/pico-sdk/src/rp2_common/pico_printf/printf.c.obj
 .text._vsnprintf
                0x0000000010006a54      0xb04 CMakeFiles/RP2040matrix_64_BCM.dir/home/oxiin/pico/pico-sdk/src/rp2_common/pico_printf/printf.c.obj
 .text.vfctprintf
                0x0000000010007558       0x20 CMakeFiles/RP2040matrix_64_BCM.dir/home/oxiin/pico/pico-sdk/src/rp2_common/pico_printf/printf.c.obj
                0x0000000010007558                vfctprintf
 .text.weak_raw_vprintf
                0x0000000010007578       0x30 CMakeFiles/RP2040matrix_64_BCM.dir/home/oxiin/pico/pico-sdk/src/rp2_common/pico_printf/printf.c.obj
                0x0000000010007578                weak_raw_vprintf
 .text          0x00000000100075a8       0x10 CMakeFiles/RP2040matrix_64_BCM.dir/home/oxiin/pico/pico-sdk/src/rp2_common/pico_bit_ops/bit_ops_aeabi.S.obj
 .text.rom_func_lookup
                0x00000000100075b8       0x10 CMakeFiles/RP2040matrix_64_BCM.dir/home/oxiin/pico/pico-sdk/src/rp2_common/pico_bootrom/bootrom.c.obj
                0x00000000100075b8                rom_func_lookup
 .text.rom_data_lookup
                0x00000000100075c8       0x10 CMakeFiles/RP2040matrix_64_BCM.dir/home/oxiin/pico/pico-sdk/src/rp2_common/pico_bootrom/bootrom.c.obj
                0x00000000100075c8                rom_data_lookup
 .text.rom_funcs_lookup
                0x00000000100075d8       0x44 CMakeFiles/RP2040matrix_64_BCM.dir/home/oxiin/pico/pico-sdk/src/rp2_common/pico_bootrom/bootrom.c.obj
                0x00000000100075d8                rom_funcs_lookup
 .text.__wrap___aeabi_idiv
                0x000000001000761c       0x50 CMakeFiles/RP2040matrix_64_BCM.dir/home/oxiin/pico/pico-sdk/src/rp2_common/pico_divider/divider.S.obj
                0x000000001000761c                __wrap___aeabi_idivmod
                0x000000001000761c                divmod_s32s32
                0x000000001000761c                div_s32s32
                0x000000001000761c                __wrap___aeabi_idiv
                0x0000000010007624                divmod_s32s32_unsafe
                0x0000000010007650                divmod_s32s32_savestate
 .text.__wrap___aeabi_uidiv
                0x000000001000766c       0x4c CMakeFiles/RP2040matrix_64_BCM.dir/home/oxiin/pico/pico-sdk/src/rp2_common/pico_divider/divider.S.obj
                0x000000001000766c                __wrap___aeabi_uidiv
                0x000000001000766c                __wrap___aeabi_uidivmod
                0x000000001000766c                div_u32u32
                0x000000001000766c                divmod_u32u32
                0x0000000010007674                divmod_u32u32_unsafe
                0x000000001000769c                divmod_u32u32_savestate
 .text.__wrap___aeabi_ldiv
                0x00000000100076b8      0x434 CMakeFiles/RP2040matrix_64_BCM.dir/home/oxiin/pico/pico-sdk/src/rp2_common/pico_divider/divider.S.obj
                0x00000000100076b8                div_s64s64
                0x00000000100076b8                divmod_s64s64
                0x00000000100076b8                __wrap___aeabi_ldivmod
                0x00000000100076f0                div_u64u64
                0x00000000100076f0                divmod_u64u64
                0x00000000100076f0                __wrap___aeabi_uldivmod
                0x0000000010007700                divmod_u64u64_savestate
                0x0000000010007728                divmod_s64s64_unsafe
                0x00000000100077b0                divmod_u64u64_unsafe
 .text.__wrap___aeabi_darithmetic
                0x0000000010007aec       0x80 CMakeFiles/RP2040matrix_64_BCM.dir/home/oxiin/pico/pico-sdk/src/rp2_common/pico_double/double_aeabi.S.obj
                0x0000000010007aec                __wrap___aeabi_drsub
                0x0000000010007af2                __wrap___aeabi_dsub
                0x0000000010007b04                __wrap___aeabi_dadd
                0x0000000010007b16                __wrap___aeabi_ddiv
                0x0000000010007b52                __wrap___aeabi_dmul
 .text.__wrap___aeabi_cdcmple
                0x0000000010007b6c       0x6c CMakeFiles/RP2040matrix_64_BCM.dir/home/oxiin/pico/pico-sdk/src/rp2_common/pico_double/double_aeabi.S.obj
                0x0000000010007b6c                __wrap___aeabi_cdrcmple
                0x0000000010007b7c                __wrap___aeabi_cdcmple
                0x0000000010007b7c                __wrap___aeabi_cdcmpeq
 .text.__wrap___aeabi_dcmplt
                0x0000000010007bd8        0xc CMakeFiles/RP2040matrix_64_BCM.dir/home/oxiin/pico/pico-sdk/src/rp2_common/pico_double/double_aeabi.S.obj
                0x0000000010007bd8                __wrap___aeabi_dcmplt
 .text.__wrap___aeabi_dcmple
                0x0000000010007be4       0x10 CMakeFiles/RP2040matrix_64_BCM.dir/home/oxiin/pico/pico-sdk/src/rp2_common/pico_double/double_aeabi.S.obj
                0x0000000010007be4                __wrap___aeabi_dcmple
 .text.__wrap___aeabi_dcmpge
                0x0000000010007bf4       0x10 CMakeFiles/RP2040matrix_64_BCM.dir/home/oxiin/pico/pico-sdk/src/rp2_common/pico_double/double_aeabi.S.obj
                0x0000000010007bf4                __wrap___aeabi_dcmpge
 .text.__wrap___aeabi_dcmpgt
                0x0000000010007c04        0xa CMakeFiles/RP2040matrix_64_BCM.dir/home/oxiin/pico/pico-sdk/src/rp2_common/pico_double/double_aeabi.S.obj
                0x0000000010007c04                __wrap___aeabi_dcmpgt
 .text.__wrap___aeabi_dcmpun
                0x0000000010007c0e       0x1c CMakeFiles/RP2040matrix_64_BCM.dir/home/oxiin/pico/pico-sdk/src/rp2_common/pico_double/double_aeabi.S.obj
                0x0000000010007c0e                __wrap___aeabi_dcmpun
 *fill*         0x0000000010007c2a        0x2 
 .text.__wrap___aeabi_i2d
                0x0000000010007c2c       0x38 CMakeFiles/RP2040matrix_64_BCM.dir/home/oxiin/pico/pico-sdk/src/rp2_common/pico_double/double_aeabi.S.obj
                0x0000000010007c2c                __wrap___aeabi_ui2d
                0x0000000010007c34                __wrap___aeabi_i2d
 .text.__wrap___aeabi_d2iz
                0x0000000010007c64       0x48 CMakeFiles/RP2040matrix_64_BCM.dir/home/oxiin/pico/pico-sdk/src/rp2_common/pico_double/double_aeabi.S.obj
                0x0000000010007c64                __wrap___aeabi_d2iz
                0x0000000010007c64                double2int_z
 .text.__wrap___aeabi_d2uiz
                0x0000000010007cac       0x18 CMakeFiles/RP2040matrix_64_BCM.dir/home/oxiin/pico/pico-sdk/src/rp2_common/pico_double/double_aeabi.S.obj
                0x0000000010007cac                double2uint
                0x0000000010007cac                __wrap___aeabi_d2uiz
 .text.__aeabi_double_init
                0x0000000010007cc4       0x94 CMakeFiles/RP2040matrix_64_BCM.dir/home/oxiin/pico/pico-sdk/src/rp2_common/pico_double/double_init_rom.c.obj
                0x0000000010007cc4                __aeabi_double_init
 .text.double_table_shim_on_use_helper
                0x0000000010007d58       0x2c CMakeFiles/RP2040matrix_64_BCM.dir/home/oxiin/pico/pico-sdk/src/rp2_common/pico_double/double_v1_rom_shim.S.obj
                0x0000000010007d58                double_table_shim_on_use_helper
 .text.__wrap___aeabi_dsub
                0x0000000010007d84       0x10 CMakeFiles/RP2040matrix_64_BCM.dir/home/oxiin/pico/pico-sdk/src/rp2_common/pico_double/double_v1_rom_shim.S.obj
                0x0000000010007d84                drsub_shim
                0x0000000010007d8a                dsub_shim
 .text.dadd_shim
                0x0000000010007d94      0x15c CMakeFiles/RP2040matrix_64_BCM.dir/home/oxiin/pico/pico-sdk/src/rp2_common/pico_double/double_v1_rom_shim.S.obj
                0x0000000010007d94                dadd_shim
 .text.dmul_shim
                0x0000000010007ef0      0x15c CMakeFiles/RP2040matrix_64_BCM.dir/home/oxiin/pico/pico-sdk/src/rp2_common/pico_double/double_v1_rom_shim.S.obj
                0x0000000010007ef0                dmul_shim
 .text.ddiv_shim
                0x000000001000804c      0x1b0 CMakeFiles/RP2040matrix_64_BCM.dir/home/oxiin/pico/pico-sdk/src/rp2_common/pico_double/double_v1_rom_shim.S.obj
                0x000000001000804c                ddiv_shim
 .text.double2uint_shim
                0x00000000100081fc        0xe CMakeFiles/RP2040matrix_64_BCM.dir/home/oxiin/pico/pico-sdk/src/rp2_common/pico_double/double_v1_rom_shim.S.obj
                0x00000000100081fc                double2uint_shim
                0x00000000100081fe                double2ufix_shim
 *fill*         0x000000001000820a        0x2 
 .text.double2uint64_shim
                0x000000001000820c       0x70 CMakeFiles/RP2040matrix_64_BCM.dir/home/oxiin/pico/pico-sdk/src/rp2_common/pico_double/double_v1_rom_shim.S.obj
                0x000000001000820c                double2uint64_shim
                0x000000001000820e                double2ufix64_shim
                0x000000001000822e                d2fix_a
 .text.dunpacks
                0x000000001000827c       0x3c CMakeFiles/RP2040matrix_64_BCM.dir/home/oxiin/pico/pico-sdk/src/rp2_common/pico_double/double_v1_rom_shim.S.obj
                0x000000001000827c                dunpacks
 .text.__aeabi_lmul
                0x00000000100082b8       0x32 CMakeFiles/RP2040matrix_64_BCM.dir/home/oxiin/pico/pico-sdk/src/rp2_common/pico_int64_ops/pico_int64_ops_aeabi.S.obj
                0x00000000100082b8                __wrap___aeabi_lmul
 *fill*         0x00000000100082ea        0x2 
 .text.__aeabi_float_init
                0x00000000100082ec       0x64 CMakeFiles/RP2040matrix_64_BCM.dir/home/oxiin/pico/pico-sdk/src/rp2_common/pico_float/float_init_rom.c.obj
                0x00000000100082ec                __aeabi_float_init
 .text.float_table_shim_on_use_helper
                0x0000000010008350       0x2c CMakeFiles/RP2040matrix_64_BCM.dir/home/oxiin/pico/pico-sdk/src/rp2_common/pico_float/float_v1_rom_shim.S.obj
                0x0000000010008350                float_table_shim_on_use_helper
 .text          0x000000001000837c       0x10 CMakeFiles/RP2040matrix_64_BCM.dir/home/oxiin/pico/pico-sdk/src/rp2_common/pico_mem_ops/mem_ops_aeabi.S.obj
                0x000000001000837c                __aeabi_mem_init
 .text.memset   0x000000001000838c        0xc CMakeFiles/RP2040matrix_64_BCM.dir/home/oxiin/pico/pico-sdk/src/rp2_common/pico_mem_ops/mem_ops_aeabi.S.obj
                0x000000001000838c                __wrap_memset
 .text.memcpy   0x0000000010008398        0xc CMakeFiles/RP2040matrix_64_BCM.dir/home/oxiin/pico/pico-sdk/src/rp2_common/pico_mem_ops/mem_ops_aeabi.S.obj
                0x0000000010008398                __wrap___aeabi_memcpy
                0x0000000010008398                __wrap_memcpy
 .text.stdio_out_chars_no_crlf
                0x00000000100083a4       0x10 CMakeFiles/RP2040matrix_64_BCM.dir/home/oxiin/pico/pico-sdk/src/rp2_common/pico_stdio/stdio.c.obj
 .text.stdio_out_chars_crlf
                0x00000000100083b4       0xb4 CMakeFiles/RP2040matrix_64_BCM.dir/home/oxiin/pico/pico-sdk/src/rp2_common/pico_stdio/stdio.c.obj
 .text.stdio_buffered_printer
                0x0000000010008468       0x64 CMakeFiles/RP2040matrix_64_BCM.dir/home/oxiin/pico/pico-sdk/src/rp2_common/pico_stdio/stdio.c.obj
 .text.stdio_put_string.isra.0
                0x00000000100084cc       0xf8 CMakeFiles/RP2040matrix_64_BCM.dir/home/oxiin/pico/pico-sdk/src/rp2_common/pico_stdio/stdio.c.obj
 .text.__wrap_putchar
                0x00000000100085c4       0xa0 CMakeFiles/RP2040matrix_64_BCM.dir/home/oxiin/pico/pico-sdk/src/rp2_common/pico_stdio/stdio.c.obj
                0x00000000100085c4                __wrap_putchar
 .text.__wrap_puts
                0x0000000010008664       0x3c CMakeFiles/RP2040matrix_64_BCM.dir/home/oxiin/pico/pico-sdk/src/rp2_common/pico_stdio/stdio.c.obj
                0x0000000010008664                __wrap_puts
 .text.stdio_set_driver_enabled
                0x00000000100086a0       0x30 CMakeFiles/RP2040matrix_64_BCM.dir/home/oxiin/pico/pico-sdk/src/rp2_common/pico_stdio/stdio.c.obj
                0x00000000100086a0                stdio_set_driver_enabled
 .text.__wrap_vprintf
                0x00000000100086d0       0xd8 CMakeFiles/RP2040matrix_64_BCM.dir/home/oxiin/pico/pico-sdk/src/rp2_common/pico_stdio/stdio.c.obj
                0x00000000100086d0                __wrap_vprintf
 .text.__wrap_printf
                0x00000000100087a8       0x18 CMakeFiles/RP2040matrix_64_BCM.dir/home/oxiin/pico/pico-sdk/src/rp2_common/pico_stdio/stdio.c.obj
                0x00000000100087a8                __wrap_printf
 .text.stdio_init_all
                0x00000000100087c0        0x8 CMakeFiles/RP2040matrix_64_BCM.dir/home/oxiin/pico/pico-sdk/src/rp2_common/pico_stdio/stdio.c.obj
                0x00000000100087c0                stdio_init_all
 .text.resetd_init
                0x00000000100087c8        0x4 CMakeFiles/RP2040matrix_64_BCM.dir/home/oxiin/pico/pico-sdk/src/rp2_common/pico_stdio_usb/reset_interface.c.obj
 .text.resetd_reset
                0x00000000100087cc        0xc CMakeFiles/RP2040matrix_64_BCM.dir/home/oxiin/pico/pico-sdk/src/rp2_common/pico_stdio_usb/reset_interface.c.obj
 .text.resetd_open
                0x00000000100087d8       0x28 CMakeFiles/RP2040matrix_64_BCM.dir/home/oxiin/pico/pico-sdk/src/rp2_common/pico_stdio_usb/reset_interface.c.obj
 .text.resetd_xfer_cb
                0x0000000010008800        0x4 CMakeFiles/RP2040matrix_64_BCM.dir/home/oxiin/pico/pico-sdk/src/rp2_common/pico_stdio_usb/reset_interface.c.obj
 .text.resetd_control_xfer_cb
                0x0000000010008804       0x64 CMakeFiles/RP2040matrix_64_BCM.dir/home/oxiin/pico/pico-sdk/src/rp2_common/pico_stdio_usb/reset_interface.c.obj
 .text.usbd_app_driver_get_cb
                0x0000000010008868        0xc CMakeFiles/RP2040matrix_64_BCM.dir/home/oxiin/pico/pico-sdk/src/rp2_common/pico_stdio_usb/reset_interface.c.obj
                0x0000000010008868                usbd_app_driver_get_cb
 .text.tud_cdc_line_coding_cb
                0x0000000010008874       0x34 CMakeFiles/RP2040matrix_64_BCM.dir/home/oxiin/pico/pico-sdk/src/rp2_common/pico_stdio_usb/reset_interface.c.obj
                0x0000000010008874                tud_cdc_line_coding_cb
 .text.stdio_usb_in_chars
                0x00000000100088a8       0x68 CMakeFiles/RP2040matrix_64_BCM.dir/home/oxiin/pico/pico-sdk/src/rp2_common/pico_stdio_usb/stdio_usb.c.obj
                0x00000000100088a8                stdio_usb_in_chars
 .text.stdio_usb_out_chars
                0x0000000010008910       0xe4 CMakeFiles/RP2040matrix_64_BCM.dir/home/oxiin/pico/pico-sdk/src/rp2_common/pico_stdio_usb/stdio_usb.c.obj
 .text.timer_task
                0x00000000100089f4       0x18 CMakeFiles/RP2040matrix_64_BCM.dir/home/oxiin/pico/pico-sdk/src/rp2_common/pico_stdio_usb/stdio_usb.c.obj
 .text.usb_irq  0x0000000010008a0c       0x10 CMakeFiles/RP2040matrix_64_BCM.dir/home/oxiin/pico/pico-sdk/src/rp2_common/pico_stdio_usb/stdio_usb.c.obj
 .text.low_priority_worker_irq
                0x0000000010008a1c       0x24 CMakeFiles/RP2040matrix_64_BCM.dir/home/oxiin/pico/pico-sdk/src/rp2_common/pico_stdio_usb/stdio_usb.c.obj
 .text.stdio_usb_init
                0x0000000010008a40       0xb0 CMakeFiles/RP2040matrix_64_BCM.dir/home/oxiin/pico/pico-sdk/src/rp2_common/pico_stdio_usb/stdio_usb.c.obj
                0x0000000010008a40                stdio_usb_init
 .text.tud_descriptor_device_cb
                0x0000000010008af0        0x8 CMakeFiles/RP2040matrix_64_BCM.dir/home/oxiin/pico/pico-sdk/src/rp2_common/pico_stdio_usb/stdio_usb_descriptors.c.obj
                0x0000000010008af0                tud_descriptor_device_cb
 .text.tud_descriptor_configuration_cb
                0x0000000010008af8        0x8 CMakeFiles/RP2040matrix_64_BCM.dir/home/oxiin/pico/pico-sdk/src/rp2_common/pico_stdio_usb/stdio_usb_descriptors.c.obj
                0x0000000010008af8                tud_descriptor_configuration_cb
 .text.tud_descriptor_string_cb
                0x0000000010008b00       0x74 CMakeFiles/RP2040matrix_64_BCM.dir/home/oxiin/pico/pico-sdk/src/rp2_common/pico_stdio_usb/stdio_usb_descriptors.c.obj
                0x0000000010008b00                tud_descriptor_string_cb
 .text.dcd_rp2040_irq
                0x0000000010008b74      0x21c CMakeFiles/RP2040matrix_64_BCM.dir/home/oxiin/pico/pico-sdk/lib/tinyusb/src/portable/raspberrypi/rp2040/dcd_rp2040.c.obj
 .text.dcd_int_enable
                0x0000000010008d90        0xc CMakeFiles/RP2040matrix_64_BCM.dir/home/oxiin/pico/pico-sdk/lib/tinyusb/src/portable/raspberrypi/rp2040/dcd_rp2040.c.obj
                0x0000000010008d90                dcd_int_enable
 .text.dcd_set_address
                0x0000000010008d9c       0x14 CMakeFiles/RP2040matrix_64_BCM.dir/home/oxiin/pico/pico-sdk/lib/tinyusb/src/portable/raspberrypi/rp2040/dcd_rp2040.c.obj
                0x0000000010008d9c                dcd_set_address
 .text.dcd_connect
                0x0000000010008db0       0x10 CMakeFiles/RP2040matrix_64_BCM.dir/home/oxiin/pico/pico-sdk/lib/tinyusb/src/portable/raspberrypi/rp2040/dcd_rp2040.c.obj
                0x0000000010008db0                dcd_connect
 .text.dcd_init
                0x0000000010008dc0      0x144 CMakeFiles/RP2040matrix_64_BCM.dir/home/oxiin/pico/pico-sdk/lib/tinyusb/src/portable/raspberrypi/rp2040/dcd_rp2040.c.obj
                0x0000000010008dc0                dcd_init
 .text.dcd_edpt0_status_complete
                0x0000000010008f04       0x1c CMakeFiles/RP2040matrix_64_BCM.dir/home/oxiin/pico/pico-sdk/lib/tinyusb/src/portable/raspberrypi/rp2040/dcd_rp2040.c.obj
                0x0000000010008f04                dcd_edpt0_status_complete
 .text.dcd_edpt_open
                0x0000000010008f20       0xf0 CMakeFiles/RP2040matrix_64_BCM.dir/home/oxiin/pico/pico-sdk/lib/tinyusb/src/portable/raspberrypi/rp2040/dcd_rp2040.c.obj
                0x0000000010008f20                dcd_edpt_open
 .text.dcd_edpt_close_all
                0x0000000010009010       0xbc CMakeFiles/RP2040matrix_64_BCM.dir/home/oxiin/pico/pico-sdk/lib/tinyusb/src/portable/raspberrypi/rp2040/dcd_rp2040.c.obj
                0x0000000010009010                dcd_edpt_close_all
 .text.dcd_edpt_xfer
                0x00000000100090cc       0x24 CMakeFiles/RP2040matrix_64_BCM.dir/home/oxiin/pico/pico-sdk/lib/tinyusb/src/portable/raspberrypi/rp2040/dcd_rp2040.c.obj
                0x00000000100090cc                dcd_edpt_xfer
 .text.dcd_edpt_stall
                0x00000000100090f0       0x38 CMakeFiles/RP2040matrix_64_BCM.dir/home/oxiin/pico/pico-sdk/lib/tinyusb/src/portable/raspberrypi/rp2040/dcd_rp2040.c.obj
                0x00000000100090f0                dcd_edpt_stall
 .text.dcd_edpt_clear_stall
                0x0000000010009128       0x30 CMakeFiles/RP2040matrix_64_BCM.dir/home/oxiin/pico/pico-sdk/lib/tinyusb/src/portable/raspberrypi/rp2040/dcd_rp2040.c.obj
                0x0000000010009128                dcd_edpt_clear_stall
 .text._hw_endpoint_buffer_control_update32.part.0.isra.0
                0x0000000010009158       0x1c CMakeFiles/RP2040matrix_64_BCM.dir/home/oxiin/pico/pico-sdk/lib/tinyusb/src/portable/raspberrypi/rp2040/rp2040_usb.c.obj
 .text.rp2040_usb_init
                0x0000000010009174       0x4c CMakeFiles/RP2040matrix_64_BCM.dir/home/oxiin/pico/pico-sdk/lib/tinyusb/src/portable/raspberrypi/rp2040/rp2040_usb.c.obj
                0x0000000010009174                rp2040_usb_init
 .text.hw_endpoint_reset_transfer
                0x00000000100091c0        0xc CMakeFiles/RP2040matrix_64_BCM.dir/home/oxiin/pico/pico-sdk/lib/tinyusb/src/portable/raspberrypi/rp2040/rp2040_usb.c.obj
                0x00000000100091c0                hw_endpoint_reset_transfer
 .text._hw_endpoint_buffer_control_update32
                0x00000000100091cc       0x44 CMakeFiles/RP2040matrix_64_BCM.dir/home/oxiin/pico/pico-sdk/lib/tinyusb/src/portable/raspberrypi/rp2040/rp2040_usb.c.obj
                0x00000000100091cc                _hw_endpoint_buffer_control_update32
 .text.hw_endpoint_xfer_start
                0x0000000010009210      0x138 CMakeFiles/RP2040matrix_64_BCM.dir/home/oxiin/pico/pico-sdk/lib/tinyusb/src/portable/raspberrypi/rp2040/rp2040_usb.c.obj
                0x0000000010009210                hw_endpoint_xfer_start
 .text.hw_endpoint_xfer_continue
                0x0000000010009348      0x1e4 CMakeFiles/RP2040matrix_64_BCM.dir/home/oxiin/pico/pico-sdk/lib/tinyusb/src/portable/raspberrypi/rp2040/rp2040_usb.c.obj
                0x0000000010009348                hw_endpoint_xfer_continue
 .text.tud_mounted
                0x000000001000952c       0x10 CMakeFiles/RP2040matrix_64_BCM.dir/home/oxiin/pico/pico-sdk/lib/tinyusb/src/device/usbd.c.obj
                0x000000001000952c                tud_mounted
 .text.tud_suspended
                0x000000001000953c       0x10 CMakeFiles/RP2040matrix_64_BCM.dir/home/oxiin/pico/pico-sdk/lib/tinyusb/src/device/usbd.c.obj
                0x000000001000953c                tud_suspended
 .text.tud_inited
                0x000000001000954c        0xc CMakeFiles/RP2040matrix_64_BCM.dir/home/oxiin/pico/pico-sdk/lib/tinyusb/src/device/usbd.c.obj
                0x000000001000954c                tud_inited
 .text.tud_init
                0x0000000010009558       0xd8 CMakeFiles/RP2040matrix_64_BCM.dir/home/oxiin/pico/pico-sdk/lib/tinyusb/src/device/usbd.c.obj
                0x0000000010009558                tud_init
 .text.tud_task
                0x0000000010009630      0x8ec CMakeFiles/RP2040matrix_64_BCM.dir/home/oxiin/pico/pico-sdk/lib/tinyusb/src/device/usbd.c.obj
                0x0000000010009630                tud_task
 .text.dcd_event_bus_signal
                0x0000000010009f1c      0x120 CMakeFiles/RP2040matrix_64_BCM.dir/home/oxiin/pico/pico-sdk/lib/tinyusb/src/device/usbd.c.obj
                0x0000000010009f1c                dcd_event_bus_signal
 .text.dcd_event_bus_reset
                0x000000001000a03c       0x54 CMakeFiles/RP2040matrix_64_BCM.dir/home/oxiin/pico/pico-sdk/lib/tinyusb/src/device/usbd.c.obj
                0x000000001000a03c                dcd_event_bus_reset
 .text.dcd_event_setup_received
                0x000000001000a090       0x50 CMakeFiles/RP2040matrix_64_BCM.dir/home/oxiin/pico/pico-sdk/lib/tinyusb/src/device/usbd.c.obj
                0x000000001000a090                dcd_event_setup_received
 .text.dcd_event_xfer_complete
                0x000000001000a0e0       0x68 CMakeFiles/RP2040matrix_64_BCM.dir/home/oxiin/pico/pico-sdk/lib/tinyusb/src/device/usbd.c.obj
                0x000000001000a0e0                dcd_event_xfer_complete
 .text.usbd_open_edpt_pair
                0x000000001000a148       0x80 CMakeFiles/RP2040matrix_64_BCM.dir/home/oxiin/pico/pico-sdk/lib/tinyusb/src/device/usbd.c.obj
                0x000000001000a148                usbd_open_edpt_pair
 .text.usbd_edpt_open
                0x000000001000a1c8       0x30 CMakeFiles/RP2040matrix_64_BCM.dir/home/oxiin/pico/pico-sdk/lib/tinyusb/src/device/usbd.c.obj
                0x000000001000a1c8                usbd_edpt_open
 .text.usbd_edpt_claim
                0x000000001000a1f8       0x64 CMakeFiles/RP2040matrix_64_BCM.dir/home/oxiin/pico/pico-sdk/lib/tinyusb/src/device/usbd.c.obj
                0x000000001000a1f8                usbd_edpt_claim
 .text.usbd_edpt_release
                0x000000001000a25c       0x4c CMakeFiles/RP2040matrix_64_BCM.dir/home/oxiin/pico/pico-sdk/lib/tinyusb/src/device/usbd.c.obj
                0x000000001000a25c                usbd_edpt_release
 .text.usbd_edpt_xfer
                0x000000001000a2a8       0x48 CMakeFiles/RP2040matrix_64_BCM.dir/home/oxiin/pico/pico-sdk/lib/tinyusb/src/device/usbd.c.obj
                0x000000001000a2a8                usbd_edpt_xfer
 .text.tud_control_status
                0x000000001000a2f0       0x30 CMakeFiles/RP2040matrix_64_BCM.dir/home/oxiin/pico/pico-sdk/lib/tinyusb/src/device/usbd_control.c.obj
                0x000000001000a2f0                tud_control_status
 .text.tud_control_xfer
                0x000000001000a320       0xbc CMakeFiles/RP2040matrix_64_BCM.dir/home/oxiin/pico/pico-sdk/lib/tinyusb/src/device/usbd_control.c.obj
                0x000000001000a320                tud_control_xfer
 .text.usbd_control_reset
                0x000000001000a3dc       0x14 CMakeFiles/RP2040matrix_64_BCM.dir/home/oxiin/pico/pico-sdk/lib/tinyusb/src/device/usbd_control.c.obj
                0x000000001000a3dc                usbd_control_reset
 .text.usbd_control_set_complete_callback
                0x000000001000a3f0        0xc CMakeFiles/RP2040matrix_64_BCM.dir/home/oxiin/pico/pico-sdk/lib/tinyusb/src/device/usbd_control.c.obj
                0x000000001000a3f0                usbd_control_set_complete_callback
 .text.usbd_control_set_request
                0x000000001000a3fc       0x1c CMakeFiles/RP2040matrix_64_BCM.dir/home/oxiin/pico/pico-sdk/lib/tinyusb/src/device/usbd_control.c.obj
                0x000000001000a3fc                usbd_control_set_request
 .text.usbd_control_xfer_cb
                0x000000001000a418       0xfc CMakeFiles/RP2040matrix_64_BCM.dir/home/oxiin/pico/pico-sdk/lib/tinyusb/src/device/usbd_control.c.obj
                0x000000001000a418                usbd_control_xfer_cb
 .text.tud_cdc_n_connected
                0x000000001000a514       0x30 CMakeFiles/RP2040matrix_64_BCM.dir/home/oxiin/pico/pico-sdk/lib/tinyusb/src/class/cdc/cdc_device.c.obj
                0x000000001000a514                tud_cdc_n_connected
 .text.tud_cdc_n_available
                0x000000001000a544       0x18 CMakeFiles/RP2040matrix_64_BCM.dir/home/oxiin/pico/pico-sdk/lib/tinyusb/src/class/cdc/cdc_device.c.obj
                0x000000001000a544                tud_cdc_n_available
 .text.tud_cdc_n_read
                0x000000001000a55c       0x70 CMakeFiles/RP2040matrix_64_BCM.dir/home/oxiin/pico/pico-sdk/lib/tinyusb/src/class/cdc/cdc_device.c.obj
                0x000000001000a55c                tud_cdc_n_read
 .text.tud_cdc_n_write_flush
                0x000000001000a5cc       0x78 CMakeFiles/RP2040matrix_64_BCM.dir/home/oxiin/pico/pico-sdk/lib/tinyusb/src/class/cdc/cdc_device.c.obj
                0x000000001000a5cc                tud_cdc_n_write_flush
 .text.tud_cdc_n_write
                0x000000001000a644       0x34 CMakeFiles/RP2040matrix_64_BCM.dir/home/oxiin/pico/pico-sdk/lib/tinyusb/src/class/cdc/cdc_device.c.obj
                0x000000001000a644                tud_cdc_n_write
 .text.tud_cdc_n_write_available
                0x000000001000a678       0x18 CMakeFiles/RP2040matrix_64_BCM.dir/home/oxiin/pico/pico-sdk/lib/tinyusb/src/class/cdc/cdc_device.c.obj
                0x000000001000a678                tud_cdc_n_write_available
 .text.cdcd_init
                0x000000001000a690       0x7c CMakeFiles/RP2040matrix_64_BCM.dir/home/oxiin/pico/pico-sdk/lib/tinyusb/src/class/cdc/cdc_device.c.obj
                0x000000001000a690                cdcd_init
 .text.cdcd_reset
                0x000000001000a70c       0x2c CMakeFiles/RP2040matrix_64_BCM.dir/home/oxiin/pico/pico-sdk/lib/tinyusb/src/class/cdc/cdc_device.c.obj
                0x000000001000a70c                cdcd_reset
 .text.cdcd_open
                0x000000001000a738       0xe4 CMakeFiles/RP2040matrix_64_BCM.dir/home/oxiin/pico/pico-sdk/lib/tinyusb/src/class/cdc/cdc_device.c.obj
                0x000000001000a738                cdcd_open
 .text.cdcd_control_xfer_cb
                0x000000001000a81c       0xe4 CMakeFiles/RP2040matrix_64_BCM.dir/home/oxiin/pico/pico-sdk/lib/tinyusb/src/class/cdc/cdc_device.c.obj
                0x000000001000a81c                cdcd_control_xfer_cb
 .text.cdcd_xfer_cb
                0x000000001000a900      0x148 CMakeFiles/RP2040matrix_64_BCM.dir/home/oxiin/pico/pico-sdk/lib/tinyusb/src/class/cdc/cdc_device.c.obj
                0x000000001000a900                cdcd_xfer_cb
 .text.tusb_init
                0x000000001000aa48        0xc CMakeFiles/RP2040matrix_64_BCM.dir/home/oxiin/pico/pico-sdk/lib/tinyusb/src/tusb.c.obj
                0x000000001000aa48                tusb_init
 .text.tusb_inited
                0x000000001000aa54        0x8 CMakeFiles/RP2040matrix_64_BCM.dir/home/oxiin/pico/pico-sdk/lib/tinyusb/src/tusb.c.obj
                0x000000001000aa54                tusb_inited
 .text.tu_edpt_validate
                0x000000001000aa5c       0x78 CMakeFiles/RP2040matrix_64_BCM.dir/home/oxiin/pico/pico-sdk/lib/tinyusb/src/tusb.c.obj
                0x000000001000aa5c                tu_edpt_validate
 .text.tu_edpt_bind_driver
                0x000000001000aad4       0x2c CMakeFiles/RP2040matrix_64_BCM.dir/home/oxiin/pico/pico-sdk/lib/tinyusb/src/tusb.c.obj
                0x000000001000aad4                tu_edpt_bind_driver
 .text.tu_fifo_config
                0x000000001000ab00       0x78 CMakeFiles/RP2040matrix_64_BCM.dir/home/oxiin/pico/pico-sdk/lib/tinyusb/src/common/tusb_fifo.c.obj
                0x000000001000ab00                tu_fifo_config
 .text.tu_fifo_count
                0x000000001000ab78       0x20 CMakeFiles/RP2040matrix_64_BCM.dir/home/oxiin/pico/pico-sdk/lib/tinyusb/src/common/tusb_fifo.c.obj
                0x000000001000ab78                tu_fifo_count
 .text.tu_fifo_empty
                0x000000001000ab98       0x10 CMakeFiles/RP2040matrix_64_BCM.dir/home/oxiin/pico/pico-sdk/lib/tinyusb/src/common/tusb_fifo.c.obj
                0x000000001000ab98                tu_fifo_empty
 .text.tu_fifo_remaining
                0x000000001000aba8       0x1c CMakeFiles/RP2040matrix_64_BCM.dir/home/oxiin/pico/pico-sdk/lib/tinyusb/src/common/tusb_fifo.c.obj
                0x000000001000aba8                tu_fifo_remaining
 .text.tu_fifo_read
                0x000000001000abc4       0x9c CMakeFiles/RP2040matrix_64_BCM.dir/home/oxiin/pico/pico-sdk/lib/tinyusb/src/common/tusb_fifo.c.obj
                0x000000001000abc4                tu_fifo_read
 .text.tu_fifo_read_n
                0x000000001000ac60      0x100 CMakeFiles/RP2040matrix_64_BCM.dir/home/oxiin/pico/pico-sdk/lib/tinyusb/src/common/tusb_fifo.c.obj
                0x000000001000ac60                tu_fifo_read_n
 .text.tu_fifo_write
                0x000000001000ad60       0x7c CMakeFiles/RP2040matrix_64_BCM.dir/home/oxiin/pico/pico-sdk/lib/tinyusb/src/common/tusb_fifo.c.obj
                0x000000001000ad60                tu_fifo_write
 .text.tu_fifo_write_n
                0x000000001000addc      0x100 CMakeFiles/RP2040matrix_64_BCM.dir/home/oxiin/pico/pico-sdk/lib/tinyusb/src/common/tusb_fifo.c.obj
                0x000000001000addc                tu_fifo_write_n
 .text.tu_fifo_clear
                0x000000001000aedc       0x4c CMakeFiles/RP2040matrix_64_BCM.dir/home/oxiin/pico/pico-sdk/lib/tinyusb/src/common/tusb_fifo.c.obj
                0x000000001000aedc                tu_fifo_clear
 .text.tu_fifo_set_overwritable
                0x000000001000af28       0x3c CMakeFiles/RP2040matrix_64_BCM.dir/home/oxiin/pico/pico-sdk/lib/tinyusb/src/common/tusb_fifo.c.obj
                0x000000001000af28                tu_fifo_set_overwritable
 .text.startup._retrieve_unique_id_on_boot
                0x000000001000af64       0x10 CMakeFiles/RP2040matrix_64_BCM.dir/home/oxiin/pico/pico-sdk/src/rp2_common/pico_unique_id/unique_id.c.obj
 .text.pico_get_unique_board_id_string
                0x000000001000af74      0x1a8 CMakeFiles/RP2040matrix_64_BCM.dir/home/oxiin/pico/pico-sdk/src/rp2_common/pico_unique_id/unique_id.c.obj
                0x000000001000af74                pico_get_unique_board_id_string
 .text.flash_get_unique_id
                0x000000001000b11c       0x40 CMakeFiles/RP2040matrix_64_BCM.dir/home/oxiin/pico/pico-sdk/src/rp2_common/hardware_flash/flash.c.obj
                0x000000001000b11c                flash_get_unique_id
 .text          0x000000001000b15c       0x48 /usr/lib/gcc/arm-none-eabi/10.3.1/../../../arm-none-eabi/lib/thumb/v6-m/nofp/libc.a(lib_a-random.o)
                0x000000001000b15c                srandom
                0x000000001000b170                random
 .text          0x000000001000b1a4       0x5c /usr/lib/gcc/arm-none-eabi/10.3.1/../../../arm-none-eabi/lib/thumb/v6-m/nofp/libc.a(lib_a-strlen-stub.o)
                0x000000001000b1a4                strlen
 *(.fini)
 .fini          0x000000001000b200        0x4 /usr/lib/gcc/arm-none-eabi/10.3.1/thumb/v6-m/nofp/crti.o
                0x000000001000b200                _fini
 *fill*         0x000000001000b204        0x4 
 .fini.__stub   0x000000001000b208       0x70 linker stubs
 *crtbegin.o(.ctors)
 *crtbegin?.o(.ctors)
 *(EXCLUDE_FILE(*crtend.o *crtend?.o) .ctors)
 *(SORT_BY_NAME(.ctors.*))
 *(.ctors)
 *crtbegin.o(.dtors)
 *crtbegin?.o(.dtors)
 *(EXCLUDE_FILE(*crtend.o *crtend?.o) .dtors)
 *(SORT_BY_NAME(.dtors.*))
 *(.dtors)
 *(.eh_frame*)
 .eh_frame      0x000000001000b278        0x0 /usr/lib/gcc/arm-none-eabi/10.3.1/thumb/v6-m/nofp/crtbegin.o
                0x000000001000b278                . = ALIGN (0x4)

.glue_7         0x000000001000b278        0x0
 .glue_7        0x000000001000b278        0x0 linker stubs

.glue_7t        0x000000001000b278        0x0
 .glue_7t       0x000000001000b278        0x0 linker stubs

.vfp11_veneer   0x000000001000b278        0x0
 .vfp11_veneer  0x000000001000b278        0x0 linker stubs

.v4_bx          0x000000001000b278        0x0
 .v4_bx         0x000000001000b278        0x0 linker stubs

.iplt           0x000000001000b278        0x0
 .iplt          0x000000001000b278        0x0 /usr/lib/gcc/arm-none-eabi/10.3.1/thumb/v6-m/nofp/crtbegin.o

.rodata         0x000000001000b278      0x6d0
 *(EXCLUDE_FILE(*libm.a: *libc.a:*lib_a-mem*.o *libgcc.a:) .rodata*)
 .rodata.pongTask.str1.4
                0x000000001000b278       0x2b CMakeFiles/RP2040matrix_64_BCM.dir/RP2040matrixDemo.c.obj
 *fill*         0x000000001000b2a3        0x1 
 .rodata.app_main.str1.4
                0x000000001000b2a4       0x26 CMakeFiles/RP2040matrix_64_BCM.dir/RP2040matrixDemo.c.obj
 *fill*         0x000000001000b2ca        0x2 
 .rodata.main.str1.4
                0x000000001000b2cc        0xa CMakeFiles/RP2040matrix_64_BCM.dir/RP2040matrixDemo.c.obj
 *fill*         0x000000001000b2d6        0x2 
 .rodata.hub75_config.str1.4
                0x000000001000b2d8       0x1c CMakeFiles/RP2040matrix_64_BCM.dir/hub75_BCM.c.obj
                                         0x34 (size before relaxing)
 .rodata.ps_64_ctrl_program
                0x000000001000b2f4        0x6 CMakeFiles/RP2040matrix_64_BCM.dir/hub75_BCM.c.obj
 *fill*         0x000000001000b2fa        0x2 
 .rodata.ps_64_ctrl_program_instructions
                0x000000001000b2fc        0xa CMakeFiles/RP2040matrix_64_BCM.dir/hub75_BCM.c.obj
 *fill*         0x000000001000b306        0x2 
 .rodata.ps_64_data2_program
                0x000000001000b308        0x6 CMakeFiles/RP2040matrix_64_BCM.dir/hub75_BCM.c.obj
 *fill*         0x000000001000b30e        0x2 
 .rodata.ps_64_data2_program_instructions
                0x000000001000b310       0x16 CMakeFiles/RP2040matrix_64_BCM.dir/hub75_BCM.c.obj
 *fill*         0x000000001000b326        0x2 
 .rodata.playPongGame.str1.4
                0x000000001000b328       0x4d CMakeFiles/RP2040matrix_64_BCM.dir/pong.c.obj
                                         0x65 (size before relaxing)
 *fill*         0x000000001000b375        0x3 
 .rodata.LEDmx_start.str1.4
                0x000000001000b378        0xb CMakeFiles/RP2040matrix_64_BCM.dir/LEDmx.c.obj
 *fill*         0x000000001000b383        0x1 
 .rodata.pio_claim_unused_sm.str1.4
                0x000000001000b384       0x24 CMakeFiles/RP2040matrix_64_BCM.dir/home/oxiin/pico/pico-sdk/src/rp2_common/hardware_pio/pio.c.obj
 .rodata.pio_add_program.str1.4
                0x000000001000b3a8       0x11 CMakeFiles/RP2040matrix_64_BCM.dir/home/oxiin/pico/pico-sdk/src/rp2_common/hardware_pio/pio.c.obj
 *fill*         0x000000001000b3b9        0x3 
 .rodata.spin_lock_claim_unused.str1.4
                0x000000001000b3bc       0x1b CMakeFiles/RP2040matrix_64_BCM.dir/home/oxiin/pico/pico-sdk/src/rp2_common/hardware_sync/sync.c.obj
 *fill*         0x000000001000b3d7        0x1 
 .rodata.user_irq_claim_unused.str1.4
                0x000000001000b3d8       0x1b CMakeFiles/RP2040matrix_64_BCM.dir/home/oxiin/pico/pico-sdk/src/rp2_common/hardware_irq/irq.c.obj
 *fill*         0x000000001000b3f3        0x1 
 .rodata.hardware_alarm_claim.str1.4
                0x000000001000b3f4       0x22 CMakeFiles/RP2040matrix_64_BCM.dir/home/oxiin/pico/pico-sdk/src/rp2_common/hardware_timer/timer.c.obj
 *fill*         0x000000001000b416        0x2 
 .rodata.dma_claim_unused_channel.str1.4
                0x000000001000b418       0x1e CMakeFiles/RP2040matrix_64_BCM.dir/home/oxiin/pico/pico-sdk/src/rp2_common/hardware_dma/dma.c.obj
 *fill*         0x000000001000b436        0x2 
 .rodata.prvTimerTask
                0x000000001000b438       0x28 CMakeFiles/RP2040matrix_64_BCM.dir/home/oxiin/pico/FreeRTOS/FreeRTOS/Source/timers.c.obj
 .rodata.xTimerCreateTimerTask.str1.4
                0x000000001000b460       0x10 CMakeFiles/RP2040matrix_64_BCM.dir/home/oxiin/pico/FreeRTOS/FreeRTOS/Source/timers.c.obj
 .rodata.panic.str1.4
                0x000000001000b470       0x10 CMakeFiles/RP2040matrix_64_BCM.dir/home/oxiin/pico/pico-sdk/src/rp2_common/pico_runtime/runtime.c.obj
                                         0x12 (size before relaxing)
 .rodata.panic_unsupported.str1.4
                0x000000001000b480        0xe CMakeFiles/RP2040matrix_64_BCM.dir/home/oxiin/pico/pico-sdk/src/rp2_common/pico_runtime/runtime.c.obj
 *fill*         0x000000001000b48e        0x2 
 .rodata.hard_assertion_failure.str1.4
                0x000000001000b490        0xc CMakeFiles/RP2040matrix_64_BCM.dir/home/oxiin/pico/pico-sdk/src/rp2_common/pico_runtime/runtime.c.obj
 .rodata._ftoa.str1.4
                0x000000001000b49c       0x15 CMakeFiles/RP2040matrix_64_BCM.dir/home/oxiin/pico/pico-sdk/src/rp2_common/pico_printf/printf.c.obj
 *fill*         0x000000001000b4b1        0x3 
 .rodata._vsnprintf
                0x000000001000b4b4      0x1e0 CMakeFiles/RP2040matrix_64_BCM.dir/home/oxiin/pico/pico-sdk/src/rp2_common/pico_printf/printf.c.obj
 *fill*         0x000000001000b694        0x4 
 .rodata.pow10.0
                0x000000001000b698       0x50 CMakeFiles/RP2040matrix_64_BCM.dir/home/oxiin/pico/pico-sdk/src/rp2_common/pico_printf/printf.c.obj
 .rodata.str1.4
                0x000000001000b6e8       0x48 CMakeFiles/RP2040matrix_64_BCM.dir/home/oxiin/pico/pico-sdk/src/rp2_common/pico_standard_link/binary_info.c.obj
 .rodata.__bi_44
                0x000000001000b730        0xc CMakeFiles/RP2040matrix_64_BCM.dir/home/oxiin/pico/pico-sdk/src/rp2_common/pico_standard_link/binary_info.c.obj
 .rodata.__bi_75
                0x000000001000b73c        0xc CMakeFiles/RP2040matrix_64_BCM.dir/home/oxiin/pico/pico-sdk/src/rp2_common/pico_standard_link/binary_info.c.obj
 .rodata.__bi_81
                0x000000001000b748        0xc CMakeFiles/RP2040matrix_64_BCM.dir/home/oxiin/pico/pico-sdk/src/rp2_common/pico_standard_link/binary_info.c.obj
 .rodata.crlf_str.0
                0x000000001000b754        0x2 CMakeFiles/RP2040matrix_64_BCM.dir/home/oxiin/pico/pico-sdk/src/rp2_common/pico_stdio/stdio.c.obj
 *fill*         0x000000001000b756        0x2 
 .rodata._resetd_driver
                0x000000001000b758       0x18 CMakeFiles/RP2040matrix_64_BCM.dir/home/oxiin/pico/pico-sdk/src/rp2_common/pico_stdio_usb/reset_interface.c.obj
 .rodata.str1.4
                0x000000001000b770       0x13 CMakeFiles/RP2040matrix_64_BCM.dir/home/oxiin/pico/pico-sdk/src/rp2_common/pico_stdio_usb/stdio_usb.c.obj
 *fill*         0x000000001000b783        0x1 
 .rodata.__bi_118.0
                0x000000001000b784        0xc CMakeFiles/RP2040matrix_64_BCM.dir/home/oxiin/pico/pico-sdk/src/rp2_common/pico_stdio_usb/stdio_usb.c.obj
 .rodata.str1.4
                0x000000001000b790       0x2a CMakeFiles/RP2040matrix_64_BCM.dir/home/oxiin/pico/pico-sdk/src/rp2_common/pico_stdio_usb/stdio_usb_descriptors.c.obj
 *fill*         0x000000001000b7ba        0x2 
 .rodata.usbd_desc_cfg
                0x000000001000b7bc       0x54 CMakeFiles/RP2040matrix_64_BCM.dir/home/oxiin/pico/pico-sdk/src/rp2_common/pico_stdio_usb/stdio_usb_descriptors.c.obj
 .rodata.usbd_desc_device
                0x000000001000b810       0x12 CMakeFiles/RP2040matrix_64_BCM.dir/home/oxiin/pico/pico-sdk/src/rp2_common/pico_stdio_usb/stdio_usb_descriptors.c.obj
 *fill*         0x000000001000b822        0x2 
 .rodata.usbd_desc_str
                0x000000001000b824       0x18 CMakeFiles/RP2040matrix_64_BCM.dir/home/oxiin/pico/pico-sdk/src/rp2_common/pico_stdio_usb/stdio_usb_descriptors.c.obj
 .rodata.dcd_rp2040_irq.str1.4
                0x000000001000b83c       0x14 CMakeFiles/RP2040matrix_64_BCM.dir/home/oxiin/pico/pico-sdk/lib/tinyusb/src/portable/raspberrypi/rp2040/dcd_rp2040.c.obj
 .rodata._hw_endpoint_buffer_control_update32.part.0.isra.0.str1.4
                0x000000001000b850       0x1f CMakeFiles/RP2040matrix_64_BCM.dir/home/oxiin/pico/pico-sdk/lib/tinyusb/src/portable/raspberrypi/rp2040/rp2040_usb.c.obj
 *fill*         0x000000001000b86f        0x1 
 .rodata.hw_endpoint_xfer_continue.str1.4
                0x000000001000b870       0x29 CMakeFiles/RP2040matrix_64_BCM.dir/home/oxiin/pico/pico-sdk/lib/tinyusb/src/portable/raspberrypi/rp2040/rp2040_usb.c.obj
 *fill*         0x000000001000b899        0x3 
 .rodata.str1.4
                0x000000001000b89c        0x7 CMakeFiles/RP2040matrix_64_BCM.dir/home/oxiin/pico/pico-sdk/lib/tinyusb/src/portable/raspberrypi/rp2040/rp2040_usb.c.obj
 *fill*         0x000000001000b8a3        0x1 
 .rodata.tud_task
                0x000000001000b8a4       0x8c CMakeFiles/RP2040matrix_64_BCM.dir/home/oxiin/pico/pico-sdk/lib/tinyusb/src/device/usbd.c.obj
 .rodata._usbd_driver
                0x000000001000b930       0x18 CMakeFiles/RP2040matrix_64_BCM.dir/home/oxiin/pico/pico-sdk/lib/tinyusb/src/device/usbd.c.obj
                0x000000001000b948                . = ALIGN (0x4)
 *(SORT_BY_ALIGNMENT(SORT_BY_NAME(.flashdata*)))
                0x000000001000b948                . = ALIGN (0x4)

.rel.dyn        0x000000001000b948        0x0
 .rel.iplt      0x000000001000b948        0x0 /usr/lib/gcc/arm-none-eabi/10.3.1/thumb/v6-m/nofp/crtbegin.o

.ARM.extab
 *(.ARM.extab* .gnu.linkonce.armextab.*)
                0x000000001000b948                __exidx_start = .

.ARM.exidx
 *(.ARM.exidx* .gnu.linkonce.armexidx.*)
                0x000000001000b948                __exidx_end = .
                0x000000001000b948                . = ALIGN (0x4)
                0x000000001000b948                __binary_info_start = .

.binary_info    0x000000001000b948       0x20
 *(.binary_info.keep.*)
 .binary_info.keep.__bi_ptr22
                0x000000001000b948        0x4 CMakeFiles/RP2040matrix_64_BCM.dir/home/oxiin/pico/pico-sdk/src/rp2_common/pico_standard_link/binary_info.c.obj
 .binary_info.keep.__bi_ptr30
                0x000000001000b94c        0x4 CMakeFiles/RP2040matrix_64_BCM.dir/home/oxiin/pico/pico-sdk/src/rp2_common/pico_standard_link/binary_info.c.obj
 .binary_info.keep.__bi_ptr38
                0x000000001000b950        0x4 CMakeFiles/RP2040matrix_64_BCM.dir/home/oxiin/pico/pico-sdk/src/rp2_common/pico_standard_link/binary_info.c.obj
 .binary_info.keep.__bi_ptr44
                0x000000001000b954        0x4 CMakeFiles/RP2040matrix_64_BCM.dir/home/oxiin/pico/pico-sdk/src/rp2_common/pico_standard_link/binary_info.c.obj
 .binary_info.keep.__bi_ptr50
                0x000000001000b958        0x4 CMakeFiles/RP2040matrix_64_BCM.dir/home/oxiin/pico/pico-sdk/src/rp2_common/pico_standard_link/binary_info.c.obj
 .binary_info.keep.__bi_ptr75
                0x000000001000b95c        0x4 CMakeFiles/RP2040matrix_64_BCM.dir/home/oxiin/pico/pico-sdk/src/rp2_common/pico_standard_link/binary_info.c.obj
 .binary_info.keep.__bi_ptr81
                0x000000001000b960        0x4 CMakeFiles/RP2040matrix_64_BCM.dir/home/oxiin/pico/pico-sdk/src/rp2_common/pico_standard_link/binary_info.c.obj
 *(.binary_info.*)
 .binary_info.__bi_ptr118
                0x000000001000b964        0x4 CMakeFiles/RP2040matrix_64_BCM.dir/home/oxiin/pico/pico-sdk/src/rp2_common/pico_stdio_usb/stdio_usb.c.obj
                0x000000001000b968                __binary_info_end = .
                0x000000001000b968                . = ALIGN (0x4)
                0x000000001000b968                __etext = .

.ram_vector_table
                0x0000000020000000       0xc0
 *(.ram_vector_table)
 .ram_vector_table
                0x0000000020000000       0xc0 CMakeFiles/RP2040matrix_64_BCM.dir/home/oxiin/pico/pico-sdk/src/rp2_common/pico_runtime/runtime.c.obj
                0x0000000020000000                ram_vector_table

.data           0x00000000200000c0      0x80c load address 0x000000001000b968
                0x00000000200000c0                __data_start__ = .
 *(vtable)
 *(.time_critical*)
 .time_critical.mutex_enter_blocking
                0x00000000200000c0       0x3c CMakeFiles/RP2040matrix_64_BCM.dir/home/oxiin/pico/pico-sdk/src/common/pico_sync/mutex.c.obj
                0x00000000200000c0                mutex_enter_blocking
 .time_critical.mutex_try_enter
                0x00000000200000fc       0x44 CMakeFiles/RP2040matrix_64_BCM.dir/home/oxiin/pico/pico-sdk/src/common/pico_sync/mutex.c.obj
                0x00000000200000fc                mutex_try_enter
 .time_critical.mutex_enter_timeout_ms
                0x0000000020000140       0x88 CMakeFiles/RP2040matrix_64_BCM.dir/home/oxiin/pico/pico-sdk/src/common/pico_sync/mutex.c.obj
                0x0000000020000140                mutex_enter_timeout_ms
 .time_critical.mutex_exit
                0x00000000200001c8       0x20 CMakeFiles/RP2040matrix_64_BCM.dir/home/oxiin/pico/pico-sdk/src/common/pico_sync/mutex.c.obj
                0x00000000200001c8                mutex_exit
 .time_critical.flash_init_boot2_copyout
                0x00000000200001e8       0x30 CMakeFiles/RP2040matrix_64_BCM.dir/home/oxiin/pico/pico-sdk/src/rp2_common/hardware_flash/flash.c.obj
 .time_critical.flash_enable_xip_via_boot2
                0x0000000020000218       0x10 CMakeFiles/RP2040matrix_64_BCM.dir/home/oxiin/pico/pico-sdk/src/rp2_common/hardware_flash/flash.c.obj
 .time_critical.flash_cs_force
                0x0000000020000228       0x38 CMakeFiles/RP2040matrix_64_BCM.dir/home/oxiin/pico/pico-sdk/src/rp2_common/hardware_flash/flash.c.obj
 .time_critical.flash_do_cmd
                0x0000000020000260       0xc4 CMakeFiles/RP2040matrix_64_BCM.dir/home/oxiin/pico/pico-sdk/src/rp2_common/hardware_flash/flash.c.obj
                0x0000000020000260                flash_do_cmd
 *(.text*)
 .text          0x0000000020000324        0x4 /usr/lib/gcc/arm-none-eabi/10.3.1/thumb/v6-m/nofp/libgcc.a(_dvmd_tls.o)
                0x0000000020000324                __aeabi_ldiv0
                0x0000000020000324                __aeabi_idiv0
 .text.__stub   0x0000000020000328       0x60 linker stubs
                0x0000000020000388                . = ALIGN (0x4)
 *(.rodata*)
                0x0000000020000388                . = ALIGN (0x4)
 *(.data*)
 .data.bcmCounter
                0x0000000020000388        0x2 CMakeFiles/RP2040matrix_64_BCM.dir/hub75_BCM.c.obj
                0x0000000020000388                bcmCounter
 .data.bitPlanes
                0x000000002000038a        0x2 CMakeFiles/RP2040matrix_64_BCM.dir/hub75_BCM.c.obj
                0x000000002000038a                bitPlanes
 .data.ledmxActiveImage
                0x000000002000038c        0x4 CMakeFiles/RP2040matrix_64_BCM.dir/LEDmx.c.obj
                0x000000002000038c                ledmxActiveImage
 .data.striped_spin_lock_num
                0x0000000020000390        0x1 CMakeFiles/RP2040matrix_64_BCM.dir/home/oxiin/pico/pico-sdk/src/rp2_common/hardware_sync/sync.c.obj
 *fill*         0x0000000020000391        0x3 
 .data          0x0000000020000394       0x48 CMakeFiles/RP2040matrix_64_BCM.dir/home/oxiin/pico/pico-sdk/src/rp2_common/hardware_irq/irq_handler_chain.S.obj
                0x0000000020000394                irq_handler_chain_slots
                0x00000000200003c4                irq_handler_chain_first_slot
                0x00000000200003ce                irq_handler_chain_remove_tail
 .data.default_alarm_pool
                0x00000000200003dc       0x18 CMakeFiles/RP2040matrix_64_BCM.dir/home/oxiin/pico/pico-sdk/src/common/pico_time/time.c.obj
 .data.default_alarm_pool_heap
                0x00000000200003f4       0x10 CMakeFiles/RP2040matrix_64_BCM.dir/home/oxiin/pico/pico-sdk/src/common/pico_time/time.c.obj
 .data.ucLaunchCoreNum
                0x0000000020000404        0x1 CMakeFiles/RP2040matrix_64_BCM.dir/home/oxiin/pico/FreeRTOS/FreeRTOS/Source/portable/ThirdParty/GCC/RP2040/port.c.obj
 *fill*         0x0000000020000405        0x3 
 .data.uxTopUsedPriority
                0x0000000020000408        0x4 CMakeFiles/RP2040matrix_64_BCM.dir/home/oxiin/pico/FreeRTOS/FreeRTOS/Source/tasks.c.obj
                0x0000000020000408                uxTopUsedPriority
 *fill*         0x000000002000040c        0x4 
 .data.aeabi_bits_funcs
                0x0000000020000410       0x10 CMakeFiles/RP2040matrix_64_BCM.dir/home/oxiin/pico/pico-sdk/src/rp2_common/pico_bit_ops/bit_ops_aeabi.S.obj
                0x0000000020000410                aeabi_bits_funcs
                0x0000000020000420                aeabi_bits_funcs_end
 .data.aeabi_mem_funcs
                0x0000000020000420       0x10 CMakeFiles/RP2040matrix_64_BCM.dir/home/oxiin/pico/pico-sdk/src/rp2_common/pico_mem_ops/mem_ops_aeabi.S.obj
                0x0000000020000420                aeabi_mem_funcs
                0x0000000020000430                aeabi_mem_funcs_end
 .data.stdio_usb
                0x0000000020000430       0x14 CMakeFiles/RP2040matrix_64_BCM.dir/home/oxiin/pico/pico-sdk/src/rp2_common/pico_stdio_usb/stdio_usb.c.obj
                0x0000000020000430                stdio_usb
 .data.ep_dir_string
                0x0000000020000444        0x8 CMakeFiles/RP2040matrix_64_BCM.dir/home/oxiin/pico/pico-sdk/lib/tinyusb/src/portable/raspberrypi/rp2040/rp2040_usb.c.obj
                0x0000000020000444                ep_dir_string
 .data._usbd_qdef
                0x000000002000044c       0x24 CMakeFiles/RP2040matrix_64_BCM.dir/home/oxiin/pico/pico-sdk/lib/tinyusb/src/device/usbd.c.obj
                0x000000002000044c                _usbd_qdef
 .data          0x0000000020000470      0x430 /usr/lib/gcc/arm-none-eabi/10.3.1/../../../arm-none-eabi/lib/thumb/v6-m/nofp/libc.a(lib_a-impure.o)
                0x0000000020000470                _impure_ptr
                0x00000000200008a0                . = ALIGN (0x4)
 *(.after_data.*)
                0x00000000200008a0                . = ALIGN (0x4)
                0x00000000200008a0                PROVIDE (__mutex_array_start = .)
 *(SORT_BY_NAME(.mutex_array.*))
 *(.mutex_array)
 .mutex_array   0x00000000200008a0        0x8 CMakeFiles/RP2040matrix_64_BCM.dir/home/oxiin/pico/pico-sdk/src/rp2_common/pico_malloc/pico_malloc.c.obj
 .mutex_array   0x00000000200008a8        0x8 CMakeFiles/RP2040matrix_64_BCM.dir/home/oxiin/pico/pico-sdk/src/rp2_common/pico_stdio/stdio.c.obj
                0x00000000200008b0                PROVIDE (__mutex_array_end = .)
                0x00000000200008b0                . = ALIGN (0x4)
                0x00000000200008b0                PROVIDE (__preinit_array_start = .)
 *(SORT_BY_NAME(.preinit_array.*))
 .preinit_array.00001
                0x00000000200008b0        0x4 CMakeFiles/RP2040matrix_64_BCM.dir/home/oxiin/pico/pico-sdk/src/rp2_common/pico_mem_ops/mem_ops_aeabi.S.obj
 .preinit_array.00010