Archive member included to satisfy reference by file (symbol)

/usr/lib/gcc/arm-none-eabi/10.3.1/thumb/v6-m/nofp/libgcc.a(_dvmd_tls.o)
                              CMakeFiles/RP2040matrix.dir/home/oxiin/pico/pico-sdk/src/rp2_common/pico_divider/divider.S.obj (__aeabi_idiv0)
/usr/lib/gcc/arm-none-eabi/10.3.1/../../../arm-none-eabi/lib/thumb/v6-m/nofp/libc.a(lib_a-atexit.o)
                              /usr/lib/gcc/arm-none-eabi/10.3.1/../../../arm-none-eabi/lib/thumb/v6-m/nofp/crt0.o (atexit)
/usr/lib/gcc/arm-none-eabi/10.3.1/../../../arm-none-eabi/lib/thumb/v6-m/nofp/libc.a(lib_a-calloc.o)
                              CMakeFiles/RP2040matrix.dir/home/oxiin/pico/pico-sdk/src/rp2_common/pico_malloc/pico_malloc.c.obj (calloc)
/usr/lib/gcc/arm-none-eabi/10.3.1/../../../arm-none-eabi/lib/thumb/v6-m/nofp/libc.a(lib_a-callocr.o)
                              /usr/lib/gcc/arm-none-eabi/10.3.1/../../../arm-none-eabi/lib/thumb/v6-m/nofp/libc.a(lib_a-calloc.o) (_calloc_r)
/usr/lib/gcc/arm-none-eabi/10.3.1/../../../arm-none-eabi/lib/thumb/v6-m/nofp/libc.a(lib_a-fini.o)
                              /usr/lib/gcc/arm-none-eabi/10.3.1/../../../arm-none-eabi/lib/thumb/v6-m/nofp/crt0.o (__libc_fini_array)
/usr/lib/gcc/arm-none-eabi/10.3.1/../../../arm-none-eabi/lib/thumb/v6-m/nofp/libc.a(lib_a-impure.o)
                              /usr/lib/gcc/arm-none-eabi/10.3.1/../../../arm-none-eabi/lib/thumb/v6-m/nofp/libc.a(lib_a-calloc.o) (_impure_ptr)
/usr/lib/gcc/arm-none-eabi/10.3.1/../../../arm-none-eabi/lib/thumb/v6-m/nofp/libc.a(lib_a-init.o)
                              /usr/lib/gcc/arm-none-eabi/10.3.1/../../../arm-none-eabi/lib/thumb/v6-m/nofp/crt0.o (__libc_init_array)
/usr/lib/gcc/arm-none-eabi/10.3.1/../../../arm-none-eabi/lib/thumb/v6-m/nofp/libc.a(lib_a-malloc.o)
                              CMakeFiles/RP2040matrix.dir/home/oxiin/pico/pico-sdk/src/rp2_common/pico_malloc/pico_malloc.c.obj (malloc)
/usr/lib/gcc/arm-none-eabi/10.3.1/../../../arm-none-eabi/lib/thumb/v6-m/nofp/libc.a(lib_a-mallocr.o)
                              /usr/lib/gcc/arm-none-eabi/10.3.1/../../../arm-none-eabi/lib/thumb/v6-m/nofp/libc.a(lib_a-callocr.o) (_malloc_r)
/usr/lib/gcc/arm-none-eabi/10.3.1/../../../arm-none-eabi/lib/thumb/v6-m/nofp/libc.a(lib_a-mlock.o)
                              /usr/lib/gcc/arm-none-eabi/10.3.1/../../../arm-none-eabi/lib/thumb/v6-m/nofp/libc.a(lib_a-mallocr.o) (__malloc_lock)
/usr/lib/gcc/arm-none-eabi/10.3.1/../../../arm-none-eabi/lib/thumb/v6-m/nofp/libc.a(lib_a-random.o)
                              CMakeFiles/RP2040matrix.dir/gol.c.obj (random)
/usr/lib/gcc/arm-none-eabi/10.3.1/../../../arm-none-eabi/lib/thumb/v6-m/nofp/libc.a(lib_a-realloc.o)
                              CMakeFiles/RP2040matrix.dir/home/oxiin/pico/pico-sdk/src/rp2_common/pico_malloc/pico_malloc.c.obj (realloc)
/usr/lib/gcc/arm-none-eabi/10.3.1/../../../arm-none-eabi/lib/thumb/v6-m/nofp/libc.a(lib_a-reallocr.o)
                              /usr/lib/gcc/arm-none-eabi/10.3.1/../../../arm-none-eabi/lib/thumb/v6-m/nofp/libc.a(lib_a-realloc.o) (_realloc_r)
/usr/lib/gcc/arm-none-eabi/10.3.1/../../../arm-none-eabi/lib/thumb/v6-m/nofp/libc.a(lib_a-sbrkr.o)
                              /usr/lib/gcc/arm-none-eabi/10.3.1/../../../arm-none-eabi/lib/thumb/v6-m/nofp/libc.a(lib_a-mallocr.o) (_sbrk_r)
/usr/lib/gcc/arm-none-eabi/10.3.1/../../../arm-none-eabi/lib/thumb/v6-m/nofp/libc.a(lib_a-seed48.o)
                              CMakeFiles/RP2040matrix.dir/gol.c.obj (seed48)
/usr/lib/gcc/arm-none-eabi/10.3.1/../../../arm-none-eabi/lib/thumb/v6-m/nofp/libc.a(lib_a-strlen-stub.o)
                              CMakeFiles/RP2040matrix.dir/home/oxiin/pico/pico-sdk/src/rp2_common/pico_stdio/stdio.c.obj (strlen)
/usr/lib/gcc/arm-none-eabi/10.3.1/../../../arm-none-eabi/lib/thumb/v6-m/nofp/libc.a(lib_a-__atexit.o)
                              /usr/lib/gcc/arm-none-eabi/10.3.1/../../../arm-none-eabi/lib/thumb/v6-m/nofp/libc.a(lib_a-atexit.o) (__register_exitproc)
/usr/lib/gcc/arm-none-eabi/10.3.1/../../../arm-none-eabi/lib/thumb/v6-m/nofp/libc.a(lib_a-freer.o)
                              /usr/lib/gcc/arm-none-eabi/10.3.1/../../../arm-none-eabi/lib/thumb/v6-m/nofp/libc.a(lib_a-malloc.o) (_free_r)
/usr/lib/gcc/arm-none-eabi/10.3.1/../../../arm-none-eabi/lib/thumb/v6-m/nofp/libc.a(lib_a-memmove.o)
                              /usr/lib/gcc/arm-none-eabi/10.3.1/../../../arm-none-eabi/lib/thumb/v6-m/nofp/libc.a(lib_a-reallocr.o) (memmove)
/usr/lib/gcc/arm-none-eabi/10.3.1/../../../arm-none-eabi/lib/thumb/v6-m/nofp/libc.a(lib_a-reent.o)
                              /usr/lib/gcc/arm-none-eabi/10.3.1/../../../arm-none-eabi/lib/thumb/v6-m/nofp/libc.a(lib_a-sbrkr.o) (errno)

Discarded input sections

 .text          0x0000000000000000        0x0 /usr/lib/gcc/arm-none-eabi/10.3.1/thumb/v6-m/nofp/crti.o
 .data          0x0000000000000000        0x0 /usr/lib/gcc/arm-none-eabi/10.3.1/thumb/v6-m/nofp/crti.o
[...]
Memory Configuration

Name             Origin             Length             Attributes
FLASH            0x0000000010000000 0x0000000000200000 xr
RAM              0x0000000020000000 0x0000000000040000 xrw
SCRATCH_X        0x0000000020040000 0x0000000000001000 xrw
SCRATCH_Y        0x0000000020041000 0x0000000000001000 xrw
*default*        0x0000000000000000 0xffffffffffffffff

Linker script and memory map

LOAD /usr/lib/gcc/arm-none-eabi/10.3.1/thumb/v6-m/nofp/crti.o
LOAD /usr/lib/gcc/arm-none-eabi/10.3.1/thumb/v6-m/nofp/crtbegin.o
LOAD /usr/lib/gcc/arm-none-eabi/10.3.1/../../../arm-none-eabi/lib/thumb/v6-m/nofp/crt0.o

.flash_begin    0x0000000010000000        0x0
                0x0000000010000000                __flash_binary_start = .

.boot2          0x0000000010000000      0x100
                0x0000000010000000                __boot2_start__ = .
 *(.boot2)
 .boot2         0x0000000010000000      0x100 /tmp/ccM77APS.o
                0x0000000010000100                __boot2_end__ = .
                0x0000000000000001                ASSERT (((__boot2_end__ - __boot2_start__) == 0x100), ERROR: Pico second stage bootloader must be 256 bytes in size)

.text           0x0000000010000100     0xb9e8
                0x0000000010000100                __logical_binary_start = .
 *(.vectors)
 .vectors       0x0000000010000100       0xd4 CMakeFiles/RP2040matrix.dir/home/oxiin/pico/pico-sdk/src/rp2_common/pico_standard_link/crt0.S.obj
                0x0000000010000100                __vectors
                0x0000000010000100                __VECTOR_TABLE
                0x00000000100001c0                isr_invalid
                0x00000000100001c0                __default_isrs_start
                0x00000000100001c2                isr_nmi
                0x00000000100001c4                isr_hardfault
                0x00000000100001cc                isr_irq30
                0x00000000100001cc                __unhandled_user_irq
                0x00000000100001cc                isr_irq13
                0x00000000100001cc                isr_irq27
                0x00000000100001cc                isr_irq31
                0x00000000100001cc                isr_irq5
                0x00000000100001cc                isr_irq11
                0x00000000100001cc                isr_irq23
                0x00000000100001cc                isr_irq18
                0x00000000100001cc                isr_irq28
                0x00000000100001cc                isr_irq19
                0x00000000100001cc                isr_irq0
                0x00000000100001cc                isr_irq6
                0x00000000100001cc                isr_irq22
                0x00000000100001cc                isr_irq17
                0x00000000100001cc                isr_irq14
                0x00000000100001cc                isr_irq2
                0x00000000100001cc                isr_irq10
                0x00000000100001cc                isr_irq8
                0x00000000100001cc                isr_irq24
                0x00000000100001cc                isr_irq1
                0x00000000100001cc                isr_irq7
                0x00000000100001cc                isr_irq21
                0x00000000100001cc                isr_irq20
                0x00000000100001cc                isr_irq15
                0x00000000100001cc                isr_irq25
                0x00000000100001cc                isr_irq4
                0x00000000100001cc                isr_irq16
                0x00000000100001cc                isr_irq29
                0x00000000100001cc                isr_irq26
                0x00000000100001cc                __default_isrs_end
                0x00000000100001cc                isr_irq3
                0x00000000100001cc                isr_irq12
                0x00000000100001cc                isr_irq9
                0x00000000100001d2                unhandled_user_irq_num_in_r0
 *(.binary_info_header)
 .binary_info_header
                0x00000000100001d4       0x14 CMakeFiles/RP2040matrix.dir/home/oxiin/pico/pico-sdk/src/rp2_common/pico_standard_link/crt0.S.obj
                0x00000000100001e8                __binary_info_header_end = .
 *(.reset)
 .reset         0x00000000100001e8       0xa8 CMakeFiles/RP2040matrix.dir/home/oxiin/pico/pico-sdk/src/rp2_common/pico_standard_link/crt0.S.obj
                0x00000000100001e8                _entry_point
                0x0000000010000266                __get_current_exception
 .reset         0x0000000010000290       0x30 CMakeFiles/RP2040matrix.dir/home/oxiin/pico/pico-sdk/src/rp2_common/pico_standard_link/binary_info.c.obj
 *(.init)
 .init          0x00000000100002c0        0x4 /usr/lib/gcc/arm-none-eabi/10.3.1/thumb/v6-m/nofp/crti.o
                0x00000000100002c0                _init
 *(EXCLUDE_FILE(*libm.a: *libc.a:*lib_a-mem*.o *libgcc.a:) .text*)
 .text          0x00000000100002c4       0x98 /usr/lib/gcc/arm-none-eabi/10.3.1/thumb/v6-m/nofp/crtbegin.o
 .text.pongTask
                0x000000001000035c       0x50 CMakeFiles/RP2040matrix.dir/RP2040matrixDemo.c.obj
                0x000000001000035c                pongTask
 .text.app_main
                0x00000000100003ac       0xec CMakeFiles/RP2040matrix.dir/RP2040matrixDemo.c.obj
                0x00000000100003ac                app_main
 .text.startup.main
                0x0000000010000498       0x3c CMakeFiles/RP2040matrix.dir/RP2040matrixDemo.c.obj
                0x0000000010000498                main
 .text.dma_hub75_handler
                0x00000000100004d4       0x5c CMakeFiles/RP2040matrix.dir/hub75.c.obj
 .text.hub75_config
                0x0000000010000530      0x498 CMakeFiles/RP2040matrix.dir/hub75.c.obj
                0x0000000010000530                hub75_config
 .text.hub75_set_masterbrightness
                0x00000000100009c8        0xc CMakeFiles/RP2040matrix.dir/hub75.c.obj
                0x00000000100009c8                hub75_set_masterbrightness
 .text.hub75_set_overlaycolor
                0x00000000100009d4       0x14 CMakeFiles/RP2040matrix.dir/hub75.c.obj
                0x00000000100009d4                hub75_set_overlaycolor
 .text.hub75_update
                0x00000000100009e8      0x2f0 CMakeFiles/RP2040matrix.dir/hub75.c.obj
                0x00000000100009e8                hub75_update
 .text.move_paddle
                0x0000000010000cd8      0x17c CMakeFiles/RP2040matrix.dir/pong.c.obj
 .text.initPongGame
                0x0000000010000e54      0x118 CMakeFiles/RP2040matrix.dir/pong.c.obj
                0x0000000010000e54                initPongGame
 .text.playPongGame
                0x0000000010000f6c      0x2f0 CMakeFiles/RP2040matrix.dir/pong.c.obj
                0x0000000010000f6c                playPongGame
 .text.LEDmx_task
                0x000000001000125c       0x38 CMakeFiles/RP2040matrix.dir/LEDmx.c.obj
 .text.LEDmx_DrawPixel.part.0
                0x0000000010001294       0x6c CMakeFiles/RP2040matrix.dir/LEDmx.c.obj
 .text.LEDmx_start
                0x0000000010001300       0x48 CMakeFiles/RP2040matrix.dir/LEDmx.c.obj
                0x0000000010001300                LEDmx_start
 .text.LEDmx_getFlushSemaphore
                0x0000000010001348       0x14 CMakeFiles/RP2040matrix.dir/LEDmx.c.obj
                0x0000000010001348                LEDmx_getFlushSemaphore
 .text.LEDmx_putFlushSemaphore
                0x000000001000135c       0x18 CMakeFiles/RP2040matrix.dir/LEDmx.c.obj
                0x000000001000135c                LEDmx_putFlushSemaphore
 .text.LEDmx_SetPixel
                0x0000000010001374       0x14 CMakeFiles/RP2040matrix.dir/LEDmx.c.obj
                0x0000000010001374                LEDmx_SetPixel
 .text.LEDmx_SetMasterBrightness
                0x0000000010001388        0x8 CMakeFiles/RP2040matrix.dir/LEDmx.c.obj
                0x0000000010001388                LEDmx_SetMasterBrightness
 .text.LEDmx_DrawLine
                0x0000000010001390      0x1e0 CMakeFiles/RP2040matrix.dir/LEDmx.c.obj
                0x0000000010001390                LEDmx_DrawLine
 .text.LEDmx_Rect
                0x0000000010001570      0x210 CMakeFiles/RP2040matrix.dir/LEDmx.c.obj
                0x0000000010001570                LEDmx_Rect
 .text.LEDmx_ClearScreen
                0x0000000010001780       0x48 CMakeFiles/RP2040matrix.dir/LEDmx.c.obj
                0x0000000010001780                LEDmx_ClearScreen
 .text.LEDmx_ClearOverlay
                0x00000000100017c8       0x14 CMakeFiles/RP2040matrix.dir/LEDmx.c.obj
                0x00000000100017c8                LEDmx_ClearOverlay
 .text.LEDmx_SetOverlayPixel
                0x00000000100017dc       0x1c CMakeFiles/RP2040matrix.dir/LEDmx.c.obj
                0x00000000100017dc                LEDmx_SetOverlayPixel
 .text.LEDmx_SetOverlayColor
                0x00000000100017f8        0x8 CMakeFiles/RP2040matrix.dir/LEDmx.c.obj
                0x00000000100017f8                LEDmx_SetOverlayColor
 .text.pio_sm_unclaim
                0x0000000010001800       0x20 CMakeFiles/RP2040matrix.dir/home/oxiin/pico/pico-sdk/src/rp2_common/hardware_pio/pio.c.obj
                0x0000000010001800                pio_sm_unclaim
 .text.pio_claim_unused_sm
                0x0000000010001820       0x3c CMakeFiles/RP2040matrix.dir/home/oxiin/pico/pico-sdk/src/rp2_common/hardware_pio/pio.c.obj
                0x0000000010001820                pio_claim_unused_sm
 .text.pio_sm_is_claimed
                0x000000001000185c       0x20 CMakeFiles/RP2040matrix.dir/home/oxiin/pico/pico-sdk/src/rp2_common/hardware_pio/pio.c.obj
                0x000000001000185c                pio_sm_is_claimed
 .text.pio_add_program
                0x000000001000187c       0xc8 CMakeFiles/RP2040matrix.dir/home/oxiin/pico/pico-sdk/src/rp2_common/hardware_pio/pio.c.obj
                0x000000001000187c                pio_add_program
 .text.pio_clear_instruction_memory
                0x0000000010001944       0x38 CMakeFiles/RP2040matrix.dir/home/oxiin/pico/pico-sdk/src/rp2_common/hardware_pio/pio.c.obj
                0x0000000010001944                pio_clear_instruction_memory
 .text.pio_sm_set_consecutive_pindirs
                0x000000001000197c       0x84 CMakeFiles/RP2040matrix.dir/home/oxiin/pico/pico-sdk/src/rp2_common/hardware_pio/pio.c.obj
                0x000000001000197c                pio_sm_set_consecutive_pindirs
 .text.pio_sm_init
                0x0000000010001a00       0x90 CMakeFiles/RP2040matrix.dir/home/oxiin/pico/pico-sdk/src/rp2_common/hardware_pio/pio.c.obj
                0x0000000010001a00                pio_sm_init
 .text.hw_claim_lock
                0x0000000010001a90       0x18 CMakeFiles/RP2040matrix.dir/home/oxiin/pico/pico-sdk/src/rp2_common/hardware_claim/claim.c.obj
                0x0000000010001a90                hw_claim_lock
 .text.hw_claim_unlock
                0x0000000010001aa8       0x14 CMakeFiles/RP2040matrix.dir/home/oxiin/pico/pico-sdk/src/rp2_common/hardware_claim/claim.c.obj
                0x0000000010001aa8                hw_claim_unlock
 .text.hw_is_claimed
                0x0000000010001abc       0x18 CMakeFiles/RP2040matrix.dir/home/oxiin/pico/pico-sdk/src/rp2_common/hardware_claim/claim.c.obj
                0x0000000010001abc                hw_is_claimed
 .text.hw_claim_or_assert
                0x0000000010001ad4       0x44 CMakeFiles/RP2040matrix.dir/home/oxiin/pico/pico-sdk/src/rp2_common/hardware_claim/claim.c.obj
                0x0000000010001ad4                hw_claim_or_assert
 .text.hw_claim_unused_from_range
                0x0000000010001b18       0x9c CMakeFiles/RP2040matrix.dir/home/oxiin/pico/pico-sdk/src/rp2_common/hardware_claim/claim.c.obj
                0x0000000010001b18                hw_claim_unused_from_range
 .text.hw_claim_clear
                0x0000000010001bb4       0x38 CMakeFiles/RP2040matrix.dir/home/oxiin/pico/pico-sdk/src/rp2_common/hardware_claim/claim.c.obj
                0x0000000010001bb4                hw_claim_clear
 .text.running_on_fpga
                0x0000000010001bec       0x10 CMakeFiles/RP2040matrix.dir/home/oxiin/pico/pico-sdk/src/rp2_common/pico_platform/platform.c.obj
                0x0000000010001bec                running_on_fpga
 .text.spin_locks_reset
                0x0000000010001bfc       0x1c CMakeFiles/RP2040matrix.dir/home/oxiin/pico/pico-sdk/src/rp2_common/hardware_sync/sync.c.obj
                0x0000000010001bfc                spin_locks_reset
 .text.next_striped_spin_lock_num
                0x0000000010001c18       0x18 CMakeFiles/RP2040matrix.dir/home/oxiin/pico/pico-sdk/src/rp2_common/hardware_sync/sync.c.obj
                0x0000000010001c18                next_striped_spin_lock_num
 .text.spin_lock_claim_unused
                0x0000000010001c30       0x20 CMakeFiles/RP2040matrix.dir/home/oxiin/pico/pico-sdk/src/rp2_common/hardware_sync/sync.c.obj
                0x0000000010001c30                spin_lock_claim_unused
 .text.gpio_set_function
                0x0000000010001c50       0x30 CMakeFiles/RP2040matrix.dir/home/oxiin/pico/pico-sdk/src/rp2_common/hardware_gpio/gpio.c.obj
                0x0000000010001c50                gpio_set_function
 .text.gpio_init
                0x0000000010001c80       0x3c CMakeFiles/RP2040matrix.dir/home/oxiin/pico/pico-sdk/src/rp2_common/hardware_gpio/gpio.c.obj
                0x0000000010001c80                gpio_init
 .text.irq_set_enabled
                0x0000000010001cbc       0x24 CMakeFiles/RP2040matrix.dir/home/oxiin/pico/pico-sdk/src/rp2_common/hardware_irq/irq.c.obj
                0x0000000010001cbc                irq_set_enabled
 .text.irq_set_pending
                0x0000000010001ce0       0x10 CMakeFiles/RP2040matrix.dir/home/oxiin/pico/pico-sdk/src/rp2_common/hardware_irq/irq.c.obj
                0x0000000010001ce0                irq_set_pending
 .text.irq_has_shared_handler
                0x0000000010001cf0       0x2c CMakeFiles/RP2040matrix.dir/home/oxiin/pico/pico-sdk/src/rp2_common/hardware_irq/irq.c.obj
                0x0000000010001cf0                irq_has_shared_handler
 .text.irq_get_vtable_handler
                0x0000000010001d1c       0x10 CMakeFiles/RP2040matrix.dir/home/oxiin/pico/pico-sdk/src/rp2_common/hardware_irq/irq.c.obj
                0x0000000010001d1c                irq_get_vtable_handler
 .text.irq_set_exclusive_handler
                0x0000000010001d2c       0x54 CMakeFiles/RP2040matrix.dir/home/oxiin/pico/pico-sdk/src/rp2_common/hardware_irq/irq.c.obj
                0x0000000010001d2c                irq_set_exclusive_handler
 .text.irq_add_shared_handler
                0x0000000010001d80      0x1e4 CMakeFiles/RP2040matrix.dir/home/oxiin/pico/pico-sdk/src/rp2_common/hardware_irq/irq.c.obj
                0x0000000010001d80                irq_add_shared_handler
 .text.irq_remove_handler
                0x0000000010001f64      0x1b4 CMakeFiles/RP2040matrix.dir/home/oxiin/pico/pico-sdk/src/rp2_common/hardware_irq/irq.c.obj
                0x0000000010001f64                irq_remove_handler
 .text.irq_set_priority
                0x0000000010002118       0x28 CMakeFiles/RP2040matrix.dir/home/oxiin/pico/pico-sdk/src/rp2_common/hardware_irq/irq.c.obj
                0x0000000010002118                irq_set_priority
 .text.irq_add_tail_to_free_list
                0x0000000010002140       0xb4 CMakeFiles/RP2040matrix.dir/home/oxiin/pico/pico-sdk/src/rp2_common/hardware_irq/irq.c.obj
                0x0000000010002140                irq_add_tail_to_free_list
 .text.irq_init_priorities
                0x00000000100021f4       0x24 CMakeFiles/RP2040matrix.dir/home/oxiin/pico/pico-sdk/src/rp2_common/hardware_irq/irq.c.obj
                0x00000000100021f4                irq_init_priorities
 .text.user_irq_claim_unused
                0x0000000010002218       0x30 CMakeFiles/RP2040matrix.dir/home/oxiin/pico/pico-sdk/src/rp2_common/hardware_irq/irq.c.obj
                0x0000000010002218                user_irq_claim_unused
 .text.lock_init
                0x0000000010002248       0x10 CMakeFiles/RP2040matrix.dir/home/oxiin/pico/pico-sdk/src/common/pico_sync/lock_core.c.obj
                0x0000000010002248                lock_init
 .text.timer_pool_entry_comparator
                0x0000000010002258       0x34 CMakeFiles/RP2040matrix.dir/home/oxiin/pico/pico-sdk/src/common/pico_time/time.c.obj
                0x0000000010002258                timer_pool_entry_comparator
 .text.sleep_until_callback
                0x000000001000228c       0x24 CMakeFiles/RP2040matrix.dir/home/oxiin/pico/pico-sdk/src/common/pico_time/time.c.obj
 .text.add_alarm_under_lock.isra.0
                0x00000000100022b0      0x100 CMakeFiles/RP2040matrix.dir/home/oxiin/pico/pico-sdk/src/common/pico_time/time.c.obj
 .text.alarm_pool_alarm_callback
                0x00000000100023b0      0x1c8 CMakeFiles/RP2040matrix.dir/home/oxiin/pico/pico-sdk/src/common/pico_time/time.c.obj
 .text.alarm_pool_add_alarm_at.constprop.0
                0x0000000010002578      0x11c CMakeFiles/RP2040matrix.dir/home/oxiin/pico/pico-sdk/src/common/pico_time/time.c.obj
 .text.alarm_pool_init_default
                0x0000000010002694       0x64 CMakeFiles/RP2040matrix.dir/home/oxiin/pico/pico-sdk/src/common/pico_time/time.c.obj
                0x0000000010002694                alarm_pool_init_default
 .text.alarm_pool_get_default
                0x00000000100026f8        0x8 CMakeFiles/RP2040matrix.dir/home/oxiin/pico/pico-sdk/src/common/pico_time/time.c.obj
                0x00000000100026f8                alarm_pool_get_default
 .text.alarm_pool_add_alarm_at
                0x0000000010002700      0x194 CMakeFiles/RP2040matrix.dir/home/oxiin/pico/pico-sdk/src/common/pico_time/time.c.obj
                0x0000000010002700                alarm_pool_add_alarm_at
 .text.best_effort_wfe_or_timeout
                0x0000000010002894       0xd4 CMakeFiles/RP2040matrix.dir/home/oxiin/pico/pico-sdk/src/common/pico_time/time.c.obj
                0x0000000010002894                best_effort_wfe_or_timeout
 .text.hardware_alarm_irq_handler
                0x0000000010002968       0xb8 CMakeFiles/RP2040matrix.dir/home/oxiin/pico/pico-sdk/src/rp2_common/hardware_timer/timer.c.obj
 .text.hardware_alarm_claim
                0x0000000010002a20       0x18 CMakeFiles/RP2040matrix.dir/home/oxiin/pico/pico-sdk/src/rp2_common/hardware_timer/timer.c.obj
                0x0000000010002a20                hardware_alarm_claim
 .text.time_us_64
                0x0000000010002a38       0x14 CMakeFiles/RP2040matrix.dir/home/oxiin/pico/pico-sdk/src/rp2_common/hardware_timer/timer.c.obj
                0x0000000010002a38                time_us_64
 .text.hardware_alarm_set_callback
                0x0000000010002a4c       0x8c CMakeFiles/RP2040matrix.dir/home/oxiin/pico/pico-sdk/src/rp2_common/hardware_timer/timer.c.obj
                0x0000000010002a4c                hardware_alarm_set_callback
 .text.hardware_alarm_set_target
                0x0000000010002ad8       0xe0 CMakeFiles/RP2040matrix.dir/home/oxiin/pico/pico-sdk/src/rp2_common/hardware_timer/timer.c.obj
                0x0000000010002ad8                hardware_alarm_set_target
 .text.hardware_alarm_cancel
                0x0000000010002bb8       0x3c CMakeFiles/RP2040matrix.dir/home/oxiin/pico/pico-sdk/src/rp2_common/hardware_timer/timer.c.obj
                0x0000000010002bb8                hardware_alarm_cancel
 .text.ph_merge_nodes
                0x0000000010002bf4       0x68 CMakeFiles/RP2040matrix.dir/home/oxiin/pico/pico-sdk/src/common/pico_util/pheap.c.obj
 .text.ph_post_alloc_init
                0x0000000010002c5c       0x3c CMakeFiles/RP2040matrix.dir/home/oxiin/pico/pico-sdk/src/common/pico_util/pheap.c.obj
                0x0000000010002c5c                ph_post_alloc_init
 .text.ph_merge_two_pass
                0x0000000010002c98       0x90 CMakeFiles/RP2040matrix.dir/home/oxiin/pico/pico-sdk/src/common/pico_util/pheap.c.obj
                0x0000000010002c98                ph_merge_two_pass
 .text.ph_remove_any_head
                0x0000000010002d28       0xf8 CMakeFiles/RP2040matrix.dir/home/oxiin/pico/pico-sdk/src/common/pico_util/pheap.c.obj
 .text.ph_remove_head
                0x0000000010002e20       0xfc CMakeFiles/RP2040matrix.dir/home/oxiin/pico/pico-sdk/src/common/pico_util/pheap.c.obj
                0x0000000010002e20                ph_remove_head
 .text.ph_remove_and_free_node
                0x0000000010002f1c       0x7c CMakeFiles/RP2040matrix.dir/home/oxiin/pico/pico-sdk/src/common/pico_util/pheap.c.obj
                0x0000000010002f1c                ph_remove_and_free_node
 .text.mutex_init
                0x0000000010002f98       0x1c CMakeFiles/RP2040matrix.dir/home/oxiin/pico/pico-sdk/src/common/pico_sync/mutex.c.obj
                0x0000000010002f98                mutex_init
 .text.recursive_mutex_init
                0x0000000010002fb4       0x20 CMakeFiles/RP2040matrix.dir/home/oxiin/pico/pico-sdk/src/common/pico_sync/mutex.c.obj
                0x0000000010002fb4                recursive_mutex_init
 .text.critical_section_init
                0x0000000010002fd4       0x20 CMakeFiles/RP2040matrix.dir/home/oxiin/pico/pico-sdk/src/common/pico_sync/critical_section.c.obj
                0x0000000010002fd4                critical_section_init
 .text.dma_channel_unclaim
                0x0000000010002ff4       0x10 CMakeFiles/RP2040matrix.dir/home/oxiin/pico/pico-sdk/src/rp2_common/hardware_dma/dma.c.obj
                0x0000000010002ff4                dma_channel_unclaim
 .text.dma_claim_unused_channel
                0x0000000010003004       0x20 CMakeFiles/RP2040matrix.dir/home/oxiin/pico/pico-sdk/src/rp2_common/hardware_dma/dma.c.obj
                0x0000000010003004                dma_claim_unused_channel
 .text.dma_channel_is_claimed
                0x0000000010003024       0x10 CMakeFiles/RP2040matrix.dir/home/oxiin/pico/pico-sdk/src/rp2_common/hardware_dma/dma.c.obj
                0x0000000010003024                dma_channel_is_claimed
 .text.isr_svcall
                0x0000000010003034        0x4 CMakeFiles/RP2040matrix.dir/home/oxiin/pico/FreeRTOS/FreeRTOS/Source/portable/ThirdParty/GCC/RP2040/port.c.obj
                0x0000000010003034                isr_svcall
 *fill*         0x0000000010003038        0x8 
 .text.vPortStartFirstTask
                0x0000000010003040       0x34 CMakeFiles/RP2040matrix.dir/home/oxiin/pico/FreeRTOS/FreeRTOS/Source/portable/ThirdParty/GCC/RP2040/port.c.obj
 *fill*         0x0000000010003074        0xc 
 .text.isr_pendsv
                0x0000000010003080       0x64 CMakeFiles/RP2040matrix.dir/home/oxiin/pico/FreeRTOS/FreeRTOS/Source/portable/ThirdParty/GCC/RP2040/port.c.obj
                0x0000000010003080                isr_pendsv
 .text.prvFIFOInterruptHandler
                0x00000000100030e4       0x80 CMakeFiles/RP2040matrix.dir/home/oxiin/pico/FreeRTOS/FreeRTOS/Source/portable/ThirdParty/GCC/RP2040/port.c.obj
 .text.prvTaskExitError
                0x0000000010003164        0x8 CMakeFiles/RP2040matrix.dir/home/oxiin/pico/FreeRTOS/FreeRTOS/Source/portable/ThirdParty/GCC/RP2040/port.c.obj
 .text.pxPortInitialiseStack
                0x000000001000316c       0x20 CMakeFiles/RP2040matrix.dir/home/oxiin/pico/FreeRTOS/FreeRTOS/Source/portable/ThirdParty/GCC/RP2040/port.c.obj
                0x000000001000316c                pxPortInitialiseStack
 .text.vPortYield
                0x000000001000318c       0x18 CMakeFiles/RP2040matrix.dir/home/oxiin/pico/FreeRTOS/FreeRTOS/Source/portable/ThirdParty/GCC/RP2040/port.c.obj
                0x000000001000318c                vPortYield
 .text.vPortEnterCritical
                0x00000000100031a4       0x18 CMakeFiles/RP2040matrix.dir/home/oxiin/pico/FreeRTOS/FreeRTOS/Source/portable/ThirdParty/GCC/RP2040/port.c.obj
                0x00000000100031a4                vPortEnterCritical
 .text.vPortExitCritical
                0x00000000100031bc       0x34 CMakeFiles/RP2040matrix.dir/home/oxiin/pico/FreeRTOS/FreeRTOS/Source/portable/ThirdParty/GCC/RP2040/port.c.obj
                0x00000000100031bc                vPortExitCritical
 .text.ulSetInterruptMaskFromISR
                0x00000000100031f0        0x8 CMakeFiles/RP2040matrix.dir/home/oxiin/pico/FreeRTOS/FreeRTOS/Source/portable/ThirdParty/GCC/RP2040/port.c.obj
                0x00000000100031f0                ulSetInterruptMaskFromISR
 .text.vClearInterruptMaskFromISR
                0x00000000100031f8        0x8 CMakeFiles/RP2040matrix.dir/home/oxiin/pico/FreeRTOS/FreeRTOS/Source/portable/ThirdParty/GCC/RP2040/port.c.obj
                0x00000000100031f8                vClearInterruptMaskFromISR
 .text.isr_systick
                0x0000000010003200       0x24 CMakeFiles/RP2040matrix.dir/home/oxiin/pico/FreeRTOS/FreeRTOS/Source/portable/ThirdParty/GCC/RP2040/port.c.obj
                0x0000000010003200                isr_systick
 .text.vPortSetupTimerInterrupt
                0x0000000010003224       0x30 CMakeFiles/RP2040matrix.dir/home/oxiin/pico/FreeRTOS/FreeRTOS/Source/portable/ThirdParty/GCC/RP2040/port.c.obj
                0x0000000010003224                vPortSetupTimerInterrupt
 .text.xPortStartScheduler
                0x0000000010003254       0xa8 CMakeFiles/RP2040matrix.dir/home/oxiin/pico/FreeRTOS/FreeRTOS/Source/portable/ThirdParty/GCC/RP2040/port.c.obj
                0x0000000010003254                xPortStartScheduler
 .text.ulPortLockGetCurrentOwnerId
                0x00000000100032fc       0x2c CMakeFiles/RP2040matrix.dir/home/oxiin/pico/FreeRTOS/FreeRTOS/Source/portable/ThirdParty/GCC/RP2040/port.c.obj
                0x00000000100032fc                ulPortLockGetCurrentOwnerId
 .text.vPortLockInternalSpinUnlockWithWait
                0x0000000010003328       0x68 CMakeFiles/RP2040matrix.dir/home/oxiin/pico/FreeRTOS/FreeRTOS/Source/portable/ThirdParty/GCC/RP2040/port.c.obj
                0x0000000010003328                vPortLockInternalSpinUnlockWithWait
 .text.vPortLockInternalSpinUnlockWithNotify
                0x0000000010003390       0xd0 CMakeFiles/RP2040matrix.dir/home/oxiin/pico/FreeRTOS/FreeRTOS/Source/portable/ThirdParty/GCC/RP2040/port.c.obj
                0x0000000010003390                vPortLockInternalSpinUnlockWithNotify
 .text.xPortLockInternalSpinUnlockWithBestEffortWaitOrTimeout
                0x0000000010003460      0x100 CMakeFiles/RP2040matrix.dir/home/oxiin/pico/FreeRTOS/FreeRTOS/Source/portable/ThirdParty/GCC/RP2040/port.c.obj
                0x0000000010003460                xPortLockInternalSpinUnlockWithBestEffortWaitOrTimeout
 .text.startup.prvRuntimeInitializer
                0x0000000010003560       0x28 CMakeFiles/RP2040matrix.dir/home/oxiin/pico/FreeRTOS/FreeRTOS/Source/portable/ThirdParty/GCC/RP2040/port.c.obj
 .text.xEventGroupCreate
                0x0000000010003588       0x18 CMakeFiles/RP2040matrix.dir/home/oxiin/pico/FreeRTOS/FreeRTOS/Source/event_groups.c.obj
                0x0000000010003588                xEventGroupCreate
 .text.xEventGroupWaitBits
                0x00000000100035a0       0xb8 CMakeFiles/RP2040matrix.dir/home/oxiin/pico/FreeRTOS/FreeRTOS/Source/event_groups.c.obj
                0x00000000100035a0                xEventGroupWaitBits
 .text.xEventGroupSetBits
                0x0000000010003658       0x90 CMakeFiles/RP2040matrix.dir/home/oxiin/pico/FreeRTOS/FreeRTOS/Source/event_groups.c.obj
                0x0000000010003658                xEventGroupSetBits
 .text.vEventGroupSetBitsCallback
                0x00000000100036e8       0x8c CMakeFiles/RP2040matrix.dir/home/oxiin/pico/FreeRTOS/FreeRTOS/Source/event_groups.c.obj
                0x00000000100036e8                vEventGroupSetBitsCallback
 .text.vListInitialise
                0x0000000010003774       0x18 CMakeFiles/RP2040matrix.dir/home/oxiin/pico/FreeRTOS/FreeRTOS/Source/list.c.obj
                0x0000000010003774                vListInitialise
 .text.vListInitialiseItem
                0x000000001000378c        0x8 CMakeFiles/RP2040matrix.dir/home/oxiin/pico/FreeRTOS/FreeRTOS/Source/list.c.obj
                0x000000001000378c                vListInitialiseItem
 .text.vListInsertEnd
                0x0000000010003794       0x18 CMakeFiles/RP2040matrix.dir/home/oxiin/pico/FreeRTOS/FreeRTOS/Source/list.c.obj
                0x0000000010003794                vListInsertEnd
 .text.vListInsert
                0x00000000100037ac       0x30 CMakeFiles/RP2040matrix.dir/home/oxiin/pico/FreeRTOS/FreeRTOS/Source/list.c.obj
                0x00000000100037ac                vListInsert
 .text.uxListRemove
                0x00000000100037dc       0x24 CMakeFiles/RP2040matrix.dir/home/oxiin/pico/FreeRTOS/FreeRTOS/Source/list.c.obj
                0x00000000100037dc                uxListRemove
 .text.xQueueGenericCreate
                0x0000000010003800       0x98 CMakeFiles/RP2040matrix.dir/home/oxiin/pico/FreeRTOS/FreeRTOS/Source/queue.c.obj
                0x0000000010003800                xQueueGenericCreate
 .text.xQueueGenericSend
                0x0000000010003898      0x348 CMakeFiles/RP2040matrix.dir/home/oxiin/pico/FreeRTOS/FreeRTOS/Source/queue.c.obj
                0x0000000010003898                xQueueGenericSend
 .text.xQueueCreateMutex
                0x0000000010003be0       0x64 CMakeFiles/RP2040matrix.dir/home/oxiin/pico/FreeRTOS/FreeRTOS/Source/queue.c.obj
                0x0000000010003be0                xQueueCreateMutex
 .text.xQueueGenericSendFromISR
                0x0000000010003c44      0x124 CMakeFiles/RP2040matrix.dir/home/oxiin/pico/FreeRTOS/FreeRTOS/Source/queue.c.obj
                0x0000000010003c44                xQueueGenericSendFromISR
 .text.xQueueReceive
                0x0000000010003d68      0x2a0 CMakeFiles/RP2040matrix.dir/home/oxiin/pico/FreeRTOS/FreeRTOS/Source/queue.c.obj
                0x0000000010003d68                xQueueReceive
 .text.xQueueSemaphoreTake
                0x0000000010004008      0x2f4 CMakeFiles/RP2040matrix.dir/home/oxiin/pico/FreeRTOS/FreeRTOS/Source/queue.c.obj
                0x0000000010004008                xQueueSemaphoreTake
 .text.vQueueAddToRegistry
                0x00000000100042fc      0x118 CMakeFiles/RP2040matrix.dir/home/oxiin/pico/FreeRTOS/FreeRTOS/Source/queue.c.obj
                0x00000000100042fc                vQueueAddToRegistry
 .text.vQueueWaitForMessageRestricted
                0x0000000010004414       0xd0 CMakeFiles/RP2040matrix.dir/home/oxiin/pico/FreeRTOS/FreeRTOS/Source/queue.c.obj
                0x0000000010004414                vQueueWaitForMessageRestricted
 .text.prvIdleTask
                0x00000000100044e4       0x60 CMakeFiles/RP2040matrix.dir/home/oxiin/pico/FreeRTOS/FreeRTOS/Source/tasks.c.obj
 .text.xTaskIncrementTick.part.0
                0x0000000010004544      0x16c CMakeFiles/RP2040matrix.dir/home/oxiin/pico/FreeRTOS/FreeRTOS/Source/tasks.c.obj
 .text.xTaskCreate
                0x00000000100046b0      0x284 CMakeFiles/RP2040matrix.dir/home/oxiin/pico/FreeRTOS/FreeRTOS/Source/tasks.c.obj
                0x00000000100046b0                xTaskCreate
 .text.vTaskDelete
                0x0000000010004934       0xb8 CMakeFiles/RP2040matrix.dir/home/oxiin/pico/FreeRTOS/FreeRTOS/Source/tasks.c.obj
                0x0000000010004934                vTaskDelete
 .text.vTaskStartScheduler
                0x00000000100049ec      0x1e8 CMakeFiles/RP2040matrix.dir/home/oxiin/pico/FreeRTOS/FreeRTOS/Source/tasks.c.obj
                0x00000000100049ec                vTaskStartScheduler
 .text.vTaskSuspendAll
                0x0000000010004bd4       0x10 CMakeFiles/RP2040matrix.dir/home/oxiin/pico/FreeRTOS/FreeRTOS/Source/tasks.c.obj
                0x0000000010004bd4                vTaskSuspendAll
 .text.xTaskResumeAll
                0x0000000010004be4      0x18c CMakeFiles/RP2040matrix.dir/home/oxiin/pico/FreeRTOS/FreeRTOS/Source/tasks.c.obj
                0x0000000010004be4                xTaskResumeAll
 .text.vTaskDelay
                0x0000000010004d70       0x78 CMakeFiles/RP2040matrix.dir/home/oxiin/pico/FreeRTOS/FreeRTOS/Source/tasks.c.obj
                0x0000000010004d70                vTaskDelay
 .text.xTaskGetTickCount
                0x0000000010004de8        0xc CMakeFiles/RP2040matrix.dir/home/oxiin/pico/FreeRTOS/FreeRTOS/Source/tasks.c.obj
                0x0000000010004de8                xTaskGetTickCount
 .text.uxTaskGetNumberOfTasks
                0x0000000010004df4        0xc CMakeFiles/RP2040matrix.dir/home/oxiin/pico/FreeRTOS/FreeRTOS/Source/tasks.c.obj
                0x0000000010004df4                uxTaskGetNumberOfTasks
 .text.xTaskIncrementTick
                0x0000000010004e00       0x24 CMakeFiles/RP2040matrix.dir/home/oxiin/pico/FreeRTOS/FreeRTOS/Source/tasks.c.obj
                0x0000000010004e00                xTaskIncrementTick
 .text.vTaskSwitchContext
                0x0000000010004e24       0x98 CMakeFiles/RP2040matrix.dir/home/oxiin/pico/FreeRTOS/FreeRTOS/Source/tasks.c.obj
                0x0000000010004e24                vTaskSwitchContext
 .text.vTaskPlaceOnEventList
                0x0000000010004ebc       0x98 CMakeFiles/RP2040matrix.dir/home/oxiin/pico/FreeRTOS/FreeRTOS/Source/tasks.c.obj
                0x0000000010004ebc                vTaskPlaceOnEventList
 .text.vTaskPlaceOnUnorderedEventList
                0x0000000010004f54       0xbc CMakeFiles/RP2040matrix.dir/home/oxiin/pico/FreeRTOS/FreeRTOS/Source/tasks.c.obj
                0x0000000010004f54                vTaskPlaceOnUnorderedEventList
 .text.vTaskPlaceOnEventListRestricted
                0x0000000010005010       0xc4 CMakeFiles/RP2040matrix.dir/home/oxiin/pico/FreeRTOS/FreeRTOS/Source/tasks.c.obj
                0x0000000010005010                vTaskPlaceOnEventListRestricted
 .text.xTaskRemoveFromEventList
                0x00000000100050d4       0xd8 CMakeFiles/RP2040matrix.dir/home/oxiin/pico/FreeRTOS/FreeRTOS/Source/tasks.c.obj
                0x00000000100050d4                xTaskRemoveFromEventList
 .text.vTaskRemoveFromUnorderedEventList
                0x00000000100051ac       0x98 CMakeFiles/RP2040matrix.dir/home/oxiin/pico/FreeRTOS/FreeRTOS/Source/tasks.c.obj
                0x00000000100051ac                vTaskRemoveFromUnorderedEventList
 .text.vTaskInternalSetTimeOutState
                0x0000000010005244       0x18 CMakeFiles/RP2040matrix.dir/home/oxiin/pico/FreeRTOS/FreeRTOS/Source/tasks.c.obj
                0x0000000010005244                vTaskInternalSetTimeOutState
 .text.xTaskCheckForTimeOut
                0x000000001000525c       0x74 CMakeFiles/RP2040matrix.dir/home/oxiin/pico/FreeRTOS/FreeRTOS/Source/tasks.c.obj
                0x000000001000525c                xTaskCheckForTimeOut
 .text.vTaskMissedYield
                0x00000000100052d0        0xc CMakeFiles/RP2040matrix.dir/home/oxiin/pico/FreeRTOS/FreeRTOS/Source/tasks.c.obj
                0x00000000100052d0                vTaskMissedYield
 .text.uxTaskGetStackHighWaterMark
                0x00000000100052dc       0x28 CMakeFiles/RP2040matrix.dir/home/oxiin/pico/FreeRTOS/FreeRTOS/Source/tasks.c.obj
                0x00000000100052dc                uxTaskGetStackHighWaterMark
 .text.xTaskGetCurrentTaskHandle
                0x0000000010005304        0xc CMakeFiles/RP2040matrix.dir/home/oxiin/pico/FreeRTOS/FreeRTOS/Source/tasks.c.obj
                0x0000000010005304                xTaskGetCurrentTaskHandle
 .text.xTaskPriorityInherit
                0x0000000010005310       0x94 CMakeFiles/RP2040matrix.dir/home/oxiin/pico/FreeRTOS/FreeRTOS/Source/tasks.c.obj
                0x0000000010005310                xTaskPriorityInherit
 .text.xTaskPriorityDisinherit
                0x00000000100053a4       0x64 CMakeFiles/RP2040matrix.dir/home/oxiin/pico/FreeRTOS/FreeRTOS/Source/tasks.c.obj
                0x00000000100053a4                xTaskPriorityDisinherit
 .text.vTaskPriorityDisinheritAfterTimeout
                0x0000000010005408       0x80 CMakeFiles/RP2040matrix.dir/home/oxiin/pico/FreeRTOS/FreeRTOS/Source/tasks.c.obj
                0x0000000010005408                vTaskPriorityDisinheritAfterTimeout
 .text.uxTaskResetEventItemValue
                0x0000000010005488       0x18 CMakeFiles/RP2040matrix.dir/home/oxiin/pico/FreeRTOS/FreeRTOS/Source/tasks.c.obj
                0x0000000010005488                uxTaskResetEventItemValue
 .text.pvTaskIncrementMutexHeldCount
                0x00000000100054a0       0x18 CMakeFiles/RP2040matrix.dir/home/oxiin/pico/FreeRTOS/FreeRTOS/Source/tasks.c.obj
                0x00000000100054a0                pvTaskIncrementMutexHeldCount
 .text.prvTimerTask
                0x00000000100054b8      0x360 CMakeFiles/RP2040matrix.dir/home/oxiin/pico/FreeRTOS/FreeRTOS/Source/timers.c.obj
 .text.xTimerCreateTimerTask
                0x0000000010005818       0x8c CMakeFiles/RP2040matrix.dir/home/oxiin/pico/FreeRTOS/FreeRTOS/Source/timers.c.obj
                0x0000000010005818                xTimerCreateTimerTask
 .text.xTimerPendFunctionCallFromISR
                0x00000000100058a4       0x28 CMakeFiles/RP2040matrix.dir/home/oxiin/pico/FreeRTOS/FreeRTOS/Source/timers.c.obj
                0x00000000100058a4                xTimerPendFunctionCallFromISR
 .text.exception_set_exclusive_handler
                0x00000000100058cc       0x48 CMakeFiles/RP2040matrix.dir/home/oxiin/pico/pico-sdk/src/rp2_common/hardware_exception/exception.c.obj
                0x00000000100058cc                exception_set_exclusive_handler
 .text.pvPortMalloc
                0x0000000010005914       0x74 CMakeFiles/RP2040matrix.dir/home/oxiin/pico/FreeRTOS/FreeRTOS/Source/portable/MemMang/heap_1.c.obj
                0x0000000010005914                pvPortMalloc
 .text.vPortFree
                0x0000000010005988        0x4 CMakeFiles/RP2040matrix.dir/home/oxiin/pico/FreeRTOS/FreeRTOS/Source/portable/MemMang/heap_1.c.obj
                0x0000000010005988                vPortFree
 .text.xPortGetFreeHeapSize
                0x000000001000598c       0x14 CMakeFiles/RP2040matrix.dir/home/oxiin/pico/FreeRTOS/FreeRTOS/Source/portable/MemMang/heap_1.c.obj
                0x000000001000598c                xPortGetFreeHeapSize
 .text.runtime_init
                0x00000000100059a0       0xf0 CMakeFiles/RP2040matrix.dir/home/oxiin/pico/pico-sdk/src/rp2_common/pico_runtime/runtime.c.obj
                0x00000000100059a0                runtime_init
 .text._sbrk    0x0000000010005a90       0x34 CMakeFiles/RP2040matrix.dir/home/oxiin/pico/pico-sdk/src/rp2_common/pico_runtime/runtime.c.obj
                0x0000000010005a90                _sbrk
 .text.exit     0x0000000010005ac4        0x4 CMakeFiles/RP2040matrix.dir/home/oxiin/pico/pico-sdk/src/rp2_common/pico_runtime/runtime.c.obj
                0x0000000010005ac4                exit
 .text.panic    0x0000000010005ac8       0x30 CMakeFiles/RP2040matrix.dir/home/oxiin/pico/pico-sdk/src/rp2_common/pico_runtime/runtime.c.obj
                0x0000000010005ac8                panic
 .text.panic_unsupported
                0x0000000010005af8        0xc CMakeFiles/RP2040matrix.dir/home/oxiin/pico/pico-sdk/src/rp2_common/pico_runtime/runtime.c.obj
                0x0000000010005af8                panic_unsupported
 .text.hard_assertion_failure
                0x0000000010005b04        0xc CMakeFiles/RP2040matrix.dir/home/oxiin/pico/pico-sdk/src/rp2_common/pico_runtime/runtime.c.obj
                0x0000000010005b04                hard_assertion_failure
 .text.clocks_init
                0x0000000010005b10      0x2bc CMakeFiles/RP2040matrix.dir/home/oxiin/pico/pico-sdk/src/rp2_common/hardware_clocks/clocks.c.obj
                0x0000000010005b10                clocks_init
 .text.clock_get_hz
                0x0000000010005dcc        0xc CMakeFiles/RP2040matrix.dir/home/oxiin/pico/pico-sdk/src/rp2_common/hardware_clocks/clocks.c.obj
                0x0000000010005dcc                clock_get_hz
 .text.pll_init
                0x0000000010005dd8       0xb0 CMakeFiles/RP2040matrix.dir/home/oxiin/pico/pico-sdk/src/rp2_common/hardware_pll/pll.c.obj
                0x0000000010005dd8                pll_init
 .text.watchdog_start_tick
                0x0000000010005e88       0x10 CMakeFiles/RP2040matrix.dir/home/oxiin/pico/pico-sdk/src/rp2_common/hardware_watchdog/watchdog.c.obj
                0x0000000010005e88                watchdog_start_tick
 .text.watchdog_reboot
                0x0000000010005e98       0x98 CMakeFiles/RP2040matrix.dir/home/oxiin/pico/pico-sdk/src/rp2_common/hardware_watchdog/watchdog.c.obj
                0x0000000010005e98                watchdog_reboot
 .text.xosc_init
                0x0000000010005f30       0x28 CMakeFiles/RP2040matrix.dir/home/oxiin/pico/pico-sdk/src/rp2_common/hardware_xosc/xosc.c.obj
                0x0000000010005f30                xosc_init
 .text._out_null
                0x0000000010005f58        0x4 CMakeFiles/RP2040matrix.dir/home/oxiin/pico/pico-sdk/src/rp2_common/pico_printf/printf.c.obj
 .text._out_rev
                0x0000000010005f5c       0x9c CMakeFiles/RP2040matrix.dir/home/oxiin/pico/pico-sdk/src/rp2_common/pico_printf/printf.c.obj
 .text._ntoa_format
                0x0000000010005ff8      0x1cc CMakeFiles/RP2040matrix.dir/home/oxiin/pico/pico-sdk/src/rp2_common/pico_printf/printf.c.obj
 .text._out_char
                0x00000000100061c4       0x10 CMakeFiles/RP2040matrix.dir/home/oxiin/pico/pico-sdk/src/rp2_common/pico_printf/printf.c.obj
 .text._out_fct
                0x00000000100061d4       0x10 CMakeFiles/RP2040matrix.dir/home/oxiin/pico/pico-sdk/src/rp2_common/pico_printf/printf.c.obj
 .text._etoa    0x00000000100061e4      0x44c CMakeFiles/RP2040matrix.dir/home/oxiin/pico/pico-sdk/src/rp2_common/pico_printf/printf.c.obj
 .text._ftoa    0x0000000010006630      0x398 CMakeFiles/RP2040matrix.dir/home/oxiin/pico/pico-sdk/src/rp2_common/pico_printf/printf.c.obj
 .text._vsnprintf
                0x00000000100069c8      0xb04 CMakeFiles/RP2040matrix.dir/home/oxiin/pico/pico-sdk/src/rp2_common/pico_printf/printf.c.obj
 .text.vfctprintf
                0x00000000100074cc       0x20 CMakeFiles/RP2040matrix.dir/home/oxiin/pico/pico-sdk/src/rp2_common/pico_printf/printf.c.obj
                0x00000000100074cc                vfctprintf
 .text.weak_raw_vprintf
                0x00000000100074ec       0x30 CMakeFiles/RP2040matrix.dir/home/oxiin/pico/pico-sdk/src/rp2_common/pico_printf/printf.c.obj
                0x00000000100074ec                weak_raw_vprintf
 .text          0x000000001000751c       0x10 CMakeFiles/RP2040matrix.dir/home/oxiin/pico/pico-sdk/src/rp2_common/pico_bit_ops/bit_ops_aeabi.S.obj
 .text.rom_func_lookup
                0x000000001000752c       0x10 CMakeFiles/RP2040matrix.dir/home/oxiin/pico/pico-sdk/src/rp2_common/pico_bootrom/bootrom.c.obj
                0x000000001000752c                rom_func_lookup
 .text.rom_data_lookup
                0x000000001000753c       0x10 CMakeFiles/RP2040matrix.dir/home/oxiin/pico/pico-sdk/src/rp2_common/pico_bootrom/bootrom.c.obj
                0x000000001000753c                rom_data_lookup
 .text.rom_funcs_lookup
                0x000000001000754c       0x44 CMakeFiles/RP2040matrix.dir/home/oxiin/pico/pico-sdk/src/rp2_common/pico_bootrom/bootrom.c.obj
                0x000000001000754c                rom_funcs_lookup
 .text.__wrap___aeabi_idiv
                0x0000000010007590       0x50 CMakeFiles/RP2040matrix.dir/home/oxiin/pico/pico-sdk/src/rp2_common/pico_divider/divider.S.obj
                0x0000000010007590                __wrap___aeabi_idivmod
                0x0000000010007590                divmod_s32s32
                0x0000000010007590                div_s32s32
                0x0000000010007590                __wrap___aeabi_idiv
                0x0000000010007598                divmod_s32s32_unsafe
                0x00000000100075c4                divmod_s32s32_savestate
 .text.__wrap___aeabi_uidiv
                0x00000000100075e0       0x4c CMakeFiles/RP2040matrix.dir/home/oxiin/pico/pico-sdk/src/rp2_common/pico_divider/divider.S.obj
                0x00000000100075e0                __wrap___aeabi_uidiv
                0x00000000100075e0                __wrap___aeabi_uidivmod
                0x00000000100075e0                div_u32u32
                0x00000000100075e0                divmod_u32u32
                0x00000000100075e8                divmod_u32u32_unsafe
                0x0000000010007610                divmod_u32u32_savestate
 .text.__wrap___aeabi_ldiv
                0x000000001000762c      0x434 CMakeFiles/RP2040matrix.dir/home/oxiin/pico/pico-sdk/src/rp2_common/pico_divider/divider.S.obj
                0x000000001000762c                div_s64s64
                0x000000001000762c                divmod_s64s64
                0x000000001000762c                __wrap___aeabi_ldivmod
                0x0000000010007664                div_u64u64
                0x0000000010007664                divmod_u64u64
                0x0000000010007664                __wrap___aeabi_uldivmod
                0x0000000010007674                divmod_u64u64_savestate
                0x000000001000769c                divmod_s64s64_unsafe
                0x0000000010007724                divmod_u64u64_unsafe
 .text.__wrap___aeabi_darithmetic
                0x0000000010007a60       0x80 CMakeFiles/RP2040matrix.dir/home/oxiin/pico/pico-sdk/src/rp2_common/pico_double/double_aeabi.S.obj
                0x0000000010007a60                __wrap___aeabi_drsub
                0x0000000010007a66                __wrap___aeabi_dsub
                0x0000000010007a78                __wrap___aeabi_dadd
                0x0000000010007a8a                __wrap___aeabi_ddiv
                0x0000000010007ac6                __wrap___aeabi_dmul
 .text.__wrap___aeabi_cdcmple
                0x0000000010007ae0       0x6c CMakeFiles/RP2040matrix.dir/home/oxiin/pico/pico-sdk/src/rp2_common/pico_double/double_aeabi.S.obj
                0x0000000010007ae0                __wrap___aeabi_cdrcmple
                0x0000000010007af0                __wrap___aeabi_cdcmple
                0x0000000010007af0                __wrap___aeabi_cdcmpeq
 .text.__wrap___aeabi_dcmplt
                0x0000000010007b4c        0xc CMakeFiles/RP2040matrix.dir/home/oxiin/pico/pico-sdk/src/rp2_common/pico_double/double_aeabi.S.obj
                0x0000000010007b4c                __wrap___aeabi_dcmplt
 .text.__wrap___aeabi_dcmple
                0x0000000010007b58       0x10 CMakeFiles/RP2040matrix.dir/home/oxiin/pico/pico-sdk/src/rp2_common/pico_double/double_aeabi.S.obj
                0x0000000010007b58                __wrap___aeabi_dcmple
 .text.__wrap___aeabi_dcmpge
                0x0000000010007b68       0x10 CMakeFiles/RP2040matrix.dir/home/oxiin/pico/pico-sdk/src/rp2_common/pico_double/double_aeabi.S.obj
                0x0000000010007b68                __wrap___aeabi_dcmpge
 .text.__wrap___aeabi_dcmpgt
                0x0000000010007b78        0xa CMakeFiles/RP2040matrix.dir/home/oxiin/pico/pico-sdk/src/rp2_common/pico_double/double_aeabi.S.obj
                0x0000000010007b78                __wrap___aeabi_dcmpgt
 .text.__wrap___aeabi_dcmpun
                0x0000000010007b82       0x1c CMakeFiles/RP2040matrix.dir/home/oxiin/pico/pico-sdk/src/rp2_common/pico_double/double_aeabi.S.obj
                0x0000000010007b82                __wrap___aeabi_dcmpun
 *fill*         0x0000000010007b9e        0x2 
 .text.__wrap___aeabi_i2d
                0x0000000010007ba0       0x38 CMakeFiles/RP2040matrix.dir/home/oxiin/pico/pico-sdk/src/rp2_common/pico_double/double_aeabi.S.obj
                0x0000000010007ba0                __wrap___aeabi_ui2d
                0x0000000010007ba8                __wrap___aeabi_i2d
 .text.__wrap___aeabi_d2iz
                0x0000000010007bd8       0x48 CMakeFiles/RP2040matrix.dir/home/oxiin/pico/pico-sdk/src/rp2_common/pico_double/double_aeabi.S.obj
                0x0000000010007bd8                __wrap___aeabi_d2iz
                0x0000000010007bd8                double2int_z
 .text.__wrap___aeabi_d2uiz
                0x0000000010007c20       0x18 CMakeFiles/RP2040matrix.dir/home/oxiin/pico/pico-sdk/src/rp2_common/pico_double/double_aeabi.S.obj
                0x0000000010007c20                double2uint
                0x0000000010007c20                __wrap___aeabi_d2uiz
 .text.__aeabi_double_init
                0x0000000010007c38       0x94 CMakeFiles/RP2040matrix.dir/home/oxiin/pico/pico-sdk/src/rp2_common/pico_double/double_init_rom.c.obj
                0x0000000010007c38                __aeabi_double_init
 .text.double_table_shim_on_use_helper
                0x0000000010007ccc       0x2c CMakeFiles/RP2040matrix.dir/home/oxiin/pico/pico-sdk/src/rp2_common/pico_double/double_v1_rom_shim.S.obj
                0x0000000010007ccc                double_table_shim_on_use_helper
 .text.__wrap___aeabi_dsub
                0x0000000010007cf8       0x10 CMakeFiles/RP2040matrix.dir/home/oxiin/pico/pico-sdk/src/rp2_common/pico_double/double_v1_rom_shim.S.obj
                0x0000000010007cf8                drsub_shim
                0x0000000010007cfe                dsub_shim
 .text.dadd_shim
                0x0000000010007d08      0x15c CMakeFiles/RP2040matrix.dir/home/oxiin/pico/pico-sdk/src/rp2_common/pico_double/double_v1_rom_shim.S.obj
                0x0000000010007d08                dadd_shim
 .text.dmul_shim
                0x0000000010007e64      0x15c CMakeFiles/RP2040matrix.dir/home/oxiin/pico/pico-sdk/src/rp2_common/pico_double/double_v1_rom_shim.S.obj
                0x0000000010007e64                dmul_shim
 .text.ddiv_shim
                0x0000000010007fc0      0x1b0 CMakeFiles/RP2040matrix.dir/home/oxiin/pico/pico-sdk/src/rp2_common/pico_double/double_v1_rom_shim.S.obj
                0x0000000010007fc0                ddiv_shim
 .text.double2uint_shim
                0x0000000010008170        0xe CMakeFiles/RP2040matrix.dir/home/oxiin/pico/pico-sdk/src/rp2_common/pico_double/double_v1_rom_shim.S.obj
                0x0000000010008170                double2uint_shim
                0x0000000010008172                double2ufix_shim
 *fill*         0x000000001000817e        0x2 
 .text.double2uint64_shim
                0x0000000010008180       0x70 CMakeFiles/RP2040matrix.dir/home/oxiin/pico/pico-sdk/src/rp2_common/pico_double/double_v1_rom_shim.S.obj
                0x0000000010008180                double2uint64_shim
                0x0000000010008182                double2ufix64_shim
                0x00000000100081a2                d2fix_a
 .text.dunpacks
                0x00000000100081f0       0x3c CMakeFiles/RP2040matrix.dir/home/oxiin/pico/pico-sdk/src/rp2_common/pico_double/double_v1_rom_shim.S.obj
                0x00000000100081f0                dunpacks
 .text.__aeabi_lmul
                0x000000001000822c       0x32 CMakeFiles/RP2040matrix.dir/home/oxiin/pico/pico-sdk/src/rp2_common/pico_int64_ops/pico_int64_ops_aeabi.S.obj
                0x000000001000822c                __wrap___aeabi_lmul
 *fill*         0x000000001000825e        0x2 
 .text.__aeabi_float_init
                0x0000000010008260       0x64 CMakeFiles/RP2040matrix.dir/home/oxiin/pico/pico-sdk/src/rp2_common/pico_float/float_init_rom.c.obj
                0x0000000010008260                __aeabi_float_init
 .text.float_table_shim_on_use_helper
                0x00000000100082c4       0x2c CMakeFiles/RP2040matrix.dir/home/oxiin/pico/pico-sdk/src/rp2_common/pico_float/float_v1_rom_shim.S.obj
                0x00000000100082c4                float_table_shim_on_use_helper
 .text.__wrap_calloc
                0x00000000100082f0       0x40 CMakeFiles/RP2040matrix.dir/home/oxiin/pico/pico-sdk/src/rp2_common/pico_malloc/pico_malloc.c.obj
                0x00000000100082f0                __wrap_calloc
 .text.__wrap_free
                0x0000000010008330       0x20 CMakeFiles/RP2040matrix.dir/home/oxiin/pico/pico-sdk/src/rp2_common/pico_malloc/pico_malloc.c.obj
                0x0000000010008330                __wrap_free
 .text          0x0000000010008350       0x10 CMakeFiles/RP2040matrix.dir/home/oxiin/pico/pico-sdk/src/rp2_common/pico_mem_ops/mem_ops_aeabi.S.obj
                0x0000000010008350                __aeabi_mem_init
 .text.memset   0x0000000010008360        0xc CMakeFiles/RP2040matrix.dir/home/oxiin/pico/pico-sdk/src/rp2_common/pico_mem_ops/mem_ops_aeabi.S.obj
                0x0000000010008360                __wrap_memset
 .text.memcpy   0x000000001000836c        0xc CMakeFiles/RP2040matrix.dir/home/oxiin/pico/pico-sdk/src/rp2_common/pico_mem_ops/mem_ops_aeabi.S.obj
                0x000000001000836c                __wrap___aeabi_memcpy
                0x000000001000836c                __wrap_memcpy
 .text.stdio_out_chars_no_crlf
                0x0000000010008378       0x10 CMakeFiles/RP2040matrix.dir/home/oxiin/pico/pico-sdk/src/rp2_common/pico_stdio/stdio.c.obj
 .text.stdio_out_chars_crlf
                0x0000000010008388       0xb4 CMakeFiles/RP2040matrix.dir/home/oxiin/pico/pico-sdk/src/rp2_common/pico_stdio/stdio.c.obj
 .text.stdio_buffered_printer
                0x000000001000843c       0x64 CMakeFiles/RP2040matrix.dir/home/oxiin/pico/pico-sdk/src/rp2_common/pico_stdio/stdio.c.obj
 .text.stdio_put_string.isra.0
                0x00000000100084a0       0xf8 CMakeFiles/RP2040matrix.dir/home/oxiin/pico/pico-sdk/src/rp2_common/pico_stdio/stdio.c.obj
 .text.__wrap_putchar
                0x0000000010008598       0xa0 CMakeFiles/RP2040matrix.dir/home/oxiin/pico/pico-sdk/src/rp2_common/pico_stdio/stdio.c.obj
                0x0000000010008598                __wrap_putchar
 .text.__wrap_puts
                0x0000000010008638       0x3c CMakeFiles/RP2040matrix.dir/home/oxiin/pico/pico-sdk/src/rp2_common/pico_stdio/stdio.c.obj
                0x0000000010008638                __wrap_puts
 .text.stdio_set_driver_enabled
                0x0000000010008674       0x30 CMakeFiles/RP2040matrix.dir/home/oxiin/pico/pico-sdk/src/rp2_common/pico_stdio/stdio.c.obj
                0x0000000010008674                stdio_set_driver_enabled
 .text.__wrap_vprintf
                0x00000000100086a4       0xd8 CMakeFiles/RP2040matrix.dir/home/oxiin/pico/pico-sdk/src/rp2_common/pico_stdio/stdio.c.obj
                0x00000000100086a4                __wrap_vprintf
 .text.__wrap_printf
                0x000000001000877c       0x18 CMakeFiles/RP2040matrix.dir/home/oxiin/pico/pico-sdk/src/rp2_common/pico_stdio/stdio.c.obj
                0x000000001000877c                __wrap_printf
 .text.stdio_init_all
                0x0000000010008794        0x8 CMakeFiles/RP2040matrix.dir/home/oxiin/pico/pico-sdk/src/rp2_common/pico_stdio/stdio.c.obj
                0x0000000010008794                stdio_init_all
 .text.resetd_init
                0x000000001000879c        0x4 CMakeFiles/RP2040matrix.dir/home/oxiin/pico/pico-sdk/src/rp2_common/pico_stdio_usb/reset_interface.c.obj
 .text.resetd_reset
                0x00000000100087a0        0xc CMakeFiles/RP2040matrix.dir/home/oxiin/pico/pico-sdk/src/rp2_common/pico_stdio_usb/reset_interface.c.obj
 .text.resetd_open
                0x00000000100087ac       0x28 CMakeFiles/RP2040matrix.dir/home/oxiin/pico/pico-sdk/src/rp2_common/pico_stdio_usb/reset_interface.c.obj
 .text.resetd_xfer_cb
                0x00000000100087d4        0x4 CMakeFiles/RP2040matrix.dir/home/oxiin/pico/pico-sdk/src/rp2_common/pico_stdio_usb/reset_interface.c.obj
 .text.resetd_control_xfer_cb
                0x00000000100087d8       0x64 CMakeFiles/RP2040matrix.dir/home/oxiin/pico/pico-sdk/src/rp2_common/pico_stdio_usb/reset_interface.c.obj
 .text.usbd_app_driver_get_cb
                0x000000001000883c        0xc CMakeFiles/RP2040matrix.dir/home/oxiin/pico/pico-sdk/src/rp2_common/pico_stdio_usb/reset_interface.c.obj
                0x000000001000883c                usbd_app_driver_get_cb
 .text.tud_cdc_line_coding_cb
                0x0000000010008848       0x34 CMakeFiles/RP2040matrix.dir/home/oxiin/pico/pico-sdk/src/rp2_common/pico_stdio_usb/reset_interface.c.obj
                0x0000000010008848                tud_cdc_line_coding_cb
 .text.stdio_usb_in_chars
                0x000000001000887c       0x68 CMakeFiles/RP2040matrix.dir/home/oxiin/pico/pico-sdk/src/rp2_common/pico_stdio_usb/stdio_usb.c.obj
                0x000000001000887c                stdio_usb_in_chars
 .text.stdio_usb_out_chars
                0x00000000100088e4       0xe4 CMakeFiles/RP2040matrix.dir/home/oxiin/pico/pico-sdk/src/rp2_common/pico_stdio_usb/stdio_usb.c.obj
 .text.timer_task
                0x00000000100089c8       0x18 CMakeFiles/RP2040matrix.dir/home/oxiin/pico/pico-sdk/src/rp2_common/pico_stdio_usb/stdio_usb.c.obj
 .text.usb_irq  0x00000000100089e0       0x10 CMakeFiles/RP2040matrix.dir/home/oxiin/pico/pico-sdk/src/rp2_common/pico_stdio_usb/stdio_usb.c.obj
 .text.low_priority_worker_irq
                0x00000000100089f0       0x24 CMakeFiles/RP2040matrix.dir/home/oxiin/pico/pico-sdk/src/rp2_common/pico_stdio_usb/stdio_usb.c.obj
 .text.stdio_usb_init
                0x0000000010008a14       0xb0 CMakeFiles/RP2040matrix.dir/home/oxiin/pico/pico-sdk/src/rp2_common/pico_stdio_usb/stdio_usb.c.obj
                0x0000000010008a14                stdio_usb_init
 .text.tud_descriptor_device_cb
                0x0000000010008ac4        0x8 CMakeFiles/RP2040matrix.dir/home/oxiin/pico/pico-sdk/src/rp2_common/pico_stdio_usb/stdio_usb_descriptors.c.obj
                0x0000000010008ac4                tud_descriptor_device_cb
 .text.tud_descriptor_configuration_cb
                0x0000000010008acc        0x8 CMakeFiles/RP2040matrix.dir/home/oxiin/pico/pico-sdk/src/rp2_common/pico_stdio_usb/stdio_usb_descriptors.c.obj
                0x0000000010008acc                tud_descriptor_configuration_cb
 .text.tud_descriptor_string_cb
                0x0000000010008ad4       0x74 CMakeFiles/RP2040matrix.dir/home/oxiin/pico/pico-sdk/src/rp2_common/pico_stdio_usb/stdio_usb_descriptors.c.obj
                0x0000000010008ad4                tud_descriptor_string_cb
 .text.dcd_rp2040_irq
                0x0000000010008b48      0x21c CMakeFiles/RP2040matrix.dir/home/oxiin/pico/pico-sdk/lib/tinyusb/src/portable/raspberrypi/rp2040/dcd_rp2040.c.obj
 .text.dcd_int_enable
                0x0000000010008d64        0xc CMakeFiles/RP2040matrix.dir/home/oxiin/pico/pico-sdk/lib/tinyusb/src/portable/raspberrypi/rp2040/dcd_rp2040.c.obj
                0x0000000010008d64                dcd_int_enable
 .text.dcd_set_address
                0x0000000010008d70       0x14 CMakeFiles/RP2040matrix.dir/home/oxiin/pico/pico-sdk/lib/tinyusb/src/portable/raspberrypi/rp2040/dcd_rp2040.c.obj
                0x0000000010008d70                dcd_set_address
 .text.dcd_connect
                0x0000000010008d84       0x10 CMakeFiles/RP2040matrix.dir/home/oxiin/pico/pico-sdk/lib/tinyusb/src/portable/raspberrypi/rp2040/dcd_rp2040.c.obj
                0x0000000010008d84                dcd_connect
 .text.dcd_init
                0x0000000010008d94      0x144 CMakeFiles/RP2040matrix.dir/home/oxiin/pico/pico-sdk/lib/tinyusb/src/portable/raspberrypi/rp2040/dcd_rp2040.c.obj
                0x0000000010008d94                dcd_init
 .text.dcd_edpt0_status_complete
                0x0000000010008ed8       0x1c CMakeFiles/RP2040matrix.dir/home/oxiin/pico/pico-sdk/lib/tinyusb/src/portable/raspberrypi/rp2040/dcd_rp2040.c.obj
                0x0000000010008ed8                dcd_edpt0_status_complete
 .text.dcd_edpt_open
                0x0000000010008ef4       0xf0 CMakeFiles/RP2040matrix.dir/home/oxiin/pico/pico-sdk/lib/tinyusb/src/portable/raspberrypi/rp2040/dcd_rp2040.c.obj
                0x0000000010008ef4                dcd_edpt_open
 .text.dcd_edpt_close_all
                0x0000000010008fe4       0xbc CMakeFiles/RP2040matrix.dir/home/oxiin/pico/pico-sdk/lib/tinyusb/src/portable/raspberrypi/rp2040/dcd_rp2040.c.obj
                0x0000000010008fe4                dcd_edpt_close_all
 .text.dcd_edpt_xfer
                0x00000000100090a0       0x24 CMakeFiles/RP2040matrix.dir/home/oxiin/pico/pico-sdk/lib/tinyusb/src/portable/raspberrypi/rp2040/dcd_rp2040.c.obj
                0x00000000100090a0                dcd_edpt_xfer
 .text.dcd_edpt_stall
                0x00000000100090c4       0x38 CMakeFiles/RP2040matrix.dir/home/oxiin/pico/pico-sdk/lib/tinyusb/src/portable/raspberrypi/rp2040/dcd_rp2040.c.obj
                0x00000000100090c4                dcd_edpt_stall
 .text.dcd_edpt_clear_stall
                0x00000000100090fc       0x30 CMakeFiles/RP2040matrix.dir/home/oxiin/pico/pico-sdk/lib/tinyusb/src/portable/raspberrypi/rp2040/dcd_rp2040.c.obj
                0x00000000100090fc                dcd_edpt_clear_stall
 .text._hw_endpoint_buffer_control_update32.part.0.isra.0
                0x000000001000912c       0x1c CMakeFiles/RP2040matrix.dir/home/oxiin/pico/pico-sdk/lib/tinyusb/src/portable/raspberrypi/rp2040/rp2040_usb.c.obj
 .text.rp2040_usb_init
                0x0000000010009148       0x4c CMakeFiles/RP2040matrix.dir/home/oxiin/pico/pico-sdk/lib/tinyusb/src/portable/raspberrypi/rp2040/rp2040_usb.c.obj
                0x0000000010009148                rp2040_usb_init
 .text.hw_endpoint_reset_transfer
                0x0000000010009194        0xc CMakeFiles/RP2040matrix.dir/home/oxiin/pico/pico-sdk/lib/tinyusb/src/portable/raspberrypi/rp2040/rp2040_usb.c.obj
                0x0000000010009194                hw_endpoint_reset_transfer
 .text._hw_endpoint_buffer_control_update32
                0x00000000100091a0       0x44 CMakeFiles/RP2040matrix.dir/home/oxiin/pico/pico-sdk/lib/tinyusb/src/portable/raspberrypi/rp2040/rp2040_usb.c.obj
                0x00000000100091a0                _hw_endpoint_buffer_control_update32
 .text.hw_endpoint_xfer_start
                0x00000000100091e4      0x138 CMakeFiles/RP2040matrix.dir/home/oxiin/pico/pico-sdk/lib/tinyusb/src/portable/raspberrypi/rp2040/rp2040_usb.c.obj
                0x00000000100091e4                hw_endpoint_xfer_start
 .text.hw_endpoint_xfer_continue
                0x000000001000931c      0x1e4 CMakeFiles/RP2040matrix.dir/home/oxiin/pico/pico-sdk/lib/tinyusb/src/portable/raspberrypi/rp2040/rp2040_usb.c.obj
                0x000000001000931c                hw_endpoint_xfer_continue
 .text.tud_mounted
                0x0000000010009500       0x10 CMakeFiles/RP2040matrix.dir/home/oxiin/pico/pico-sdk/lib/tinyusb/src/device/usbd.c.obj
                0x0000000010009500                tud_mounted
 .text.tud_suspended
                0x0000000010009510       0x10 CMakeFiles/RP2040matrix.dir/home/oxiin/pico/pico-sdk/lib/tinyusb/src/device/usbd.c.obj
                0x0000000010009510                tud_suspended
 .text.tud_inited
                0x0000000010009520        0xc CMakeFiles/RP2040matrix.dir/home/oxiin/pico/pico-sdk/lib/tinyusb/src/device/usbd.c.obj
                0x0000000010009520                tud_inited
 .text.tud_init
                0x000000001000952c       0xd8 CMakeFiles/RP2040matrix.dir/home/oxiin/pico/pico-sdk/lib/tinyusb/src/device/usbd.c.obj
                0x000000001000952c                tud_init
 .text.tud_task
                0x0000000010009604      0x8ec CMakeFiles/RP2040matrix.dir/home/oxiin/pico/pico-sdk/lib/tinyusb/src/device/usbd.c.obj
                0x0000000010009604                tud_task
 .text.dcd_event_bus_signal
                0x0000000010009ef0      0x120 CMakeFiles/RP2040matrix.dir/home/oxiin/pico/pico-sdk/lib/tinyusb/src/device/usbd.c.obj
                0x0000000010009ef0                dcd_event_bus_signal
 .text.dcd_event_bus_reset
                0x000000001000a010       0x54 CMakeFiles/RP2040matrix.dir/home/oxiin/pico/pico-sdk/lib/tinyusb/src/device/usbd.c.obj
                0x000000001000a010                dcd_event_bus_reset
 .text.dcd_event_setup_received
                0x000000001000a064       0x50 CMakeFiles/RP2040matrix.dir/home/oxiin/pico/pico-sdk/lib/tinyusb/src/device/usbd.c.obj
                0x000000001000a064                dcd_event_setup_received
 .text.dcd_event_xfer_complete
                0x000000001000a0b4       0x68 CMakeFiles/RP2040matrix.dir/home/oxiin/pico/pico-sdk/lib/tinyusb/src/device/usbd.c.obj
                0x000000001000a0b4                dcd_event_xfer_complete
 .text.usbd_open_edpt_pair
                0x000000001000a11c       0x80 CMakeFiles/RP2040matrix.dir/home/oxiin/pico/pico-sdk/lib/tinyusb/src/device/usbd.c.obj
                0x000000001000a11c                usbd_open_edpt_pair
 .text.usbd_edpt_open
                0x000000001000a19c       0x30 CMakeFiles/RP2040matrix.dir/home/oxiin/pico/pico-sdk/lib/tinyusb/src/device/usbd.c.obj
                0x000000001000a19c                usbd_edpt_open
 .text.usbd_edpt_claim
                0x000000001000a1cc       0x64 CMakeFiles/RP2040matrix.dir/home/oxiin/pico/pico-sdk/lib/tinyusb/src/device/usbd.c.obj
                0x000000001000a1cc                usbd_edpt_claim
 .text.usbd_edpt_release
                0x000000001000a230       0x4c CMakeFiles/RP2040matrix.dir/home/oxiin/pico/pico-sdk/lib/tinyusb/src/device/usbd.c.obj
                0x000000001000a230                usbd_edpt_release
 .text.usbd_edpt_xfer
                0x000000001000a27c       0x48 CMakeFiles/RP2040matrix.dir/home/oxiin/pico/pico-sdk/lib/tinyusb/src/device/usbd.c.obj
                0x000000001000a27c                usbd_edpt_xfer
 .text.tud_control_status
                0x000000001000a2c4       0x30 CMakeFiles/RP2040matrix.dir/home/oxiin/pico/pico-sdk/lib/tinyusb/src/device/usbd_control.c.obj
                0x000000001000a2c4                tud_control_status
 .text.tud_control_xfer
                0x000000001000a2f4       0xbc CMakeFiles/RP2040matrix.dir/home/oxiin/pico/pico-sdk/lib/tinyusb/src/device/usbd_control.c.obj
                0x000000001000a2f4                tud_control_xfer
 .text.usbd_control_reset
                0x000000001000a3b0       0x14 CMakeFiles/RP2040matrix.dir/home/oxiin/pico/pico-sdk/lib/tinyusb/src/device/usbd_control.c.obj
                0x000000001000a3b0                usbd_control_reset
 .text.usbd_control_set_complete_callback
                0x000000001000a3c4        0xc CMakeFiles/RP2040matrix.dir/home/oxiin/pico/pico-sdk/lib/tinyusb/src/device/usbd_control.c.obj
                0x000000001000a3c4                usbd_control_set_complete_callback
 .text.usbd_control_set_request
                0x000000001000a3d0       0x1c CMakeFiles/RP2040matrix.dir/home/oxiin/pico/pico-sdk/lib/tinyusb/src/device/usbd_control.c.obj
                0x000000001000a3d0                usbd_control_set_request
 .text.usbd_control_xfer_cb
                0x000000001000a3ec       0xfc CMakeFiles/RP2040matrix.dir/home/oxiin/pico/pico-sdk/lib/tinyusb/src/device/usbd_control.c.obj
                0x000000001000a3ec                usbd_control_xfer_cb
 .text.tud_cdc_n_connected
                0x000000001000a4e8       0x30 CMakeFiles/RP2040matrix.dir/home/oxiin/pico/pico-sdk/lib/tinyusb/src/class/cdc/cdc_device.c.obj
                0x000000001000a4e8                tud_cdc_n_connected
 .text.tud_cdc_n_available
                0x000000001000a518       0x18 CMakeFiles/RP2040matrix.dir/home/oxiin/pico/pico-sdk/lib/tinyusb/src/class/cdc/cdc_device.c.obj
                0x000000001000a518                tud_cdc_n_available
 .text.tud_cdc_n_read
                0x000000001000a530       0x70 CMakeFiles/RP2040matrix.dir/home/oxiin/pico/pico-sdk/lib/tinyusb/src/class/cdc/cdc_device.c.obj
                0x000000001000a530                tud_cdc_n_read
 .text.tud_cdc_n_write_flush
                0x000000001000a5a0       0x78 CMakeFiles/RP2040matrix.dir/home/oxiin/pico/pico-sdk/lib/tinyusb/src/class/cdc/cdc_device.c.obj
                0x000000001000a5a0                tud_cdc_n_write_flush
 .text.tud_cdc_n_write
                0x000000001000a618       0x34 CMakeFiles/RP2040matrix.dir/home/oxiin/pico/pico-sdk/lib/tinyusb/src/class/cdc/cdc_device.c.obj
                0x000000001000a618                tud_cdc_n_write
 .text.tud_cdc_n_write_available
                0x000000001000a64c       0x18 CMakeFiles/RP2040matrix.dir/home/oxiin/pico/pico-sdk/lib/tinyusb/src/class/cdc/cdc_device.c.obj
                0x000000001000a64c                tud_cdc_n_write_available
 .text.cdcd_init
                0x000000001000a664       0x7c CMakeFiles/RP2040matrix.dir/home/oxiin/pico/pico-sdk/lib/tinyusb/src/class/cdc/cdc_device.c.obj
                0x000000001000a664                cdcd_init
 .text.cdcd_reset
                0x000000001000a6e0       0x2c CMakeFiles/RP2040matrix.dir/home/oxiin/pico/pico-sdk/lib/tinyusb/src/class/cdc/cdc_device.c.obj
                0x000000001000a6e0                cdcd_reset
 .text.cdcd_open
                0x000000001000a70c       0xe4 CMakeFiles/RP2040matrix.dir/home/oxiin/pico/pico-sdk/lib/tinyusb/src/class/cdc/cdc_device.c.obj
                0x000000001000a70c                cdcd_open
 .text.cdcd_control_xfer_cb
                0x000000001000a7f0       0xe4 CMakeFiles/RP2040matrix.dir/home/oxiin/pico/pico-sdk/lib/tinyusb/src/class/cdc/cdc_device.c.obj
                0x000000001000a7f0                cdcd_control_xfer_cb
 .text.cdcd_xfer_cb
                0x000000001000a8d4      0x148 CMakeFiles/RP2040matrix.dir/home/oxiin/pico/pico-sdk/lib/tinyusb/src/class/cdc/cdc_device.c.obj
                0x000000001000a8d4                cdcd_xfer_cb
 .text.tusb_init
                0x000000001000aa1c        0xc CMakeFiles/RP2040matrix.dir/home/oxiin/pico/pico-sdk/lib/tinyusb/src/tusb.c.obj
                0x000000001000aa1c                tusb_init
 .text.tusb_inited
                0x000000001000aa28        0x8 CMakeFiles/RP2040matrix.dir/home/oxiin/pico/pico-sdk/lib/tinyusb/src/tusb.c.obj
                0x000000001000aa28                tusb_inited
 .text.tu_edpt_validate
                0x000000001000aa30       0x78 CMakeFiles/RP2040matrix.dir/home/oxiin/pico/pico-sdk/lib/tinyusb/src/tusb.c.obj
                0x000000001000aa30                tu_edpt_validate
 .text.tu_edpt_bind_driver
                0x000000001000aaa8       0x2c CMakeFiles/RP2040matrix.dir/home/oxiin/pico/pico-sdk/lib/tinyusb/src/tusb.c.obj
                0x000000001000aaa8                tu_edpt_bind_driver
 .text.tu_fifo_config
                0x000000001000aad4       0x78 CMakeFiles/RP2040matrix.dir/home/oxiin/pico/pico-sdk/lib/tinyusb/src/common/tusb_fifo.c.obj
                0x000000001000aad4                tu_fifo_config
 .text.tu_fifo_count
                0x000000001000ab4c       0x20 CMakeFiles/RP2040matrix.dir/home/oxiin/pico/pico-sdk/lib/tinyusb/src/common/tusb_fifo.c.obj
                0x000000001000ab4c                tu_fifo_count
 .text.tu_fifo_empty
                0x000000001000ab6c       0x10 CMakeFiles/RP2040matrix.dir/home/oxiin/pico/pico-sdk/lib/tinyusb/src/common/tusb_fifo.c.obj
                0x000000001000ab6c                tu_fifo_empty
 .text.tu_fifo_remaining
                0x000000001000ab7c       0x1c CMakeFiles/RP2040matrix.dir/home/oxiin/pico/pico-sdk/lib/tinyusb/src/common/tusb_fifo.c.obj
                0x000000001000ab7c                tu_fifo_remaining
 .text.tu_fifo_read
                0x000000001000ab98       0x9c CMakeFiles/RP2040matrix.dir/home/oxiin/pico/pico-sdk/lib/tinyusb/src/common/tusb_fifo.c.obj
                0x000000001000ab98                tu_fifo_read
 .text.tu_fifo_read_n
                0x000000001000ac34      0x100 CMakeFiles/RP2040matrix.dir/home/oxiin/pico/pico-sdk/lib/tinyusb/src/common/tusb_fifo.c.obj
                0x000000001000ac34                tu_fifo_read_n
 .text.tu_fifo_write
                0x000000001000ad34       0x7c CMakeFiles/RP2040matrix.dir/home/oxiin/pico/pico-sdk/lib/tinyusb/src/common/tusb_fifo.c.obj
                0x000000001000ad34                tu_fifo_write
 .text.tu_fifo_write_n
                0x000000001000adb0      0x100 CMakeFiles/RP2040matrix.dir/home/oxiin/pico/pico-sdk/lib/tinyusb/src/common/tusb_fifo.c.obj
                0x000000001000adb0                tu_fifo_write_n
 .text.tu_fifo_clear
                0x000000001000aeb0       0x4c CMakeFiles/RP2040matrix.dir/home/oxiin/pico/pico-sdk/lib/tinyusb/src/common/tusb_fifo.c.obj
                0x000000001000aeb0                tu_fifo_clear
 .text.tu_fifo_set_overwritable
                0x000000001000aefc       0x3c CMakeFiles/RP2040matrix.dir/home/oxiin/pico/pico-sdk/lib/tinyusb/src/common/tusb_fifo.c.obj
                0x000000001000aefc                tu_fifo_set_overwritable
 .text.startup._retrieve_unique_id_on_boot
                0x000000001000af38       0x10 CMakeFiles/RP2040matrix.dir/home/oxiin/pico/pico-sdk/src/rp2_common/pico_unique_id/unique_id.c.obj
 .text.pico_get_unique_board_id_string
                0x000000001000af48      0x1a8 CMakeFiles/RP2040matrix.dir/home/oxiin/pico/pico-sdk/src/rp2_common/pico_unique_id/unique_id.c.obj
                0x000000001000af48                pico_get_unique_board_id_string
 .text.flash_get_unique_id
                0x000000001000b0f0       0x40 CMakeFiles/RP2040matrix.dir/home/oxiin/pico/pico-sdk/src/rp2_common/hardware_flash/flash.c.obj
                0x000000001000b0f0                flash_get_unique_id
 .text          0x000000001000b130       0x18 /usr/lib/gcc/arm-none-eabi/10.3.1/../../../arm-none-eabi/lib/thumb/v6-m/nofp/libc.a(lib_a-calloc.o)
                0x000000001000b130                calloc
 .text          0x000000001000b148       0x5c /usr/lib/gcc/arm-none-eabi/10.3.1/../../../arm-none-eabi/lib/thumb/v6-m/nofp/libc.a(lib_a-callocr.o)
                0x000000001000b148                _calloc_r
 .text          0x000000001000b1a4       0x28 /usr/lib/gcc/arm-none-eabi/10.3.1/../../../arm-none-eabi/lib/thumb/v6-m/nofp/libc.a(lib_a-malloc.o)
                0x000000001000b1a4                malloc
                0x000000001000b1b8                free
 .text          0x000000001000b1cc      0x574 /usr/lib/gcc/arm-none-eabi/10.3.1/../../../arm-none-eabi/lib/thumb/v6-m/nofp/libc.a(lib_a-mallocr.o)
                0x000000001000b1cc                _malloc_r
 .text          0x000000001000b740        0x8 /usr/lib/gcc/arm-none-eabi/10.3.1/../../../arm-none-eabi/lib/thumb/v6-m/nofp/libc.a(lib_a-mlock.o)
                0x000000001000b740                __malloc_lock
                0x000000001000b744                __malloc_unlock
 .text          0x000000001000b748       0x48 /usr/lib/gcc/arm-none-eabi/10.3.1/../../../arm-none-eabi/lib/thumb/v6-m/nofp/libc.a(lib_a-random.o)
                0x000000001000b748                srandom
                0x000000001000b75c                random
 .text          0x000000001000b790       0x24 /usr/lib/gcc/arm-none-eabi/10.3.1/../../../arm-none-eabi/lib/thumb/v6-m/nofp/libc.a(lib_a-sbrkr.o)
                0x000000001000b790                _sbrk_r
 .text          0x000000001000b7b4       0x5c /usr/lib/gcc/arm-none-eabi/10.3.1/../../../arm-none-eabi/lib/thumb/v6-m/nofp/libc.a(lib_a-strlen-stub.o)
                0x000000001000b7b4                strlen
 .text          0x000000001000b810      0x260 /usr/lib/gcc/arm-none-eabi/10.3.1/../../../arm-none-eabi/lib/thumb/v6-m/nofp/libc.a(lib_a-freer.o)
                0x000000001000b810                _malloc_trim_r
                0x000000001000b8ac                _free_r
 *(.fini)
 .fini          0x000000001000ba70        0x4 /usr/lib/gcc/arm-none-eabi/10.3.1/thumb/v6-m/nofp/crti.o
                0x000000001000ba70                _fini
 *fill*         0x000000001000ba74        0x4 
 .fini.__stub   0x000000001000ba78       0x70 linker stubs
 *crtbegin.o(.ctors)
 *crtbegin?.o(.ctors)
 *(EXCLUDE_FILE(*crtend.o *crtend?.o) .ctors)
 *(SORT_BY_NAME(.ctors.*))
 *(.ctors)
 *crtbegin.o(.dtors)
 *crtbegin?.o(.dtors)
 *(EXCLUDE_FILE(*crtend.o *crtend?.o) .dtors)
 *(SORT_BY_NAME(.dtors.*))
 *(.dtors)
 *(.eh_frame*)
 .eh_frame      0x000000001000bae8        0x0 /usr/lib/gcc/arm-none-eabi/10.3.1/thumb/v6-m/nofp/crtbegin.o
                0x000000001000bae8                . = ALIGN (0x4)

.glue_7         0x000000001000bae8        0x0
 .glue_7        0x000000001000bae8        0x0 linker stubs

.glue_7t        0x000000001000bae8        0x0
 .glue_7t       0x000000001000bae8        0x0 linker stubs

.vfp11_veneer   0x000000001000bae8        0x0
 .vfp11_veneer  0x000000001000bae8        0x0 linker stubs

.v4_bx          0x000000001000bae8        0x0
 .v4_bx         0x000000001000bae8        0x0 linker stubs

.iplt           0x000000001000bae8        0x0
 .iplt          0x000000001000bae8        0x0 /usr/lib/gcc/arm-none-eabi/10.3.1/thumb/v6-m/nofp/crtbegin.o

.rodata         0x000000001000bae8      0x6dc
 *(EXCLUDE_FILE(*libm.a: *libc.a:*lib_a-mem*.o *libgcc.a:) .rodata*)
 .rodata.pongTask.str1.4
                0x000000001000bae8       0x2b CMakeFiles/RP2040matrix.dir/RP2040matrixDemo.c.obj
 *fill*         0x000000001000bb13        0x1 
 .rodata.app_main.str1.4
                0x000000001000bb14       0x26 CMakeFiles/RP2040matrix.dir/RP2040matrixDemo.c.obj
 *fill*         0x000000001000bb3a        0x2 
 .rodata.main.str1.4
                0x000000001000bb3c        0xa CMakeFiles/RP2040matrix.dir/RP2040matrixDemo.c.obj
 *fill*         0x000000001000bb46        0x2 
 .rodata.ps_64_ctrl_program
                0x000000001000bb48        0x6 CMakeFiles/RP2040matrix.dir/hub75.c.obj
 *fill*         0x000000001000bb4e        0x2 
 .rodata.ps_64_ctrl_program_instructions
                0x000000001000bb50       0x22 CMakeFiles/RP2040matrix.dir/hub75.c.obj
 *fill*         0x000000001000bb72        0x2 
 .rodata.ps_64_data_program
                0x000000001000bb74        0x6 CMakeFiles/RP2040matrix.dir/hub75.c.obj
 *fill*         0x000000001000bb7a        0x2 
 .rodata.ps_64_data_program_instructions
                0x000000001000bb7c       0x1e CMakeFiles/RP2040matrix.dir/hub75.c.obj
 *fill*         0x000000001000bb9a        0x2 
 .rodata.playPongGame.str1.4
                0x000000001000bb9c       0x4d CMakeFiles/RP2040matrix.dir/pong.c.obj
                                         0x65 (size before relaxing)
 *fill*         0x000000001000bbe9        0x3 
 .rodata.LEDmx_start.str1.4
                0x000000001000bbec        0xb CMakeFiles/RP2040matrix.dir/LEDmx.c.obj
 *fill*         0x000000001000bbf7        0x1 
 .rodata.pio_claim_unused_sm.str1.4
                0x000000001000bbf8       0x24 CMakeFiles/RP2040matrix.dir/home/oxiin/pico/pico-sdk/src/rp2_common/hardware_pio/pio.c.obj
 .rodata.pio_add_program.str1.4
                0x000000001000bc1c       0x11 CMakeFiles/RP2040matrix.dir/home/oxiin/pico/pico-sdk/src/rp2_common/hardware_pio/pio.c.obj
 *fill*         0x000000001000bc2d        0x3 
 .rodata.spin_lock_claim_unused.str1.4
                0x000000001000bc30       0x1b CMakeFiles/RP2040matrix.dir/home/oxiin/pico/pico-sdk/src/rp2_common/hardware_sync/sync.c.obj
 *fill*         0x000000001000bc4b        0x1 
 .rodata.user_irq_claim_unused.str1.4
                0x000000001000bc4c       0x1b CMakeFiles/RP2040matrix.dir/home/oxiin/pico/pico-sdk/src/rp2_common/hardware_irq/irq.c.obj
 *fill*         0x000000001000bc67        0x1 
 .rodata.hardware_alarm_claim.str1.4
                0x000000001000bc68       0x22 CMakeFiles/RP2040matrix.dir/home/oxiin/pico/pico-sdk/src/rp2_common/hardware_timer/timer.c.obj
 *fill*         0x000000001000bc8a        0x2 
 .rodata.dma_claim_unused_channel.str1.4
                0x000000001000bc8c       0x1e CMakeFiles/RP2040matrix.dir/home/oxiin/pico/pico-sdk/src/rp2_common/hardware_dma/dma.c.obj
 *fill*         0x000000001000bcaa        0x2 
 .rodata.prvTimerTask
                0x000000001000bcac       0x28 CMakeFiles/RP2040matrix.dir/home/oxiin/pico/FreeRTOS/FreeRTOS/Source/timers.c.obj
 .rodata.xTimerCreateTimerTask.str1.4
                0x000000001000bcd4       0x10 CMakeFiles/RP2040matrix.dir/home/oxiin/pico/FreeRTOS/FreeRTOS/Source/timers.c.obj
 .rodata.panic.str1.4
                0x000000001000bce4       0x10 CMakeFiles/RP2040matrix.dir/home/oxiin/pico/pico-sdk/src/rp2_common/pico_runtime/runtime.c.obj
                                         0x12 (size before relaxing)
 .rodata.panic_unsupported.str1.4
                0x000000001000bcf4        0xe CMakeFiles/RP2040matrix.dir/home/oxiin/pico/pico-sdk/src/rp2_common/pico_runtime/runtime.c.obj
 *fill*         0x000000001000bd02        0x2 
 .rodata.hard_assertion_failure.str1.4
                0x000000001000bd04        0xc CMakeFiles/RP2040matrix.dir/home/oxiin/pico/pico-sdk/src/rp2_common/pico_runtime/runtime.c.obj
 .rodata._ftoa.str1.4
                0x000000001000bd10       0x15 CMakeFiles/RP2040matrix.dir/home/oxiin/pico/pico-sdk/src/rp2_common/pico_printf/printf.c.obj
 *fill*         0x000000001000bd25        0x3 
 .rodata._vsnprintf
                0x000000001000bd28      0x1e0 CMakeFiles/RP2040matrix.dir/home/oxiin/pico/pico-sdk/src/rp2_common/pico_printf/printf.c.obj
 .rodata.pow10.0
                0x000000001000bf08       0x50 CMakeFiles/RP2040matrix.dir/home/oxiin/pico/pico-sdk/src/rp2_common/pico_printf/printf.c.obj
 .rodata.__wrap_malloc.str1.4
                0x000000001000bf58        0xe CMakeFiles/RP2040matrix.dir/home/oxiin/pico/pico-sdk/src/rp2_common/pico_malloc/pico_malloc.c.obj
 *fill*         0x000000001000bf66        0x2 
 .rodata.str1.4
                0x000000001000bf68       0x44 CMakeFiles/RP2040matrix.dir/home/oxiin/pico/pico-sdk/src/rp2_common/pico_standard_link/binary_info.c.obj
 .rodata.__bi_44
                0x000000001000bfac        0xc CMakeFiles/RP2040matrix.dir/home/oxiin/pico/pico-sdk/src/rp2_common/pico_standard_link/binary_info.c.obj
 .rodata.__bi_75
                0x000000001000bfb8        0xc CMakeFiles/RP2040matrix.dir/home/oxiin/pico/pico-sdk/src/rp2_common/pico_standard_link/binary_info.c.obj
 .rodata.__bi_81
                0x000000001000bfc4        0xc CMakeFiles/RP2040matrix.dir/home/oxiin/pico/pico-sdk/src/rp2_common/pico_standard_link/binary_info.c.obj
 .rodata.crlf_str.0
                0x000000001000bfd0        0x2 CMakeFiles/RP2040matrix.dir/home/oxiin/pico/pico-sdk/src/rp2_common/pico_stdio/stdio.c.obj
 *fill*         0x000000001000bfd2        0x2 
 .rodata._resetd_driver
                0x000000001000bfd4       0x18 CMakeFiles/RP2040matrix.dir/home/oxiin/pico/pico-sdk/src/rp2_common/pico_stdio_usb/reset_interface.c.obj
 .rodata.str1.4
                0x000000001000bfec       0x13 CMakeFiles/RP2040matrix.dir/home/oxiin/pico/pico-sdk/src/rp2_common/pico_stdio_usb/stdio_usb.c.obj
 *fill*         0x000000001000bfff        0x1 
 .rodata.__bi_118.0
                0x000000001000c000        0xc CMakeFiles/RP2040matrix.dir/home/oxiin/pico/pico-sdk/src/rp2_common/pico_stdio_usb/stdio_usb.c.obj
 .rodata.str1.4
                0x000000001000c00c       0x2a CMakeFiles/RP2040matrix.dir/home/oxiin/pico/pico-sdk/src/rp2_common/pico_stdio_usb/stdio_usb_descriptors.c.obj
 *fill*         0x000000001000c036        0x2 
 .rodata.usbd_desc_cfg
                0x000000001000c038       0x54 CMakeFiles/RP2040matrix.dir/home/oxiin/pico/pico-sdk/src/rp2_common/pico_stdio_usb/stdio_usb_descriptors.c.obj
 .rodata.usbd_desc_device
                0x000000001000c08c       0x12 CMakeFiles/RP2040matrix.dir/home/oxiin/pico/pico-sdk/src/rp2_common/pico_stdio_usb/stdio_usb_descriptors.c.obj
 *fill*         0x000000001000c09e        0x2 
 .rodata.usbd_desc_str
                0x000000001000c0a0       0x18 CMakeFiles/RP2040matrix.dir/home/oxiin/pico/pico-sdk/src/rp2_common/pico_stdio_usb/stdio_usb_descriptors.c.obj
 .rodata.dcd_rp2040_irq.str1.4
                0x000000001000c0b8       0x14 CMakeFiles/RP2040matrix.dir/home/oxiin/pico/pico-sdk/lib/tinyusb/src/portable/raspberrypi/rp2040/dcd_rp2040.c.obj
 .rodata._hw_endpoint_buffer_control_update32.part.0.isra.0.str1.4
                0x000000001000c0cc       0x1f CMakeFiles/RP2040matrix.dir/home/oxiin/pico/pico-sdk/lib/tinyusb/src/portable/raspberrypi/rp2040/rp2040_usb.c.obj
 *fill*         0x000000001000c0eb        0x1 
 .rodata.hw_endpoint_xfer_continue.str1.4
                0x000000001000c0ec       0x29 CMakeFiles/RP2040matrix.dir/home/oxiin/pico/pico-sdk/lib/tinyusb/src/portable/raspberrypi/rp2040/rp2040_usb.c.obj
 *fill*         0x000000001000c115        0x3 
 .rodata.str1.4
                0x000000001000c118        0x7 CMakeFiles/RP2040matrix.dir/home/oxiin/pico/pico-sdk/lib/tinyusb/src/portable/raspberrypi/rp2040/rp2040_usb.c.obj
 *fill*         0x000000001000c11f        0x1 
 .rodata.tud_task
                0x000000001000c120       0x8c CMakeFiles/RP2040matrix.dir/home/oxiin/pico/pico-sdk/lib/tinyusb/src/device/usbd.c.obj
 .rodata._usbd_driver
                0x000000001000c1ac       0x18 CMakeFiles/RP2040matrix.dir/home/oxiin/pico/pico-sdk/lib/tinyusb/src/device/usbd.c.obj
                0x000000001000c1c4                . = ALIGN (0x4)
 *(SORT_BY_ALIGNMENT(SORT_BY_NAME(.flashdata*)))
                0x000000001000c1c4                . = ALIGN (0x4)

.rel.dyn        0x000000001000c1c4        0x0
 .rel.iplt      0x000000001000c1c4        0x0 /usr/lib/gcc/arm-none-eabi/10.3.1/thumb/v6-m/nofp/crtbegin.o

.ARM.extab
 *(.ARM.extab* .gnu.linkonce.armextab.*)
                0x000000001000c1c4                __exidx_start = .

.ARM.exidx
 *(.ARM.exidx* .gnu.linkonce.armexidx.*)
                0x000000001000c1c4                __exidx_end = .
                0x000000001000c1c4                . = ALIGN (0x4)
                0x000000001000c1c4                __binary_info_start = .

.binary_info    0x000000001000c1c4       0x20
 *(.binary_info.keep.*)
 .binary_info.keep.__bi_ptr22
                0x000000001000c1c4        0x4 CMakeFiles/RP2040matrix.dir/home/oxiin/pico/pico-sdk/src/rp2_common/pico_standard_link/binary_info.c.obj
 .binary_info.keep.__bi_ptr30
                0x000000001000c1c8        0x4 CMakeFiles/RP2040matrix.dir/home/oxiin/pico/pico-sdk/src/rp2_common/pico_standard_link/binary_info.c.obj
 .binary_info.keep.__bi_ptr38
                0x000000001000c1cc        0x4 CMakeFiles/RP2040matrix.dir/home/oxiin/pico/pico-sdk/src/rp2_common/pico_standard_link/binary_info.c.obj
 .binary_info.keep.__bi_ptr44
                0x000000001000c1d0        0x4 CMakeFiles/RP2040matrix.dir/home/oxiin/pico/pico-sdk/src/rp2_common/pico_standard_link/binary_info.c.obj
 .binary_info.keep.__bi_ptr50
                0x000000001000c1d4        0x4 CMakeFiles/RP2040matrix.dir/home/oxiin/pico/pico-sdk/src/rp2_common/pico_standard_link/binary_info.c.obj
 .binary_info.keep.__bi_ptr75
                0x000000001000c1d8        0x4 CMakeFiles/RP2040matrix.dir/home/oxiin/pico/pico-sdk/src/rp2_common/pico_standard_link/binary_info.c.obj
 .binary_info.keep.__bi_ptr81
                0x000000001000c1dc        0x4 CMakeFiles/RP2040matrix.dir/home/oxiin/pico/pico-sdk/src/rp2_common/pico_standard_link/binary_info.c.obj
 *(.binary_info.*)
 .binary_info.__bi_ptr118
                0x000000001000c1e0        0x4 CMakeFiles/RP2040matrix.dir/home/oxiin/pico/pico-sdk/src/rp2_common/pico_stdio_usb/stdio_usb.c.obj
                0x000000001000c1e4                __binary_info_end = .
                0x000000001000c1e4                . = ALIGN (0x4)
                0x000000001000c1e4                __etext = .

.ram_vector_table
                0x0000000020000000       0xc0
 *(.ram_vector_table)
 .ram_vector_table
                0x0000000020000000       0xc0 CMakeFiles/RP2040matrix.dir/home/oxiin/pico/pico-sdk/src/rp2_common/pico_runtime/runtime.c.obj
                0x0000000020000000                ram_vector_table

.data           0x00000000200000c0      0xc1c load address 0x000000001000c1e4
                0x00000000200000c0                __data_start__ = .
 *(vtable)
 *(.time_critical*)
 .time_critical.mutex_enter_blocking
                0x00000000200000c0       0x3c CMakeFiles/RP2040matrix.dir/home/oxiin/pico/pico-sdk/src/common/pico_sync/mutex.c.obj
                0x00000000200000c0                mutex_enter_blocking
 .time_critical.mutex_try_enter
                0x00000000200000fc       0x44 CMakeFiles/RP2040matrix.dir/home/oxiin/pico/pico-sdk/src/common/pico_sync/mutex.c.obj
                0x00000000200000fc                mutex_try_enter
 .time_critical.mutex_enter_timeout_ms
                0x0000000020000140       0x88 CMakeFiles/RP2040matrix.dir/home/oxiin/pico/pico-sdk/src/common/pico_sync/mutex.c.obj
                0x0000000020000140                mutex_enter_timeout_ms
 .time_critical.mutex_exit
                0x00000000200001c8       0x20 CMakeFiles/RP2040matrix.dir/home/oxiin/pico/pico-sdk/src/common/pico_sync/mutex.c.obj
                0x00000000200001c8                mutex_exit
 .time_critical.flash_init_boot2_copyout
                0x00000000200001e8       0x30 CMakeFiles/RP2040matrix.dir/home/oxiin/pico/pico-sdk/src/rp2_common/hardware_flash/flash.c.obj
 .time_critical.flash_enable_xip_via_boot2
                0x0000000020000218       0x10 CMakeFiles/RP2040matrix.dir/home/oxiin/pico/pico-sdk/src/rp2_common/hardware_flash/flash.c.obj
 .time_critical.flash_cs_force
                0x0000000020000228       0x38 CMakeFiles/RP2040matrix.dir/home/oxiin/pico/pico-sdk/src/rp2_common/hardware_flash/flash.c.obj
 .time_critical.flash_do_cmd
                0x0000000020000260       0xc4 CMakeFiles/RP2040matrix.dir/home/oxiin/pico/pico-sdk/src/rp2_common/hardware_flash/flash.c.obj
                0x0000000020000260                flash_do_cmd
 *(.text*)
 .text          0x0000000020000324        0x4 /usr/lib/gcc/arm-none-eabi/10.3.1/thumb/v6-m/nofp/libgcc.a(_dvmd_tls.o)
                0x0000000020000324                __aeabi_ldiv0
                0x0000000020000324                __aeabi_idiv0
 .text.__stub   0x0000000020000328       0x60 linker stubs
                0x0000000020000388                . = ALIGN (0x4)
 *(.rodata*)
                0x0000000020000388                . = ALIGN (0x4)
 *(.data*)
 .data.bitPlanes
                0x0000000020000388        0x2 CMakeFiles/RP2040matrix.dir/hub75.c.obj
                0x0000000020000388                bitPlanes
 *fill*         0x000000002000038a        0x2 
 .data.ledmxActiveImage
                0x000000002000038c        0x4 CMakeFiles/RP2040matrix.dir/LEDmx.c.obj
                0x000000002000038c                ledmxActiveImage
 .data.striped_spin_lock_num
                0x0000000020000390        0x1 CMakeFiles/RP2040matrix.dir/home/oxiin/pico/pico-sdk/src/rp2_common/hardware_sync/sync.c.obj
 *fill*         0x0000000020000391        0x3 
 .data          0x0000000020000394       0x48 CMakeFiles/RP2040matrix.dir/home/oxiin/pico/pico-sdk/src/rp2_common/hardware_irq/irq_handler_chain.S.obj
                0x0000000020000394                irq_handler_chain_slots
                0x00000000200003c4                irq_handler_chain_first_slot
                0x00000000200003ce                irq_handler_chain_remove_tail
 .data.default_alarm_pool
                0x00000000200003dc       0x18 CMakeFiles/RP2040matrix.dir/home/oxiin/pico/pico-sdk/src/common/pico_time/time.c.obj
 .data.default_alarm_pool_heap
                0x00000000200003f4       0x10 CMakeFiles/RP2040matrix.dir/home/oxiin/pico/pico-sdk/src/common/pico_time/time.c.obj
 .data.ucLaunchCoreNum
                0x0000000020000404        0x1 CMakeFiles/RP2040matrix.dir/home/oxiin/pico/FreeRTOS/FreeRTOS/Source/portable/ThirdParty/GCC/RP2040/port.c.obj
 *fill*         0x0000000020000405        0x3 
 .data.uxTopUsedPriority
                0x0000000020000408        0x4 CMakeFiles/RP2040matrix.dir/home/oxiin/pico/FreeRTOS/FreeRTOS/Source/tasks.c.obj
                0x0000000020000408                uxTopUsedPriority
 *fill*         0x000000002000040c        0x4 
 .data.aeabi_bits_funcs
                0x0000000020000410       0x10 CMakeFiles/RP2040matrix.dir/home/oxiin/pico/pico-sdk/src/rp2_common/pico_bit_ops/bit_ops_aeabi.S.obj
                0x0000000020000410                aeabi_bits_funcs
                0x0000000020000420                aeabi_bits_funcs_end
 .data.aeabi_mem_funcs
                0x0000000020000420       0x10 CMakeFiles/RP2040matrix.dir/home/oxiin/pico/pico-sdk/src/rp2_common/pico_mem_ops/mem_ops_aeabi.S.obj
                0x0000000020000420                aeabi_mem_funcs
                0x0000000020000430                aeabi_mem_funcs_end
 .data.stdio_usb
                0x0000000020000430       0x14 CMakeFiles/RP2040matrix.dir/home/oxiin/pico/pico-sdk/src/rp2_common/pico_stdio_usb/stdio_usb.c.obj
                0x0000000020000430                stdio_usb
 .data.ep_dir_string
                0x0000000020000444        0x8 CMakeFiles/RP2040matrix.dir/home/oxiin/pico/pico-sdk/lib/tinyusb/src/portable/raspberrypi/rp2040/rp2040_usb.c.obj
                0x0000000020000444                ep_dir_string
 .data._usbd_qdef
                0x000000002000044c       0x24 CMakeFiles/RP2040matrix.dir/home/oxiin/pico/pico-sdk/lib/tinyusb/src/device/usbd.c.obj
                0x000000002000044c                _usbd_qdef
 .data          0x0000000020000470      0x430 /usr/lib/gcc/arm-none-eabi/10.3.1/../../../arm-none-eabi/lib/thumb/v6-m/nofp/libc.a(lib_a-impure.o)
                0x0000000020000470                _impure_ptr
 .data          0x00000000200008a0      0x410 /usr/lib/gcc/arm-none-eabi/10.3.1/../../../arm-none-eabi/lib/thumb/v6-m/nofp/libc.a(lib_a-mallocr.o)
                0x00000000200008a0                __malloc_sbrk_base
                0x00000000200008a4                __malloc_trim_threshold
                0x00000000200008a8                __malloc_av_
                0x0000000020000cb0                . = ALIGN (0x4)
 *(.after_data.*)
                0x0000000020000cb0                . = ALIGN (0x4)
                0x0000000020000cb0                PROVIDE (__mutex_array_start = .)
 *(SORT_BY_NAME(.mutex_array.*))
 *(.mutex_array)
 .mutex_array   0x0000000020000cb0        0x8 CMakeFiles/RP2040matrix.dir/home/oxiin/pico/pico-sdk/src/rp2_common/pico_malloc/pico_malloc.c.obj
 .mutex_array   0x0000000020000cb8        0x8 CMakeFiles/RP2040matrix.dir/home/oxiin/pico/pico-sdk/src/rp2_common/pico_stdio/stdio.c.obj
                0x0000000020000cc0                PROVIDE (__mutex_array_end = .)
                0x0000000020000cc0                . = ALIGN (0x4)
                0x0000000020000cc0                PROVIDE (__preinit_array_start = .)
 *(SORT_BY_NAME(.preinit_array.*))
 .preinit_array.00001
                0x0000000020000cc0        0x4 CMakeFiles/RP2040matrix.dir/home/oxiin/pico/pico-sdk/src/rp2_common/pico_mem_ops/mem_ops_aeabi.S.obj
 .preinit_array.00010
                0x0000000020000cc4        0x4 CMakeFiles/RP2040matrix.dir/home/oxiin/pico/pico-sdk/src/rp2_common/pico_bit_ops/bit_ops_aeabi.S.obj
 .preinit_array.00020